17:38:00 **** Incremental Build of configuration Debug for project freertos_example2 ****
make -j12 all 
arm-none-eabi-gcc "../src/BSP/bsp_usart.c" -mcpu=cortex-m7 -std=gnu11 -g3 -DDEBUG -DSTM32F746xx -DUSE_FULL_LL_DRIVER -DHSE_VALUE=25000000 -DHSE_STARTUP_TIMEOUT=100 -DLSE_STARTUP_TIMEOUT=5000 -DLSE_VALUE=32768 -DEXTERNAL_CLOCK_VALUE=12288000 -DHSI_VALUE=16000000 -DLSI_VALUE=32000 -DVDD_VALUE=3300 -DPREFETCH_ENABLE=0 -DART_ACCELERATOR_ENABLE=0 -c -I../Core/Inc -I../Drivers/STM32F7xx_HAL_Driver/Inc -I../Drivers/CMSIS/Device/ST/STM32F7xx/Include -I../Drivers/CMSIS/Include -I../Middlewares/Third_Party/FreeRTOS/Source/include -I../Middlewares/Third_Party/FreeRTOS/Source/CMSIS_RTOS_V2 -I../Middlewares/Third_Party/FreeRTOS/Source/portable/GCC/ARM_CM7/r0p1 -I"D:/PROJECT/BOOK_EXAMPLE/Book_Example_Repos/Source/freertos_example2/Middlewares/Third_Party/printf" -I"D:/PROJECT/BOOK_EXAMPLE/Book_Example_Repos/Source/freertos_example2/src/BSP" -O0 -ffunction-sections -fdata-sections -Wall -fstack-usage -fcyclomatic-complexity -MMD -MP -MF"src/BSP/bsp_usart.d" -MT"src/BSP/bsp_usart.o" --specs=nano.specs -mfpu=fpv5-sp-d16 -mfloat-abi=hard -mthumb -o "src/BSP/bsp_usart.o"
arm-none-eabi-gcc -o "freertos_example2.elf" @"objects.list"   -mcpu=cortex-m7 -T"D:\PROJECT\BOOK_EXAMPLE\Book_Example_Repos\Source\freertos_example2\STM32F746NGHX_FLASH.ld" --specs=nosys.specs -Wl,-Map="freertos_example2.map" -Wl,--gc-sections -static --specs=nano.specs -mfpu=fpv5-sp-d16 -mfloat-abi=hard -mthumb -Wl,--start-group -lc -lm -Wl,--end-group
Finished building target: freertos_example2.elf
 
arm-none-eabi-size  freertos_example2.elf 
arm-none-eabi-objdump -h -S freertos_example2.elf  > "freertos_example2.list"
   text	   data	    bss	    dec	    hex	filename
  27968	      8	  20328	  48304	   bcb0	freertos_example2.elf
Finished building: default.size.stdout
 
Finished building: freertos_example2.list
 
17:38:09 **** Incremental Build of configuration Debug for project freertos_example2 ****
make -j12 all 
arm-none-eabi-size  freertos_example2.elf 
   text	   data	    bss	    dec	    hex	filename
  27968	      8	  20328	  48304	   bcb0	freertos_example2.elf
Finished building: default.size.stdout
 
15:05:08 **** Clean-only build of configuration Debug for project 0_test_example ****
make -j12 clean 
rm -rf ./Startup/startup_stm32f407vgtx.d ./Startup/startup_stm32f407vgtx.o
rm -rf ./Src/main.cyclo ./Src/main.d ./Src/main.o ./Src/main.su ./Src/syscalls.cyclo ./Src/syscalls.d ./Src/syscalls.o ./Src/syscalls.su ./Src/sysmem.cyclo ./Src/sysmem.d ./Src/sysmem.o ./Src/sysmem.su
rm -rf 0_test_example.elf 0_test_example.list 0_test_example.map default.size.stdout
 
15:05:09 **** Clean-only build of configuration Debug for project chapter10_example1 ****
make -j12 clean 
rm -rf ./Src/MiddleWare/container/ring_buf.cyclo ./Src/MiddleWare/container/ring_buf.d ./Src/MiddleWare/container/ring_buf.o ./Src/MiddleWare/container/ring_buf.su
rm -rf ./Src/MiddleWare/Console/console.cyclo ./Src/MiddleWare/Console/console.d ./Src/MiddleWare/Console/console.o ./Src/MiddleWare/Console/console.su
rm -rf ./Src/MiddleWare/Common/atomic.cyclo ./Src/MiddleWare/Common/atomic.d ./Src/MiddleWare/Common/atomic.o ./Src/MiddleWare/Common/atomic.su
rm -rf ./Src/Driver/Devices/ds3234/ds3234.cyclo ./Src/Driver/Devices/ds3234/ds3234.d ./Src/Driver/Devices/ds3234/ds3234.o ./Src/Driver/Devices/ds3234/ds3234.su
rm -rf ./Src/Driver/Components/spi/spi_io.cyclo ./Src/Driver/Components/spi/spi_io.d ./Src/Driver/Components/spi/spi_io.o ./Src/Driver/Components/spi/spi_io.su
rm -rf ./Src/Driver/Components/dio/di.cyclo ./Src/Driver/Components/dio/di.d ./Src/Driver/Components/dio/di.o ./Src/Driver/Components/dio/di.su ./Src/Driver/Components/dio/do.cyclo ./Src/Driver/Components/dio/do.d ./Src/Driver/Components/dio/do.o ./Src/Driver/Components/dio/do.su
rm -rf ./Src/Driver/Components/Usart/usart_io.cyclo ./Src/Driver/Components/Usart/usart_io.d ./Src/Driver/Components/Usart/usart_io.o ./Src/Driver/Components/Usart/usart_io.su
rm -rf ./Src/BSP/BSP_Water_Sensor/bsp_water.cyclo ./Src/BSP/BSP_Water_Sensor/bsp_water.d ./Src/BSP/BSP_Water_Sensor/bsp_water.o ./Src/BSP/BSP_Water_Sensor/bsp_water.su
rm -rf ./Src/BSP/BSP_USART/bsp_uart.cyclo ./Src/BSP/BSP_USART/bsp_uart.d ./Src/BSP/BSP_USART/bsp_uart.o ./Src/BSP/BSP_USART/bsp_uart.su
rm -rf ./Src/BSP/BSP_RTC/bsp_rtc.cyclo ./Src/BSP/BSP_RTC/bsp_rtc.d ./Src/BSP/BSP_RTC/bsp_rtc.o ./Src/BSP/BSP_RTC/bsp_rtc.su
rm -rf ./Src/BSP/BSP_Led/bsp_led.cyclo ./Src/BSP/BSP_Led/bsp_led.d ./Src/BSP/BSP_Led/bsp_led.o ./Src/BSP/BSP_Led/bsp_led.su
rm -rf ./Src/App/app_main.cyclo ./Src/App/app_main.d ./Src/App/app_main.o ./Src/App/app_main.su ./Src/App/app_water_control.cyclo ./Src/App/app_water_control.d ./Src/App/app_water_control.o ./Src/App/app_water_control.su
rm -rf ./Drivers/STM32F4xx_HAL_Driver/Src/stm32f4xx_ll_dma.cyclo ./Drivers/STM32F4xx_HAL_Driver/Src/stm32f4xx_ll_dma.d ./Drivers/STM32F4xx_HAL_Driver/Src/stm32f4xx_ll_dma.o ./Drivers/STM32F4xx_HAL_Driver/Src/stm32f4xx_ll_dma.su ./Drivers/STM32F4xx_HAL_Driver/Src/stm32f4xx_ll_exti.cyclo ./Drivers/STM32F4xx_HAL_Driver/Src/stm32f4xx_ll_exti.d ./Drivers/STM32F4xx_HAL_Driver/Src/stm32f4xx_ll_exti.o ./Drivers/STM32F4xx_HAL_Driver/Src/stm32f4xx_ll_exti.su ./Drivers/STM32F4xx_HAL_Driver/Src/stm32f4xx_ll_gpio.cyclo ./Drivers/STM32F4xx_HAL_Driver/Src/stm32f4xx_ll_gpio.d ./Drivers/STM32F4xx_HAL_Driver/Src/stm32f4xx_ll_gpio.o ./Drivers/STM32F4xx_HAL_Driver/Src/stm32f4xx_ll_gpio.su ./Drivers/STM32F4xx_HAL_Driver/Src/stm32f4xx_ll_rcc.cyclo ./Drivers/STM32F4xx_HAL_Driver/Src/stm32f4xx_ll_rcc.d ./Drivers/STM32F4xx_HAL_Driver/Src/stm32f4xx_ll_rcc.o ./Drivers/STM32F4xx_HAL_Driver/Src/stm32f4xx_ll_rcc.su ./Drivers/STM32F4xx_HAL_Driver/Src/stm32f4xx_ll_spi.cyclo ./Drivers/STM32F4xx_HAL_Driver/Src/stm32f4xx_ll_spi.d ./Drivers/STM32F4xx_HAL_Driver/Src/stm32f4xx_ll_spi.o ./Drivers/STM32F4xx_HAL_Driver/Src/stm32f4xx_ll_spi.su ./Drivers/STM32F4xx_HAL_Driver/Src/stm32f4xx_ll_usart.cyclo ./Drivers/STM32F4xx_HAL_Driver/Src/stm32f4xx_ll_usart.d ./Drivers/STM32F4xx_HAL_Driver/Src/stm32f4xx_ll_usart.o ./Drivers/STM32F4xx_HAL_Driver/Src/stm32f4xx_ll_usart.su ./Drivers/STM32F4xx_HAL_Driver/Src/stm32f4xx_ll_utils.cyclo ./Drivers/STM32F4xx_HAL_Driver/Src/stm32f4xx_ll_utils.d ./Drivers/STM32F4xx_HAL_Driver/Src/stm32f4xx_ll_utils.o ./Drivers/STM32F4xx_HAL_Driver/Src/stm32f4xx_ll_utils.su
rm -rf ./Core/Startup/startup_stm32f407vgtx.d ./Core/Startup/startup_stm32f407vgtx.o
rm -rf ./Core/Src/main.cyclo ./Core/Src/main.d ./Core/Src/main.o ./Core/Src/main.su ./Core/Src/stm32f4xx_it.cyclo ./Core/Src/stm32f4xx_it.d ./Core/Src/stm32f4xx_it.o ./Core/Src/stm32f4xx_it.su ./Core/Src/syscalls.cyclo ./Core/Src/syscalls.d ./Core/Src/syscalls.o ./Core/Src/syscalls.su ./Core/Src/sysmem.cyclo ./Core/Src/sysmem.d ./Core/Src/sysmem.o ./Core/Src/sysmem.su ./Core/Src/system_stm32f4xx.cyclo ./Core/Src/system_stm32f4xx.d ./Core/Src/system_stm32f4xx.o ./Core/Src/system_stm32f4xx.su
rm -rf chapter10_example1.elf chapter10_example1.hex chapter10_example1.list chapter10_example1.map default.size.stdout
 
15:05:10 **** Clean-only build of configuration Debug for project chapter10_example2 ****
make -j12 clean 
rm -rf ./Src/MiddleWare/container/ring_buf.cyclo ./Src/MiddleWare/container/ring_buf.d ./Src/MiddleWare/container/ring_buf.o ./Src/MiddleWare/container/ring_buf.su
rm -rf ./Src/MiddleWare/Console/console.cyclo ./Src/MiddleWare/Console/console.d ./Src/MiddleWare/Console/console.o ./Src/MiddleWare/Console/console.su
rm -rf ./Src/MiddleWare/Common/atomic.cyclo ./Src/MiddleWare/Common/atomic.d ./Src/MiddleWare/Common/atomic.o ./Src/MiddleWare/Common/atomic.su
rm -rf ./Src/Driver/Devices/ds3234/ds3234.cyclo ./Src/Driver/Devices/ds3234/ds3234.d ./Src/Driver/Devices/ds3234/ds3234.o ./Src/Driver/Devices/ds3234/ds3234.su
rm -rf ./Src/Driver/Components/spi/spi_io.cyclo ./Src/Driver/Components/spi/spi_io.d ./Src/Driver/Components/spi/spi_io.o ./Src/Driver/Components/spi/spi_io.su
rm -rf ./Src/Driver/Components/dio/di.cyclo ./Src/Driver/Components/dio/di.d ./Src/Driver/Components/dio/di.o ./Src/Driver/Components/dio/di.su ./Src/Driver/Components/dio/do.cyclo ./Src/Driver/Components/dio/do.d ./Src/Driver/Components/dio/do.o ./Src/Driver/Components/dio/do.su
rm -rf ./Src/Driver/Components/Usart/usart_io.cyclo ./Src/Driver/Components/Usart/usart_io.d ./Src/Driver/Components/Usart/usart_io.o ./Src/Driver/Components/Usart/usart_io.su
rm -rf ./Src/BSP/BSP_Water_Sensor/bsp_water.cyclo ./Src/BSP/BSP_Water_Sensor/bsp_water.d ./Src/BSP/BSP_Water_Sensor/bsp_water.o ./Src/BSP/BSP_Water_Sensor/bsp_water.su
rm -rf ./Src/BSP/BSP_USART/bsp_uart.cyclo ./Src/BSP/BSP_USART/bsp_uart.d ./Src/BSP/BSP_USART/bsp_uart.o ./Src/BSP/BSP_USART/bsp_uart.su
rm -rf ./Src/BSP/BSP_RTC/bsp_rtc.cyclo ./Src/BSP/BSP_RTC/bsp_rtc.d ./Src/BSP/BSP_RTC/bsp_rtc.o ./Src/BSP/BSP_RTC/bsp_rtc.su
rm -rf ./Src/BSP/BSP_Led/bsp_led.cyclo ./Src/BSP/BSP_Led/bsp_led.d ./Src/BSP/BSP_Led/bsp_led.o ./Src/BSP/BSP_Led/bsp_led.su
rm -rf ./Src/App/app_main.cyclo ./Src/App/app_main.d ./Src/App/app_main.o ./Src/App/app_main.su ./Src/App/app_water_control.cyclo ./Src/App/app_water_control.d ./Src/App/app_water_control.o ./Src/App/app_water_control.su
rm -rf ./Drivers/STM32F4xx_HAL_Driver/Src/stm32f4xx_ll_dma.cyclo ./Drivers/STM32F4xx_HAL_Driver/Src/stm32f4xx_ll_dma.d ./Drivers/STM32F4xx_HAL_Driver/Src/stm32f4xx_ll_dma.o ./Drivers/STM32F4xx_HAL_Driver/Src/stm32f4xx_ll_dma.su ./Drivers/STM32F4xx_HAL_Driver/Src/stm32f4xx_ll_exti.cyclo ./Drivers/STM32F4xx_HAL_Driver/Src/stm32f4xx_ll_exti.d ./Drivers/STM32F4xx_HAL_Driver/Src/stm32f4xx_ll_exti.o ./Drivers/STM32F4xx_HAL_Driver/Src/stm32f4xx_ll_exti.su ./Drivers/STM32F4xx_HAL_Driver/Src/stm32f4xx_ll_gpio.cyclo ./Drivers/STM32F4xx_HAL_Driver/Src/stm32f4xx_ll_gpio.d ./Drivers/STM32F4xx_HAL_Driver/Src/stm32f4xx_ll_gpio.o ./Drivers/STM32F4xx_HAL_Driver/Src/stm32f4xx_ll_gpio.su ./Drivers/STM32F4xx_HAL_Driver/Src/stm32f4xx_ll_rcc.cyclo ./Drivers/STM32F4xx_HAL_Driver/Src/stm32f4xx_ll_rcc.d ./Drivers/STM32F4xx_HAL_Driver/Src/stm32f4xx_ll_rcc.o ./Drivers/STM32F4xx_HAL_Driver/Src/stm32f4xx_ll_rcc.su ./Drivers/STM32F4xx_HAL_Driver/Src/stm32f4xx_ll_spi.cyclo ./Drivers/STM32F4xx_HAL_Driver/Src/stm32f4xx_ll_spi.d ./Drivers/STM32F4xx_HAL_Driver/Src/stm32f4xx_ll_spi.o ./Drivers/STM32F4xx_HAL_Driver/Src/stm32f4xx_ll_spi.su ./Drivers/STM32F4xx_HAL_Driver/Src/stm32f4xx_ll_usart.cyclo ./Drivers/STM32F4xx_HAL_Driver/Src/stm32f4xx_ll_usart.d ./Drivers/STM32F4xx_HAL_Driver/Src/stm32f4xx_ll_usart.o ./Drivers/STM32F4xx_HAL_Driver/Src/stm32f4xx_ll_usart.su ./Drivers/STM32F4xx_HAL_Driver/Src/stm32f4xx_ll_utils.cyclo ./Drivers/STM32F4xx_HAL_Driver/Src/stm32f4xx_ll_utils.d ./Drivers/STM32F4xx_HAL_Driver/Src/stm32f4xx_ll_utils.o ./Drivers/STM32F4xx_HAL_Driver/Src/stm32f4xx_ll_utils.su
rm -rf ./Core/Startup/startup_stm32f407vgtx.d ./Core/Startup/startup_stm32f407vgtx.o
rm -rf ./Core/Src/main.cyclo ./Core/Src/main.d ./Core/Src/main.o ./Core/Src/main.su ./Core/Src/stm32f4xx_it.cyclo ./Core/Src/stm32f4xx_it.d ./Core/Src/stm32f4xx_it.o ./Core/Src/stm32f4xx_it.su ./Core/Src/syscalls.cyclo ./Core/Src/syscalls.d ./Core/Src/syscalls.o ./Core/Src/syscalls.su ./Core/Src/sysmem.cyclo ./Core/Src/sysmem.d ./Core/Src/sysmem.o ./Core/Src/sysmem.su ./Core/Src/system_stm32f4xx.cyclo ./Core/Src/system_stm32f4xx.d ./Core/Src/system_stm32f4xx.o ./Core/Src/system_stm32f4xx.su
rm -rf chapter10_example2.elf chapter10_example2.hex chapter10_example2.list chapter10_example2.map default.size.stdout
 
15:05:11 **** Clean-only build of configuration Debug for project chapter10_example3 ****
make -j12 clean 
rm -rf ./Src/MiddleWare/container/ring_buf.cyclo ./Src/MiddleWare/container/ring_buf.d ./Src/MiddleWare/container/ring_buf.o ./Src/MiddleWare/container/ring_buf.su
rm -rf ./Src/MiddleWare/SoftTimer/soft_timer.cyclo ./Src/MiddleWare/SoftTimer/soft_timer.d ./Src/MiddleWare/SoftTimer/soft_timer.o ./Src/MiddleWare/SoftTimer/soft_timer.su
rm -rf ./Src/MiddleWare/Console/console.cyclo ./Src/MiddleWare/Console/console.d ./Src/MiddleWare/Console/console.o ./Src/MiddleWare/Console/console.su
rm -rf ./Src/MiddleWare/Common/atomic.cyclo ./Src/MiddleWare/Common/atomic.d ./Src/MiddleWare/Common/atomic.o ./Src/MiddleWare/Common/atomic.su
rm -rf ./Src/Driver/Devices/ds3234/ds3234.cyclo ./Src/Driver/Devices/ds3234/ds3234.d ./Src/Driver/Devices/ds3234/ds3234.o ./Src/Driver/Devices/ds3234/ds3234.su
rm -rf ./Src/Driver/Components/spi/spi_io.cyclo ./Src/Driver/Components/spi/spi_io.d ./Src/Driver/Components/spi/spi_io.o ./Src/Driver/Components/spi/spi_io.su
rm -rf ./Src/Driver/Components/dio/di.cyclo ./Src/Driver/Components/dio/di.d ./Src/Driver/Components/dio/di.o ./Src/Driver/Components/dio/di.su ./Src/Driver/Components/dio/do.cyclo ./Src/Driver/Components/dio/do.d ./Src/Driver/Components/dio/do.o ./Src/Driver/Components/dio/do.su
rm -rf ./Src/Driver/Components/Usart/usart_io.cyclo ./Src/Driver/Components/Usart/usart_io.d ./Src/Driver/Components/Usart/usart_io.o ./Src/Driver/Components/Usart/usart_io.su
rm -rf ./Src/BSP/BSP_Water_Sensor/bsp_water.cyclo ./Src/BSP/BSP_Water_Sensor/bsp_water.d ./Src/BSP/BSP_Water_Sensor/bsp_water.o ./Src/BSP/BSP_Water_Sensor/bsp_water.su
rm -rf ./Src/BSP/BSP_USART/bsp_uart.cyclo ./Src/BSP/BSP_USART/bsp_uart.d ./Src/BSP/BSP_USART/bsp_uart.o ./Src/BSP/BSP_USART/bsp_uart.su
rm -rf ./Src/BSP/BSP_Timers/bsp_timer.cyclo ./Src/BSP/BSP_Timers/bsp_timer.d ./Src/BSP/BSP_Timers/bsp_timer.o ./Src/BSP/BSP_Timers/bsp_timer.su
rm -rf ./Src/BSP/BSP_RTC/bsp_rtc.cyclo ./Src/BSP/BSP_RTC/bsp_rtc.d ./Src/BSP/BSP_RTC/bsp_rtc.o ./Src/BSP/BSP_RTC/bsp_rtc.su
rm -rf ./Src/BSP/BSP_Led/bsp_led.cyclo ./Src/BSP/BSP_Led/bsp_led.d ./Src/BSP/BSP_Led/bsp_led.o ./Src/BSP/BSP_Led/bsp_led.su
rm -rf ./Src/App/app_main.cyclo ./Src/App/app_main.d ./Src/App/app_main.o ./Src/App/app_main.su ./Src/App/app_water_control.cyclo ./Src/App/app_water_control.d ./Src/App/app_water_control.o ./Src/App/app_water_control.su
rm -rf ./Drivers/STM32F4xx_HAL_Driver/Src/stm32f4xx_ll_dma.cyclo ./Drivers/STM32F4xx_HAL_Driver/Src/stm32f4xx_ll_dma.d ./Drivers/STM32F4xx_HAL_Driver/Src/stm32f4xx_ll_dma.o ./Drivers/STM32F4xx_HAL_Driver/Src/stm32f4xx_ll_dma.su ./Drivers/STM32F4xx_HAL_Driver/Src/stm32f4xx_ll_exti.cyclo ./Drivers/STM32F4xx_HAL_Driver/Src/stm32f4xx_ll_exti.d ./Drivers/STM32F4xx_HAL_Driver/Src/stm32f4xx_ll_exti.o ./Drivers/STM32F4xx_HAL_Driver/Src/stm32f4xx_ll_exti.su ./Drivers/STM32F4xx_HAL_Driver/Src/stm32f4xx_ll_gpio.cyclo ./Drivers/STM32F4xx_HAL_Driver/Src/stm32f4xx_ll_gpio.d ./Drivers/STM32F4xx_HAL_Driver/Src/stm32f4xx_ll_gpio.o ./Drivers/STM32F4xx_HAL_Driver/Src/stm32f4xx_ll_gpio.su ./Drivers/STM32F4xx_HAL_Driver/Src/stm32f4xx_ll_rcc.cyclo ./Drivers/STM32F4xx_HAL_Driver/Src/stm32f4xx_ll_rcc.d ./Drivers/STM32F4xx_HAL_Driver/Src/stm32f4xx_ll_rcc.o ./Drivers/STM32F4xx_HAL_Driver/Src/stm32f4xx_ll_rcc.su ./Drivers/STM32F4xx_HAL_Driver/Src/stm32f4xx_ll_spi.cyclo ./Drivers/STM32F4xx_HAL_Driver/Src/stm32f4xx_ll_spi.d ./Drivers/STM32F4xx_HAL_Driver/Src/stm32f4xx_ll_spi.o ./Drivers/STM32F4xx_HAL_Driver/Src/stm32f4xx_ll_spi.su ./Drivers/STM32F4xx_HAL_Driver/Src/stm32f4xx_ll_usart.cyclo ./Drivers/STM32F4xx_HAL_Driver/Src/stm32f4xx_ll_usart.d ./Drivers/STM32F4xx_HAL_Driver/Src/stm32f4xx_ll_usart.o ./Drivers/STM32F4xx_HAL_Driver/Src/stm32f4xx_ll_usart.su ./Drivers/STM32F4xx_HAL_Driver/Src/stm32f4xx_ll_utils.cyclo ./Drivers/STM32F4xx_HAL_Driver/Src/stm32f4xx_ll_utils.d ./Drivers/STM32F4xx_HAL_Driver/Src/stm32f4xx_ll_utils.o ./Drivers/STM32F4xx_HAL_Driver/Src/stm32f4xx_ll_utils.su
rm -rf ./Core/Startup/startup_stm32f407vgtx.d ./Core/Startup/startup_stm32f407vgtx.o
rm -rf ./Core/Src/main.cyclo ./Core/Src/main.d ./Core/Src/main.o ./Core/Src/main.su ./Core/Src/stm32f4xx_it.cyclo ./Core/Src/stm32f4xx_it.d ./Core/Src/stm32f4xx_it.o ./Core/Src/stm32f4xx_it.su ./Core/Src/syscalls.cyclo ./Core/Src/syscalls.d ./Core/Src/syscalls.o ./Core/Src/syscalls.su ./Core/Src/sysmem.cyclo ./Core/Src/sysmem.d ./Core/Src/sysmem.o ./Core/Src/sysmem.su ./Core/Src/system_stm32f4xx.cyclo ./Core/Src/system_stm32f4xx.d ./Core/Src/system_stm32f4xx.o ./Core/Src/system_stm32f4xx.su
rm -rf chapter10_example3.elf chapter10_example3.hex chapter10_example3.list chapter10_example3.map default.size.stdout
 
15:05:11 **** Clean-only build of configuration Debug for project chapter10_example4 ****
make -j12 clean 
rm -rf ./Src/MiddleWare/container/ring_buf.cyclo ./Src/MiddleWare/container/ring_buf.d ./Src/MiddleWare/container/ring_buf.o ./Src/MiddleWare/container/ring_buf.su
rm -rf ./Src/MiddleWare/SoftTimer/soft_timer.cyclo ./Src/MiddleWare/SoftTimer/soft_timer.d ./Src/MiddleWare/SoftTimer/soft_timer.o ./Src/MiddleWare/SoftTimer/soft_timer.su
rm -rf ./Src/MiddleWare/Console/console.cyclo ./Src/MiddleWare/Console/console.d ./Src/MiddleWare/Console/console.o ./Src/MiddleWare/Console/console.su
rm -rf ./Src/MiddleWare/Common/atomic.cyclo ./Src/MiddleWare/Common/atomic.d ./Src/MiddleWare/Common/atomic.o ./Src/MiddleWare/Common/atomic.su
rm -rf ./Src/Driver/Devices/ds3234/ds3234.cyclo ./Src/Driver/Devices/ds3234/ds3234.d ./Src/Driver/Devices/ds3234/ds3234.o ./Src/Driver/Devices/ds3234/ds3234.su
rm -rf ./Src/Driver/Components/spi/spi_io.cyclo ./Src/Driver/Components/spi/spi_io.d ./Src/Driver/Components/spi/spi_io.o ./Src/Driver/Components/spi/spi_io.su
rm -rf ./Src/Driver/Components/dio/di.cyclo ./Src/Driver/Components/dio/di.d ./Src/Driver/Components/dio/di.o ./Src/Driver/Components/dio/di.su ./Src/Driver/Components/dio/do.cyclo ./Src/Driver/Components/dio/do.d ./Src/Driver/Components/dio/do.o ./Src/Driver/Components/dio/do.su
rm -rf ./Src/Driver/Components/Usart/usart_io.cyclo ./Src/Driver/Components/Usart/usart_io.d ./Src/Driver/Components/Usart/usart_io.o ./Src/Driver/Components/Usart/usart_io.su
rm -rf ./Src/BSP/BSP_Water_Sensor/bsp_water.cyclo ./Src/BSP/BSP_Water_Sensor/bsp_water.d ./Src/BSP/BSP_Water_Sensor/bsp_water.o ./Src/BSP/BSP_Water_Sensor/bsp_water.su
rm -rf ./Src/BSP/BSP_USART/bsp_uart.cyclo ./Src/BSP/BSP_USART/bsp_uart.d ./Src/BSP/BSP_USART/bsp_uart.o ./Src/BSP/BSP_USART/bsp_uart.su
rm -rf ./Src/BSP/BSP_Timers/bsp_timer.cyclo ./Src/BSP/BSP_Timers/bsp_timer.d ./Src/BSP/BSP_Timers/bsp_timer.o ./Src/BSP/BSP_Timers/bsp_timer.su
rm -rf ./Src/BSP/BSP_RTC/bsp_rtc.cyclo ./Src/BSP/BSP_RTC/bsp_rtc.d ./Src/BSP/BSP_RTC/bsp_rtc.o ./Src/BSP/BSP_RTC/bsp_rtc.su
rm -rf ./Src/BSP/BSP_Led/bsp_led.cyclo ./Src/BSP/BSP_Led/bsp_led.d ./Src/BSP/BSP_Led/bsp_led.o ./Src/BSP/BSP_Led/bsp_led.su
rm -rf ./Src/App/app_main.cyclo ./Src/App/app_main.d ./Src/App/app_main.o ./Src/App/app_main.su ./Src/App/app_water_control.cyclo ./Src/App/app_water_control.d ./Src/App/app_water_control.o ./Src/App/app_water_control.su
rm -rf ./Drivers/STM32F4xx_HAL_Driver/Src/stm32f4xx_ll_dma.cyclo ./Drivers/STM32F4xx_HAL_Driver/Src/stm32f4xx_ll_dma.d ./Drivers/STM32F4xx_HAL_Driver/Src/stm32f4xx_ll_dma.o ./Drivers/STM32F4xx_HAL_Driver/Src/stm32f4xx_ll_dma.su ./Drivers/STM32F4xx_HAL_Driver/Src/stm32f4xx_ll_exti.cyclo ./Drivers/STM32F4xx_HAL_Driver/Src/stm32f4xx_ll_exti.d ./Drivers/STM32F4xx_HAL_Driver/Src/stm32f4xx_ll_exti.o ./Drivers/STM32F4xx_HAL_Driver/Src/stm32f4xx_ll_exti.su ./Drivers/STM32F4xx_HAL_Driver/Src/stm32f4xx_ll_gpio.cyclo ./Drivers/STM32F4xx_HAL_Driver/Src/stm32f4xx_ll_gpio.d ./Drivers/STM32F4xx_HAL_Driver/Src/stm32f4xx_ll_gpio.o ./Drivers/STM32F4xx_HAL_Driver/Src/stm32f4xx_ll_gpio.su ./Drivers/STM32F4xx_HAL_Driver/Src/stm32f4xx_ll_rcc.cyclo ./Drivers/STM32F4xx_HAL_Driver/Src/stm32f4xx_ll_rcc.d ./Drivers/STM32F4xx_HAL_Driver/Src/stm32f4xx_ll_rcc.o ./Drivers/STM32F4xx_HAL_Driver/Src/stm32f4xx_ll_rcc.su ./Drivers/STM32F4xx_HAL_Driver/Src/stm32f4xx_ll_spi.cyclo ./Drivers/STM32F4xx_HAL_Driver/Src/stm32f4xx_ll_spi.d ./Drivers/STM32F4xx_HAL_Driver/Src/stm32f4xx_ll_spi.o ./Drivers/STM32F4xx_HAL_Driver/Src/stm32f4xx_ll_spi.su ./Drivers/STM32F4xx_HAL_Driver/Src/stm32f4xx_ll_usart.cyclo ./Drivers/STM32F4xx_HAL_Driver/Src/stm32f4xx_ll_usart.d ./Drivers/STM32F4xx_HAL_Driver/Src/stm32f4xx_ll_usart.o ./Drivers/STM32F4xx_HAL_Driver/Src/stm32f4xx_ll_usart.su ./Drivers/STM32F4xx_HAL_Driver/Src/stm32f4xx_ll_utils.cyclo ./Drivers/STM32F4xx_HAL_Driver/Src/stm32f4xx_ll_utils.d ./Drivers/STM32F4xx_HAL_Driver/Src/stm32f4xx_ll_utils.o ./Drivers/STM32F4xx_HAL_Driver/Src/stm32f4xx_ll_utils.su
rm -rf ./Core/Startup/startup_stm32f407vgtx.d ./Core/Startup/startup_stm32f407vgtx.o
rm -rf ./Core/Src/main.cyclo ./Core/Src/main.d ./Core/Src/main.o ./Core/Src/main.su ./Core/Src/stm32f4xx_it.cyclo ./Core/Src/stm32f4xx_it.d ./Core/Src/stm32f4xx_it.o ./Core/Src/stm32f4xx_it.su ./Core/Src/syscalls.cyclo ./Core/Src/syscalls.d ./Core/Src/syscalls.o ./Core/Src/syscalls.su ./Core/Src/sysmem.cyclo ./Core/Src/sysmem.d ./Core/Src/sysmem.o ./Core/Src/sysmem.su ./Core/Src/system_stm32f4xx.cyclo ./Core/Src/system_stm32f4xx.d ./Core/Src/system_stm32f4xx.o ./Core/Src/system_stm32f4xx.su
rm -rf chapter10_example4.elf chapter10_example4.hex chapter10_example4.list chapter10_example4.map default.size.stdout
 
15:05:12 **** Clean-only build of configuration Debug for project chapter10_example5 ****
make -j12 clean 
rm -rf ./Src/MiddleWare/container/ring_buf.cyclo ./Src/MiddleWare/container/ring_buf.d ./Src/MiddleWare/container/ring_buf.o ./Src/MiddleWare/container/ring_buf.su
rm -rf ./Src/MiddleWare/SoftTimer/soft_timer.cyclo ./Src/MiddleWare/SoftTimer/soft_timer.d ./Src/MiddleWare/SoftTimer/soft_timer.o ./Src/MiddleWare/SoftTimer/soft_timer.su
rm -rf ./Src/MiddleWare/Console/console.cyclo ./Src/MiddleWare/Console/console.d ./Src/MiddleWare/Console/console.o ./Src/MiddleWare/Console/console.su
rm -rf ./Src/MiddleWare/Common/atomic.cyclo ./Src/MiddleWare/Common/atomic.d ./Src/MiddleWare/Common/atomic.o ./Src/MiddleWare/Common/atomic.su
rm -rf ./Src/Driver/Devices/ds3234/ds3234.cyclo ./Src/Driver/Devices/ds3234/ds3234.d ./Src/Driver/Devices/ds3234/ds3234.o ./Src/Driver/Devices/ds3234/ds3234.su
rm -rf ./Src/Driver/Components/spi/spi_io.cyclo ./Src/Driver/Components/spi/spi_io.d ./Src/Driver/Components/spi/spi_io.o ./Src/Driver/Components/spi/spi_io.su
rm -rf ./Src/Driver/Components/dio/di.cyclo ./Src/Driver/Components/dio/di.d ./Src/Driver/Components/dio/di.o ./Src/Driver/Components/dio/di.su ./Src/Driver/Components/dio/do.cyclo ./Src/Driver/Components/dio/do.d ./Src/Driver/Components/dio/do.o ./Src/Driver/Components/dio/do.su
rm -rf ./Src/Driver/Components/Usart/usart_io.cyclo ./Src/Driver/Components/Usart/usart_io.d ./Src/Driver/Components/Usart/usart_io.o ./Src/Driver/Components/Usart/usart_io.su
rm -rf ./Src/BSP/BSP_Water_Sensor/bsp_water.cyclo ./Src/BSP/BSP_Water_Sensor/bsp_water.d ./Src/BSP/BSP_Water_Sensor/bsp_water.o ./Src/BSP/BSP_Water_Sensor/bsp_water.su
rm -rf ./Src/BSP/BSP_USART/bsp_uart.cyclo ./Src/BSP/BSP_USART/bsp_uart.d ./Src/BSP/BSP_USART/bsp_uart.o ./Src/BSP/BSP_USART/bsp_uart.su
rm -rf ./Src/BSP/BSP_Timers/bsp_timer.cyclo ./Src/BSP/BSP_Timers/bsp_timer.d ./Src/BSP/BSP_Timers/bsp_timer.o ./Src/BSP/BSP_Timers/bsp_timer.su
rm -rf ./Src/BSP/BSP_RTC/bsp_rtc.cyclo ./Src/BSP/BSP_RTC/bsp_rtc.d ./Src/BSP/BSP_RTC/bsp_rtc.o ./Src/BSP/BSP_RTC/bsp_rtc.su
rm -rf ./Src/BSP/BSP_Led/bsp_led.cyclo ./Src/BSP/BSP_Led/bsp_led.d ./Src/BSP/BSP_Led/bsp_led.o ./Src/BSP/BSP_Led/bsp_led.su
rm -rf ./Src/App/app_main.cyclo ./Src/App/app_main.d ./Src/App/app_main.o ./Src/App/app_main.su ./Src/App/app_water_control.cyclo ./Src/App/app_water_control.d ./Src/App/app_water_control.o ./Src/App/app_water_control.su
rm -rf ./Drivers/STM32F4xx_HAL_Driver/Src/stm32f4xx_ll_dma.cyclo ./Drivers/STM32F4xx_HAL_Driver/Src/stm32f4xx_ll_dma.d ./Drivers/STM32F4xx_HAL_Driver/Src/stm32f4xx_ll_dma.o ./Drivers/STM32F4xx_HAL_Driver/Src/stm32f4xx_ll_dma.su ./Drivers/STM32F4xx_HAL_Driver/Src/stm32f4xx_ll_exti.cyclo ./Drivers/STM32F4xx_HAL_Driver/Src/stm32f4xx_ll_exti.d ./Drivers/STM32F4xx_HAL_Driver/Src/stm32f4xx_ll_exti.o ./Drivers/STM32F4xx_HAL_Driver/Src/stm32f4xx_ll_exti.su ./Drivers/STM32F4xx_HAL_Driver/Src/stm32f4xx_ll_gpio.cyclo ./Drivers/STM32F4xx_HAL_Driver/Src/stm32f4xx_ll_gpio.d ./Drivers/STM32F4xx_HAL_Driver/Src/stm32f4xx_ll_gpio.o ./Drivers/STM32F4xx_HAL_Driver/Src/stm32f4xx_ll_gpio.su ./Drivers/STM32F4xx_HAL_Driver/Src/stm32f4xx_ll_rcc.cyclo ./Drivers/STM32F4xx_HAL_Driver/Src/stm32f4xx_ll_rcc.d ./Drivers/STM32F4xx_HAL_Driver/Src/stm32f4xx_ll_rcc.o ./Drivers/STM32F4xx_HAL_Driver/Src/stm32f4xx_ll_rcc.su ./Drivers/STM32F4xx_HAL_Driver/Src/stm32f4xx_ll_spi.cyclo ./Drivers/STM32F4xx_HAL_Driver/Src/stm32f4xx_ll_spi.d ./Drivers/STM32F4xx_HAL_Driver/Src/stm32f4xx_ll_spi.o ./Drivers/STM32F4xx_HAL_Driver/Src/stm32f4xx_ll_spi.su ./Drivers/STM32F4xx_HAL_Driver/Src/stm32f4xx_ll_usart.cyclo ./Drivers/STM32F4xx_HAL_Driver/Src/stm32f4xx_ll_usart.d ./Drivers/STM32F4xx_HAL_Driver/Src/stm32f4xx_ll_usart.o ./Drivers/STM32F4xx_HAL_Driver/Src/stm32f4xx_ll_usart.su ./Drivers/STM32F4xx_HAL_Driver/Src/stm32f4xx_ll_utils.cyclo ./Drivers/STM32F4xx_HAL_Driver/Src/stm32f4xx_ll_utils.d ./Drivers/STM32F4xx_HAL_Driver/Src/stm32f4xx_ll_utils.o ./Drivers/STM32F4xx_HAL_Driver/Src/stm32f4xx_ll_utils.su
rm -rf ./Core/Startup/startup_stm32f407vgtx.d ./Core/Startup/startup_stm32f407vgtx.o
rm -rf ./Core/Src/main.cyclo ./Core/Src/main.d ./Core/Src/main.o ./Core/Src/main.su ./Core/Src/stm32f4xx_it.cyclo ./Core/Src/stm32f4xx_it.d ./Core/Src/stm32f4xx_it.o ./Core/Src/stm32f4xx_it.su ./Core/Src/syscalls.cyclo ./Core/Src/syscalls.d ./Core/Src/syscalls.o ./Core/Src/syscalls.su ./Core/Src/sysmem.cyclo ./Core/Src/sysmem.d ./Core/Src/sysmem.o ./Core/Src/sysmem.su ./Core/Src/system_stm32f4xx.cyclo ./Core/Src/system_stm32f4xx.d ./Core/Src/system_stm32f4xx.o ./Core/Src/system_stm32f4xx.su
rm -rf chapter10_example6.elf chapter10_example6.hex chapter10_example6.list chapter10_example6.map default.size.stdout
 
15:05:12 **** Clean-only build of configuration Debug for project chapter10_example6 ****
make -j12 clean 
rm -rf ./Src/MiddleWare/container/ring_buf.cyclo ./Src/MiddleWare/container/ring_buf.d ./Src/MiddleWare/container/ring_buf.o ./Src/MiddleWare/container/ring_buf.su
rm -rf ./Src/MiddleWare/SoftTimer/soft_timer.cyclo ./Src/MiddleWare/SoftTimer/soft_timer.d ./Src/MiddleWare/SoftTimer/soft_timer.o ./Src/MiddleWare/SoftTimer/soft_timer.su
rm -rf ./Src/MiddleWare/Console/console.cyclo ./Src/MiddleWare/Console/console.d ./Src/MiddleWare/Console/console.o ./Src/MiddleWare/Console/console.su
rm -rf ./Src/MiddleWare/Common/atomic.cyclo ./Src/MiddleWare/Common/atomic.d ./Src/MiddleWare/Common/atomic.o ./Src/MiddleWare/Common/atomic.su
rm -rf ./Src/Driver/Devices/ds3234/ds3234.cyclo ./Src/Driver/Devices/ds3234/ds3234.d ./Src/Driver/Devices/ds3234/ds3234.o ./Src/Driver/Devices/ds3234/ds3234.su
rm -rf ./Src/Driver/Components/spi/spi_io.cyclo ./Src/Driver/Components/spi/spi_io.d ./Src/Driver/Components/spi/spi_io.o ./Src/Driver/Components/spi/spi_io.su
rm -rf ./Src/Driver/Components/dio/di.cyclo ./Src/Driver/Components/dio/di.d ./Src/Driver/Components/dio/di.o ./Src/Driver/Components/dio/di.su ./Src/Driver/Components/dio/do.cyclo ./Src/Driver/Components/dio/do.d ./Src/Driver/Components/dio/do.o ./Src/Driver/Components/dio/do.su
rm -rf ./Src/Driver/Components/Usart/usart_io.cyclo ./Src/Driver/Components/Usart/usart_io.d ./Src/Driver/Components/Usart/usart_io.o ./Src/Driver/Components/Usart/usart_io.su
rm -rf ./Src/BSP/BSP_Water_Sensor/bsp_water.cyclo ./Src/BSP/BSP_Water_Sensor/bsp_water.d ./Src/BSP/BSP_Water_Sensor/bsp_water.o ./Src/BSP/BSP_Water_Sensor/bsp_water.su
rm -rf ./Src/BSP/BSP_USART/bsp_uart.cyclo ./Src/BSP/BSP_USART/bsp_uart.d ./Src/BSP/BSP_USART/bsp_uart.o ./Src/BSP/BSP_USART/bsp_uart.su
rm -rf ./Src/BSP/BSP_Timers/bsp_timer.cyclo ./Src/BSP/BSP_Timers/bsp_timer.d ./Src/BSP/BSP_Timers/bsp_timer.o ./Src/BSP/BSP_Timers/bsp_timer.su
rm -rf ./Src/BSP/BSP_RTC/bsp_rtc.cyclo ./Src/BSP/BSP_RTC/bsp_rtc.d ./Src/BSP/BSP_RTC/bsp_rtc.o ./Src/BSP/BSP_RTC/bsp_rtc.su
rm -rf ./Src/BSP/BSP_Led/bsp_led.cyclo ./Src/BSP/BSP_Led/bsp_led.d ./Src/BSP/BSP_Led/bsp_led.o ./Src/BSP/BSP_Led/bsp_led.su
rm -rf ./Src/App/app_main.cyclo ./Src/App/app_main.d ./Src/App/app_main.o ./Src/App/app_main.su ./Src/App/app_water_control.cyclo ./Src/App/app_water_control.d ./Src/App/app_water_control.o ./Src/App/app_water_control.su
rm -rf ./Drivers/STM32F4xx_HAL_Driver/Src/stm32f4xx_ll_dma.cyclo ./Drivers/STM32F4xx_HAL_Driver/Src/stm32f4xx_ll_dma.d ./Drivers/STM32F4xx_HAL_Driver/Src/stm32f4xx_ll_dma.o ./Drivers/STM32F4xx_HAL_Driver/Src/stm32f4xx_ll_dma.su ./Drivers/STM32F4xx_HAL_Driver/Src/stm32f4xx_ll_exti.cyclo ./Drivers/STM32F4xx_HAL_Driver/Src/stm32f4xx_ll_exti.d ./Drivers/STM32F4xx_HAL_Driver/Src/stm32f4xx_ll_exti.o ./Drivers/STM32F4xx_HAL_Driver/Src/stm32f4xx_ll_exti.su ./Drivers/STM32F4xx_HAL_Driver/Src/stm32f4xx_ll_gpio.cyclo ./Drivers/STM32F4xx_HAL_Driver/Src/stm32f4xx_ll_gpio.d ./Drivers/STM32F4xx_HAL_Driver/Src/stm32f4xx_ll_gpio.o ./Drivers/STM32F4xx_HAL_Driver/Src/stm32f4xx_ll_gpio.su ./Drivers/STM32F4xx_HAL_Driver/Src/stm32f4xx_ll_rcc.cyclo ./Drivers/STM32F4xx_HAL_Driver/Src/stm32f4xx_ll_rcc.d ./Drivers/STM32F4xx_HAL_Driver/Src/stm32f4xx_ll_rcc.o ./Drivers/STM32F4xx_HAL_Driver/Src/stm32f4xx_ll_rcc.su ./Drivers/STM32F4xx_HAL_Driver/Src/stm32f4xx_ll_spi.cyclo ./Drivers/STM32F4xx_HAL_Driver/Src/stm32f4xx_ll_spi.d ./Drivers/STM32F4xx_HAL_Driver/Src/stm32f4xx_ll_spi.o ./Drivers/STM32F4xx_HAL_Driver/Src/stm32f4xx_ll_spi.su ./Drivers/STM32F4xx_HAL_Driver/Src/stm32f4xx_ll_usart.cyclo ./Drivers/STM32F4xx_HAL_Driver/Src/stm32f4xx_ll_usart.d ./Drivers/STM32F4xx_HAL_Driver/Src/stm32f4xx_ll_usart.o ./Drivers/STM32F4xx_HAL_Driver/Src/stm32f4xx_ll_usart.su ./Drivers/STM32F4xx_HAL_Driver/Src/stm32f4xx_ll_utils.cyclo ./Drivers/STM32F4xx_HAL_Driver/Src/stm32f4xx_ll_utils.d ./Drivers/STM32F4xx_HAL_Driver/Src/stm32f4xx_ll_utils.o ./Drivers/STM32F4xx_HAL_Driver/Src/stm32f4xx_ll_utils.su
rm -rf ./Core/Startup/startup_stm32f407vgtx.d ./Core/Startup/startup_stm32f407vgtx.o
rm -rf ./Core/Src/main.cyclo ./Core/Src/main.d ./Core/Src/main.o ./Core/Src/main.su ./Core/Src/stm32f4xx_it.cyclo ./Core/Src/stm32f4xx_it.d ./Core/Src/stm32f4xx_it.o ./Core/Src/stm32f4xx_it.su ./Core/Src/syscalls.cyclo ./Core/Src/syscalls.d ./Core/Src/syscalls.o ./Core/Src/syscalls.su ./Core/Src/sysmem.cyclo ./Core/Src/sysmem.d ./Core/Src/sysmem.o ./Core/Src/sysmem.su ./Core/Src/system_stm32f4xx.cyclo ./Core/Src/system_stm32f4xx.d ./Core/Src/system_stm32f4xx.o ./Core/Src/system_stm32f4xx.su
rm -rf chapter10_example6.elf chapter10_example6.hex chapter10_example6.list chapter10_example6.map default.size.stdout
 
15:05:13 **** Clean-only build of configuration Debug for project chapter10_example7 ****
make -j12 clean 
rm -rf ./Src/MiddleWare/container/fifo.cyclo ./Src/MiddleWare/container/fifo.d ./Src/MiddleWare/container/fifo.o ./Src/MiddleWare/container/fifo.su ./Src/MiddleWare/container/ring_buf.cyclo ./Src/MiddleWare/container/ring_buf.d ./Src/MiddleWare/container/ring_buf.o ./Src/MiddleWare/container/ring_buf.su
rm -rf ./Src/MiddleWare/SoftTimer/soft_timer.cyclo ./Src/MiddleWare/SoftTimer/soft_timer.d ./Src/MiddleWare/SoftTimer/soft_timer.o ./Src/MiddleWare/SoftTimer/soft_timer.su
rm -rf ./Src/MiddleWare/Console/console.cyclo ./Src/MiddleWare/Console/console.d ./Src/MiddleWare/Console/console.o ./Src/MiddleWare/Console/console.su
rm -rf ./Src/MiddleWare/Common/atomic.cyclo ./Src/MiddleWare/Common/atomic.d ./Src/MiddleWare/Common/atomic.o ./Src/MiddleWare/Common/atomic.su
rm -rf ./Src/Driver/Devices/ds3234/ds3234.cyclo ./Src/Driver/Devices/ds3234/ds3234.d ./Src/Driver/Devices/ds3234/ds3234.o ./Src/Driver/Devices/ds3234/ds3234.su
rm -rf ./Src/Driver/Components/spi/spi_io.cyclo ./Src/Driver/Components/spi/spi_io.d ./Src/Driver/Components/spi/spi_io.o ./Src/Driver/Components/spi/spi_io.su
rm -rf ./Src/Driver/Components/dio/di.cyclo ./Src/Driver/Components/dio/di.d ./Src/Driver/Components/dio/di.o ./Src/Driver/Components/dio/di.su ./Src/Driver/Components/dio/do.cyclo ./Src/Driver/Components/dio/do.d ./Src/Driver/Components/dio/do.o ./Src/Driver/Components/dio/do.su
rm -rf ./Src/Driver/Components/Usart/usart_io.cyclo ./Src/Driver/Components/Usart/usart_io.d ./Src/Driver/Components/Usart/usart_io.o ./Src/Driver/Components/Usart/usart_io.su
rm -rf ./Src/BSP/BSP_Water_Sensor/bsp_water.cyclo ./Src/BSP/BSP_Water_Sensor/bsp_water.d ./Src/BSP/BSP_Water_Sensor/bsp_water.o ./Src/BSP/BSP_Water_Sensor/bsp_water.su
rm -rf ./Src/BSP/BSP_USART/bsp_uart.cyclo ./Src/BSP/BSP_USART/bsp_uart.d ./Src/BSP/BSP_USART/bsp_uart.o ./Src/BSP/BSP_USART/bsp_uart.su
rm -rf ./Src/BSP/BSP_Timers/bsp_timer.cyclo ./Src/BSP/BSP_Timers/bsp_timer.d ./Src/BSP/BSP_Timers/bsp_timer.o ./Src/BSP/BSP_Timers/bsp_timer.su
rm -rf ./Src/BSP/BSP_RTC/bsp_rtc.cyclo ./Src/BSP/BSP_RTC/bsp_rtc.d ./Src/BSP/BSP_RTC/bsp_rtc.o ./Src/BSP/BSP_RTC/bsp_rtc.su
rm -rf ./Src/BSP/BSP_Led/bsp_led.cyclo ./Src/BSP/BSP_Led/bsp_led.d ./Src/BSP/BSP_Led/bsp_led.o ./Src/BSP/BSP_Led/bsp_led.su
rm -rf ./Src/App/app_main.cyclo ./Src/App/app_main.d ./Src/App/app_main.o ./Src/App/app_main.su ./Src/App/app_water_control.cyclo ./Src/App/app_water_control.d ./Src/App/app_water_control.o ./Src/App/app_water_control.su
rm -rf ./Drivers/STM32F4xx_HAL_Driver/Src/stm32f4xx_ll_dma.cyclo ./Drivers/STM32F4xx_HAL_Driver/Src/stm32f4xx_ll_dma.d ./Drivers/STM32F4xx_HAL_Driver/Src/stm32f4xx_ll_dma.o ./Drivers/STM32F4xx_HAL_Driver/Src/stm32f4xx_ll_dma.su ./Drivers/STM32F4xx_HAL_Driver/Src/stm32f4xx_ll_exti.cyclo ./Drivers/STM32F4xx_HAL_Driver/Src/stm32f4xx_ll_exti.d ./Drivers/STM32F4xx_HAL_Driver/Src/stm32f4xx_ll_exti.o ./Drivers/STM32F4xx_HAL_Driver/Src/stm32f4xx_ll_exti.su ./Drivers/STM32F4xx_HAL_Driver/Src/stm32f4xx_ll_gpio.cyclo ./Drivers/STM32F4xx_HAL_Driver/Src/stm32f4xx_ll_gpio.d ./Drivers/STM32F4xx_HAL_Driver/Src/stm32f4xx_ll_gpio.o ./Drivers/STM32F4xx_HAL_Driver/Src/stm32f4xx_ll_gpio.su ./Drivers/STM32F4xx_HAL_Driver/Src/stm32f4xx_ll_rcc.cyclo ./Drivers/STM32F4xx_HAL_Driver/Src/stm32f4xx_ll_rcc.d ./Drivers/STM32F4xx_HAL_Driver/Src/stm32f4xx_ll_rcc.o ./Drivers/STM32F4xx_HAL_Driver/Src/stm32f4xx_ll_rcc.su ./Drivers/STM32F4xx_HAL_Driver/Src/stm32f4xx_ll_spi.cyclo ./Drivers/STM32F4xx_HAL_Driver/Src/stm32f4xx_ll_spi.d ./Drivers/STM32F4xx_HAL_Driver/Src/stm32f4xx_ll_spi.o ./Drivers/STM32F4xx_HAL_Driver/Src/stm32f4xx_ll_spi.su ./Drivers/STM32F4xx_HAL_Driver/Src/stm32f4xx_ll_usart.cyclo ./Drivers/STM32F4xx_HAL_Driver/Src/stm32f4xx_ll_usart.d ./Drivers/STM32F4xx_HAL_Driver/Src/stm32f4xx_ll_usart.o ./Drivers/STM32F4xx_HAL_Driver/Src/stm32f4xx_ll_usart.su ./Drivers/STM32F4xx_HAL_Driver/Src/stm32f4xx_ll_utils.cyclo ./Drivers/STM32F4xx_HAL_Driver/Src/stm32f4xx_ll_utils.d ./Drivers/STM32F4xx_HAL_Driver/Src/stm32f4xx_ll_utils.o ./Drivers/STM32F4xx_HAL_Driver/Src/stm32f4xx_ll_utils.su
rm -rf ./Core/Startup/startup_stm32f407vgtx.d ./Core/Startup/startup_stm32f407vgtx.o
rm -rf ./Core/Src/main.cyclo ./Core/Src/main.d ./Core/Src/main.o ./Core/Src/main.su ./Core/Src/stm32f4xx_it.cyclo ./Core/Src/stm32f4xx_it.d ./Core/Src/stm32f4xx_it.o ./Core/Src/stm32f4xx_it.su ./Core/Src/syscalls.cyclo ./Core/Src/syscalls.d ./Core/Src/syscalls.o ./Core/Src/syscalls.su ./Core/Src/sysmem.cyclo ./Core/Src/sysmem.d ./Core/Src/sysmem.o ./Core/Src/sysmem.su ./Core/Src/system_stm32f4xx.cyclo ./Core/Src/system_stm32f4xx.d ./Core/Src/system_stm32f4xx.o ./Core/Src/system_stm32f4xx.su
rm -rf chapter10_example7.elf chapter10_example7.hex chapter10_example7.list chapter10_example7.map default.size.stdout
 
15:05:13 **** Clean-only build of configuration Debug for project chapter10_example8 ****
make -j12 clean 
rm -rf ./Src/MiddleWare/container/fifo.cyclo ./Src/MiddleWare/container/fifo.d ./Src/MiddleWare/container/fifo.o ./Src/MiddleWare/container/fifo.su ./Src/MiddleWare/container/ring_buf.cyclo ./Src/MiddleWare/container/ring_buf.d ./Src/MiddleWare/container/ring_buf.o ./Src/MiddleWare/container/ring_buf.su
rm -rf ./Src/MiddleWare/SoftTimer/soft_timer.cyclo ./Src/MiddleWare/SoftTimer/soft_timer.d ./Src/MiddleWare/SoftTimer/soft_timer.o ./Src/MiddleWare/SoftTimer/soft_timer.su
rm -rf ./Src/MiddleWare/Console/console.cyclo ./Src/MiddleWare/Console/console.d ./Src/MiddleWare/Console/console.o ./Src/MiddleWare/Console/console.su
rm -rf ./Src/MiddleWare/Common/atomic.cyclo ./Src/MiddleWare/Common/atomic.d ./Src/MiddleWare/Common/atomic.o ./Src/MiddleWare/Common/atomic.su
rm -rf ./Src/Driver/Devices/ds3234/ds3234.cyclo ./Src/Driver/Devices/ds3234/ds3234.d ./Src/Driver/Devices/ds3234/ds3234.o ./Src/Driver/Devices/ds3234/ds3234.su
rm -rf ./Src/Driver/Components/spi/spi_io.cyclo ./Src/Driver/Components/spi/spi_io.d ./Src/Driver/Components/spi/spi_io.o ./Src/Driver/Components/spi/spi_io.su
rm -rf ./Src/Driver/Components/dio/di.cyclo ./Src/Driver/Components/dio/di.d ./Src/Driver/Components/dio/di.o ./Src/Driver/Components/dio/di.su ./Src/Driver/Components/dio/do.cyclo ./Src/Driver/Components/dio/do.d ./Src/Driver/Components/dio/do.o ./Src/Driver/Components/dio/do.su
rm -rf ./Src/Driver/Components/Usart/usart_io.cyclo ./Src/Driver/Components/Usart/usart_io.d ./Src/Driver/Components/Usart/usart_io.o ./Src/Driver/Components/Usart/usart_io.su
rm -rf ./Src/BSP/BSP_Water_Sensor/bsp_water.cyclo ./Src/BSP/BSP_Water_Sensor/bsp_water.d ./Src/BSP/BSP_Water_Sensor/bsp_water.o ./Src/BSP/BSP_Water_Sensor/bsp_water.su
rm -rf ./Src/BSP/BSP_USART/bsp_uart.cyclo ./Src/BSP/BSP_USART/bsp_uart.d ./Src/BSP/BSP_USART/bsp_uart.o ./Src/BSP/BSP_USART/bsp_uart.su
rm -rf ./Src/BSP/BSP_Timers/bsp_timer.cyclo ./Src/BSP/BSP_Timers/bsp_timer.d ./Src/BSP/BSP_Timers/bsp_timer.o ./Src/BSP/BSP_Timers/bsp_timer.su
rm -rf ./Src/BSP/BSP_RTC/bsp_rtc.cyclo ./Src/BSP/BSP_RTC/bsp_rtc.d ./Src/BSP/BSP_RTC/bsp_rtc.o ./Src/BSP/BSP_RTC/bsp_rtc.su
rm -rf ./Src/BSP/BSP_Led/bsp_led.cyclo ./Src/BSP/BSP_Led/bsp_led.d ./Src/BSP/BSP_Led/bsp_led.o ./Src/BSP/BSP_Led/bsp_led.su
rm -rf ./Src/App/app_main.cyclo ./Src/App/app_main.d ./Src/App/app_main.o ./Src/App/app_main.su ./Src/App/app_water_control.cyclo ./Src/App/app_water_control.d ./Src/App/app_water_control.o ./Src/App/app_water_control.su
rm -rf ./Drivers/STM32F4xx_HAL_Driver/Src/stm32f4xx_ll_dma.cyclo ./Drivers/STM32F4xx_HAL_Driver/Src/stm32f4xx_ll_dma.d ./Drivers/STM32F4xx_HAL_Driver/Src/stm32f4xx_ll_dma.o ./Drivers/STM32F4xx_HAL_Driver/Src/stm32f4xx_ll_dma.su ./Drivers/STM32F4xx_HAL_Driver/Src/stm32f4xx_ll_exti.cyclo ./Drivers/STM32F4xx_HAL_Driver/Src/stm32f4xx_ll_exti.d ./Drivers/STM32F4xx_HAL_Driver/Src/stm32f4xx_ll_exti.o ./Drivers/STM32F4xx_HAL_Driver/Src/stm32f4xx_ll_exti.su ./Drivers/STM32F4xx_HAL_Driver/Src/stm32f4xx_ll_gpio.cyclo ./Drivers/STM32F4xx_HAL_Driver/Src/stm32f4xx_ll_gpio.d ./Drivers/STM32F4xx_HAL_Driver/Src/stm32f4xx_ll_gpio.o ./Drivers/STM32F4xx_HAL_Driver/Src/stm32f4xx_ll_gpio.su ./Drivers/STM32F4xx_HAL_Driver/Src/stm32f4xx_ll_rcc.cyclo ./Drivers/STM32F4xx_HAL_Driver/Src/stm32f4xx_ll_rcc.d ./Drivers/STM32F4xx_HAL_Driver/Src/stm32f4xx_ll_rcc.o ./Drivers/STM32F4xx_HAL_Driver/Src/stm32f4xx_ll_rcc.su ./Drivers/STM32F4xx_HAL_Driver/Src/stm32f4xx_ll_spi.cyclo ./Drivers/STM32F4xx_HAL_Driver/Src/stm32f4xx_ll_spi.d ./Drivers/STM32F4xx_HAL_Driver/Src/stm32f4xx_ll_spi.o ./Drivers/STM32F4xx_HAL_Driver/Src/stm32f4xx_ll_spi.su ./Drivers/STM32F4xx_HAL_Driver/Src/stm32f4xx_ll_usart.cyclo ./Drivers/STM32F4xx_HAL_Driver/Src/stm32f4xx_ll_usart.d ./Drivers/STM32F4xx_HAL_Driver/Src/stm32f4xx_ll_usart.o ./Drivers/STM32F4xx_HAL_Driver/Src/stm32f4xx_ll_usart.su ./Drivers/STM32F4xx_HAL_Driver/Src/stm32f4xx_ll_utils.cyclo ./Drivers/STM32F4xx_HAL_Driver/Src/stm32f4xx_ll_utils.d ./Drivers/STM32F4xx_HAL_Driver/Src/stm32f4xx_ll_utils.o ./Drivers/STM32F4xx_HAL_Driver/Src/stm32f4xx_ll_utils.su
rm -rf ./Core/Startup/startup_stm32f407vgtx.d ./Core/Startup/startup_stm32f407vgtx.o
rm -rf ./Core/Src/main.cyclo ./Core/Src/main.d ./Core/Src/main.o ./Core/Src/main.su ./Core/Src/stm32f4xx_it.cyclo ./Core/Src/stm32f4xx_it.d ./Core/Src/stm32f4xx_it.o ./Core/Src/stm32f4xx_it.su ./Core/Src/syscalls.cyclo ./Core/Src/syscalls.d ./Core/Src/syscalls.o ./Core/Src/syscalls.su ./Core/Src/sysmem.cyclo ./Core/Src/sysmem.d ./Core/Src/sysmem.o ./Core/Src/sysmem.su ./Core/Src/system_stm32f4xx.cyclo ./Core/Src/system_stm32f4xx.d ./Core/Src/system_stm32f4xx.o ./Core/Src/system_stm32f4xx.su
rm -rf chapter10_example8.elf chapter10_example8.hex chapter10_example8.list chapter10_example8.map default.size.stdout
 
15:05:14 **** Clean-only build of configuration Debug for project chapter11_example1 ****
make -j12 clean 
rm -rf ./Src/MiddleWare/scheduler/scheduler.cyclo ./Src/MiddleWare/scheduler/scheduler.d ./Src/MiddleWare/scheduler/scheduler.o ./Src/MiddleWare/scheduler/scheduler.su
rm -rf ./Src/MiddleWare/container/fifo.cyclo ./Src/MiddleWare/container/fifo.d ./Src/MiddleWare/container/fifo.o ./Src/MiddleWare/container/fifo.su ./Src/MiddleWare/container/ring_buf.cyclo ./Src/MiddleWare/container/ring_buf.d ./Src/MiddleWare/container/ring_buf.o ./Src/MiddleWare/container/ring_buf.su
rm -rf ./Src/MiddleWare/SoftTimer/soft_timer.cyclo ./Src/MiddleWare/SoftTimer/soft_timer.d ./Src/MiddleWare/SoftTimer/soft_timer.o ./Src/MiddleWare/SoftTimer/soft_timer.su
rm -rf ./Src/MiddleWare/Console/console.cyclo ./Src/MiddleWare/Console/console.d ./Src/MiddleWare/Console/console.o ./Src/MiddleWare/Console/console.su
rm -rf ./Src/MiddleWare/Common/atomic.cyclo ./Src/MiddleWare/Common/atomic.d ./Src/MiddleWare/Common/atomic.o ./Src/MiddleWare/Common/atomic.su
rm -rf ./Src/Driver/Devices/ds3234/ds3234.cyclo ./Src/Driver/Devices/ds3234/ds3234.d ./Src/Driver/Devices/ds3234/ds3234.o ./Src/Driver/Devices/ds3234/ds3234.su
rm -rf ./Src/Driver/Components/spi/spi_io.cyclo ./Src/Driver/Components/spi/spi_io.d ./Src/Driver/Components/spi/spi_io.o ./Src/Driver/Components/spi/spi_io.su
rm -rf ./Src/Driver/Components/dio/di.cyclo ./Src/Driver/Components/dio/di.d ./Src/Driver/Components/dio/di.o ./Src/Driver/Components/dio/di.su ./Src/Driver/Components/dio/do.cyclo ./Src/Driver/Components/dio/do.d ./Src/Driver/Components/dio/do.o ./Src/Driver/Components/dio/do.su
rm -rf ./Src/Driver/Components/Usart/usart_io.cyclo ./Src/Driver/Components/Usart/usart_io.d ./Src/Driver/Components/Usart/usart_io.o ./Src/Driver/Components/Usart/usart_io.su
rm -rf ./Src/BSP/BSP_led7seg/bsp_led7seg.cyclo ./Src/BSP/BSP_led7seg/bsp_led7seg.d ./Src/BSP/BSP_led7seg/bsp_led7seg.o ./Src/BSP/BSP_led7seg/bsp_led7seg.su
rm -rf ./Src/BSP/BSP_USART/bsp_uart.cyclo ./Src/BSP/BSP_USART/bsp_uart.d ./Src/BSP/BSP_USART/bsp_uart.o ./Src/BSP/BSP_USART/bsp_uart.su
rm -rf ./Src/BSP/BSP_Timers/bsp_timer.cyclo ./Src/BSP/BSP_Timers/bsp_timer.d ./Src/BSP/BSP_Timers/bsp_timer.o ./Src/BSP/BSP_Timers/bsp_timer.su
rm -rf ./Src/BSP/BSP_Relay/bsp_relay.cyclo ./Src/BSP/BSP_Relay/bsp_relay.d ./Src/BSP/BSP_Relay/bsp_relay.o ./Src/BSP/BSP_Relay/bsp_relay.su
rm -rf ./Src/BSP/BSP_Ntc/bsp_ntc.cyclo ./Src/BSP/BSP_Ntc/bsp_ntc.d ./Src/BSP/BSP_Ntc/bsp_ntc.o ./Src/BSP/BSP_Ntc/bsp_ntc.su
rm -rf ./Src/BSP/BSP_Led/bsp_led.cyclo ./Src/BSP/BSP_Led/bsp_led.d ./Src/BSP/BSP_Led/bsp_led.o ./Src/BSP/BSP_Led/bsp_led.su
rm -rf ./Src/BSP/BSP_Button/bsp_button.cyclo ./Src/BSP/BSP_Button/bsp_button.d ./Src/BSP/BSP_Button/bsp_button.o ./Src/BSP/BSP_Button/bsp_button.su
rm -rf ./Src/App/App_temperature/app_temperature.cyclo ./Src/App/App_temperature/app_temperature.d ./Src/App/App_temperature/app_temperature.o ./Src/App/App_temperature/app_temperature.su
rm -rf ./Src/App/App_sys_control/app_sys_control.cyclo ./Src/App/App_sys_control/app_sys_control.d ./Src/App/App_sys_control/app_sys_control.o ./Src/App/App_sys_control/app_sys_control.su
rm -rf ./Src/App/App_button/app_button.cyclo ./Src/App/App_button/app_button.d ./Src/App/App_button/app_button.o ./Src/App/App_button/app_button.su
rm -rf ./Src/App/App_Led7seg/app_led7seg.cyclo ./Src/App/App_Led7seg/app_led7seg.d ./Src/App/App_Led7seg/app_led7seg.o ./Src/App/App_Led7seg/app_led7seg.su
rm -rf ./Src/App/app_main.cyclo ./Src/App/app_main.d ./Src/App/app_main.o ./Src/App/app_main.su
rm -rf ./Drivers/STM32F4xx_HAL_Driver/Src/stm32f4xx_ll_adc.cyclo ./Drivers/STM32F4xx_HAL_Driver/Src/stm32f4xx_ll_adc.d ./Drivers/STM32F4xx_HAL_Driver/Src/stm32f4xx_ll_adc.o ./Drivers/STM32F4xx_HAL_Driver/Src/stm32f4xx_ll_adc.su ./Drivers/STM32F4xx_HAL_Driver/Src/stm32f4xx_ll_dma.cyclo ./Drivers/STM32F4xx_HAL_Driver/Src/stm32f4xx_ll_dma.d ./Drivers/STM32F4xx_HAL_Driver/Src/stm32f4xx_ll_dma.o ./Drivers/STM32F4xx_HAL_Driver/Src/stm32f4xx_ll_dma.su ./Drivers/STM32F4xx_HAL_Driver/Src/stm32f4xx_ll_exti.cyclo ./Drivers/STM32F4xx_HAL_Driver/Src/stm32f4xx_ll_exti.d ./Drivers/STM32F4xx_HAL_Driver/Src/stm32f4xx_ll_exti.o ./Drivers/STM32F4xx_HAL_Driver/Src/stm32f4xx_ll_exti.su ./Drivers/STM32F4xx_HAL_Driver/Src/stm32f4xx_ll_gpio.cyclo ./Drivers/STM32F4xx_HAL_Driver/Src/stm32f4xx_ll_gpio.d ./Drivers/STM32F4xx_HAL_Driver/Src/stm32f4xx_ll_gpio.o ./Drivers/STM32F4xx_HAL_Driver/Src/stm32f4xx_ll_gpio.su ./Drivers/STM32F4xx_HAL_Driver/Src/stm32f4xx_ll_rcc.cyclo ./Drivers/STM32F4xx_HAL_Driver/Src/stm32f4xx_ll_rcc.d ./Drivers/STM32F4xx_HAL_Driver/Src/stm32f4xx_ll_rcc.o ./Drivers/STM32F4xx_HAL_Driver/Src/stm32f4xx_ll_rcc.su ./Drivers/STM32F4xx_HAL_Driver/Src/stm32f4xx_ll_usart.cyclo ./Drivers/STM32F4xx_HAL_Driver/Src/stm32f4xx_ll_usart.d ./Drivers/STM32F4xx_HAL_Driver/Src/stm32f4xx_ll_usart.o ./Drivers/STM32F4xx_HAL_Driver/Src/stm32f4xx_ll_usart.su ./Drivers/STM32F4xx_HAL_Driver/Src/stm32f4xx_ll_utils.cyclo ./Drivers/STM32F4xx_HAL_Driver/Src/stm32f4xx_ll_utils.d ./Drivers/STM32F4xx_HAL_Driver/Src/stm32f4xx_ll_utils.o ./Drivers/STM32F4xx_HAL_Driver/Src/stm32f4xx_ll_utils.su
rm -rf ./Core/Startup/startup_stm32f407vgtx.d ./Core/Startup/startup_stm32f407vgtx.o
rm -rf ./Core/Src/main.cyclo ./Core/Src/main.d ./Core/Src/main.o ./Core/Src/main.su ./Core/Src/stm32f4xx_it.cyclo ./Core/Src/stm32f4xx_it.d ./Core/Src/stm32f4xx_it.o ./Core/Src/stm32f4xx_it.su ./Core/Src/syscalls.cyclo ./Core/Src/syscalls.d ./Core/Src/syscalls.o ./Core/Src/syscalls.su ./Core/Src/sysmem.cyclo ./Core/Src/sysmem.d ./Core/Src/sysmem.o ./Core/Src/sysmem.su ./Core/Src/system_stm32f4xx.cyclo ./Core/Src/system_stm32f4xx.d ./Core/Src/system_stm32f4xx.o ./Core/Src/system_stm32f4xx.su
rm -rf chapter11_example1.elf chapter11_example1.hex chapter11_example1.list chapter11_example1.map default.size.stdout
 
15:05:15 **** Clean-only build of configuration Debug for project chapter12_example1 ****
make -j12 clean 
rm -rf ./Src/MiddleWare/container/ring_buf.cyclo ./Src/MiddleWare/container/ring_buf.d ./Src/MiddleWare/container/ring_buf.o ./Src/MiddleWare/container/ring_buf.su
rm -rf ./Src/MiddleWare/FreeRTOS-Kernel/portable/MemMang/heap_4.cyclo ./Src/MiddleWare/FreeRTOS-Kernel/portable/MemMang/heap_4.d ./Src/MiddleWare/FreeRTOS-Kernel/portable/MemMang/heap_4.o ./Src/MiddleWare/FreeRTOS-Kernel/portable/MemMang/heap_4.su
rm -rf ./Src/MiddleWare/FreeRTOS-Kernel/portable/GCC/ARM_CM4F/port.cyclo ./Src/MiddleWare/FreeRTOS-Kernel/portable/GCC/ARM_CM4F/port.d ./Src/MiddleWare/FreeRTOS-Kernel/portable/GCC/ARM_CM4F/port.o ./Src/MiddleWare/FreeRTOS-Kernel/portable/GCC/ARM_CM4F/port.su
rm -rf ./Src/MiddleWare/FreeRTOS-Kernel/croutine.cyclo ./Src/MiddleWare/FreeRTOS-Kernel/croutine.d ./Src/MiddleWare/FreeRTOS-Kernel/croutine.o ./Src/MiddleWare/FreeRTOS-Kernel/croutine.su ./Src/MiddleWare/FreeRTOS-Kernel/event_groups.cyclo ./Src/MiddleWare/FreeRTOS-Kernel/event_groups.d ./Src/MiddleWare/FreeRTOS-Kernel/event_groups.o ./Src/MiddleWare/FreeRTOS-Kernel/event_groups.su ./Src/MiddleWare/FreeRTOS-Kernel/list.cyclo ./Src/MiddleWare/FreeRTOS-Kernel/list.d ./Src/MiddleWare/FreeRTOS-Kernel/list.o ./Src/MiddleWare/FreeRTOS-Kernel/list.su ./Src/MiddleWare/FreeRTOS-Kernel/queue.cyclo ./Src/MiddleWare/FreeRTOS-Kernel/queue.d ./Src/MiddleWare/FreeRTOS-Kernel/queue.o ./Src/MiddleWare/FreeRTOS-Kernel/queue.su ./Src/MiddleWare/FreeRTOS-Kernel/stream_buffer.cyclo ./Src/MiddleWare/FreeRTOS-Kernel/stream_buffer.d ./Src/MiddleWare/FreeRTOS-Kernel/stream_buffer.o ./Src/MiddleWare/FreeRTOS-Kernel/stream_buffer.su ./Src/MiddleWare/FreeRTOS-Kernel/tasks.cyclo ./Src/MiddleWare/FreeRTOS-Kernel/tasks.d ./Src/MiddleWare/FreeRTOS-Kernel/tasks.o ./Src/MiddleWare/FreeRTOS-Kernel/tasks.su ./Src/MiddleWare/FreeRTOS-Kernel/timers.cyclo ./Src/MiddleWare/FreeRTOS-Kernel/timers.d ./Src/MiddleWare/FreeRTOS-Kernel/timers.o ./Src/MiddleWare/FreeRTOS-Kernel/timers.su
rm -rf ./Src/MiddleWare/Console/console.cyclo ./Src/MiddleWare/Console/console.d ./Src/MiddleWare/Console/console.o ./Src/MiddleWare/Console/console.su
rm -rf ./Src/MiddleWare/Common/atomic.cyclo ./Src/MiddleWare/Common/atomic.d ./Src/MiddleWare/Common/atomic.o ./Src/MiddleWare/Common/atomic.su
rm -rf ./Src/Driver/Devices/ds3234/ds3234.cyclo ./Src/Driver/Devices/ds3234/ds3234.d ./Src/Driver/Devices/ds3234/ds3234.o ./Src/Driver/Devices/ds3234/ds3234.su
rm -rf ./Src/Driver/Components/spi/spi_io.cyclo ./Src/Driver/Components/spi/spi_io.d ./Src/Driver/Components/spi/spi_io.o ./Src/Driver/Components/spi/spi_io.su
rm -rf ./Src/Driver/Components/dio/di.cyclo ./Src/Driver/Components/dio/di.d ./Src/Driver/Components/dio/di.o ./Src/Driver/Components/dio/di.su ./Src/Driver/Components/dio/do.cyclo ./Src/Driver/Components/dio/do.d ./Src/Driver/Components/dio/do.o ./Src/Driver/Components/dio/do.su
rm -rf ./Src/Driver/Components/Usart/usart_io.cyclo ./Src/Driver/Components/Usart/usart_io.d ./Src/Driver/Components/Usart/usart_io.o ./Src/Driver/Components/Usart/usart_io.su
rm -rf ./Src/BSP/BSP_Water_Sensor/bsp_water.cyclo ./Src/BSP/BSP_Water_Sensor/bsp_water.d ./Src/BSP/BSP_Water_Sensor/bsp_water.o ./Src/BSP/BSP_Water_Sensor/bsp_water.su
rm -rf ./Src/BSP/BSP_USART/bsp_uart.cyclo ./Src/BSP/BSP_USART/bsp_uart.d ./Src/BSP/BSP_USART/bsp_uart.o ./Src/BSP/BSP_USART/bsp_uart.su
rm -rf ./Src/BSP/BSP_RTC/bsp_rtc.cyclo ./Src/BSP/BSP_RTC/bsp_rtc.d ./Src/BSP/BSP_RTC/bsp_rtc.o ./Src/BSP/BSP_RTC/bsp_rtc.su
rm -rf ./Src/BSP/BSP_Led/bsp_led.cyclo ./Src/BSP/BSP_Led/bsp_led.d ./Src/BSP/BSP_Led/bsp_led.o ./Src/BSP/BSP_Led/bsp_led.su
rm -rf ./Src/App/app_main.cyclo ./Src/App/app_main.d ./Src/App/app_main.o ./Src/App/app_main.su
rm -rf ./Drivers/STM32F4xx_HAL_Driver/Src/stm32f4xx_ll_dma.cyclo ./Drivers/STM32F4xx_HAL_Driver/Src/stm32f4xx_ll_dma.d ./Drivers/STM32F4xx_HAL_Driver/Src/stm32f4xx_ll_dma.o ./Drivers/STM32F4xx_HAL_Driver/Src/stm32f4xx_ll_dma.su ./Drivers/STM32F4xx_HAL_Driver/Src/stm32f4xx_ll_exti.cyclo ./Drivers/STM32F4xx_HAL_Driver/Src/stm32f4xx_ll_exti.d ./Drivers/STM32F4xx_HAL_Driver/Src/stm32f4xx_ll_exti.o ./Drivers/STM32F4xx_HAL_Driver/Src/stm32f4xx_ll_exti.su ./Drivers/STM32F4xx_HAL_Driver/Src/stm32f4xx_ll_gpio.cyclo ./Drivers/STM32F4xx_HAL_Driver/Src/stm32f4xx_ll_gpio.d ./Drivers/STM32F4xx_HAL_Driver/Src/stm32f4xx_ll_gpio.o ./Drivers/STM32F4xx_HAL_Driver/Src/stm32f4xx_ll_gpio.su ./Drivers/STM32F4xx_HAL_Driver/Src/stm32f4xx_ll_rcc.cyclo ./Drivers/STM32F4xx_HAL_Driver/Src/stm32f4xx_ll_rcc.d ./Drivers/STM32F4xx_HAL_Driver/Src/stm32f4xx_ll_rcc.o ./Drivers/STM32F4xx_HAL_Driver/Src/stm32f4xx_ll_rcc.su ./Drivers/STM32F4xx_HAL_Driver/Src/stm32f4xx_ll_spi.cyclo ./Drivers/STM32F4xx_HAL_Driver/Src/stm32f4xx_ll_spi.d ./Drivers/STM32F4xx_HAL_Driver/Src/stm32f4xx_ll_spi.o ./Drivers/STM32F4xx_HAL_Driver/Src/stm32f4xx_ll_spi.su ./Drivers/STM32F4xx_HAL_Driver/Src/stm32f4xx_ll_usart.cyclo ./Drivers/STM32F4xx_HAL_Driver/Src/stm32f4xx_ll_usart.d ./Drivers/STM32F4xx_HAL_Driver/Src/stm32f4xx_ll_usart.o ./Drivers/STM32F4xx_HAL_Driver/Src/stm32f4xx_ll_usart.su ./Drivers/STM32F4xx_HAL_Driver/Src/stm32f4xx_ll_utils.cyclo ./Drivers/STM32F4xx_HAL_Driver/Src/stm32f4xx_ll_utils.d ./Drivers/STM32F4xx_HAL_Driver/Src/stm32f4xx_ll_utils.o ./Drivers/STM32F4xx_HAL_Driver/Src/stm32f4xx_ll_utils.su
rm -rf ./Core/Startup/startup_stm32f407vgtx.d ./Core/Startup/startup_stm32f407vgtx.o
rm -rf ./Core/Src/main.cyclo ./Core/Src/main.d ./Core/Src/main.o ./Core/Src/main.su ./Core/Src/stm32f4xx_it.cyclo ./Core/Src/stm32f4xx_it.d ./Core/Src/stm32f4xx_it.o ./Core/Src/stm32f4xx_it.su ./Core/Src/syscalls.cyclo ./Core/Src/syscalls.d ./Core/Src/syscalls.o ./Core/Src/syscalls.su ./Core/Src/sysmem.cyclo ./Core/Src/sysmem.d ./Core/Src/sysmem.o ./Core/Src/sysmem.su ./Core/Src/system_stm32f4xx.cyclo ./Core/Src/system_stm32f4xx.d ./Core/Src/system_stm32f4xx.o ./Core/Src/system_stm32f4xx.su
rm -rf chapter12_example1.elf chapter12_example1.hex chapter12_example1.list chapter12_example1.map default.size.stdout
 
15:05:15 **** Clean-only build of configuration Debug for project chapter12_example2 ****
make -j12 clean 
rm -rf ./Src/MiddleWare/printf/printf.cyclo ./Src/MiddleWare/printf/printf.d ./Src/MiddleWare/printf/printf.o ./Src/MiddleWare/printf/printf.su
rm -rf ./Src/MiddleWare/container/fifo.cyclo ./Src/MiddleWare/container/fifo.d ./Src/MiddleWare/container/fifo.o ./Src/MiddleWare/container/fifo.su ./Src/MiddleWare/container/ring_buf.cyclo ./Src/MiddleWare/container/ring_buf.d ./Src/MiddleWare/container/ring_buf.o ./Src/MiddleWare/container/ring_buf.su
rm -rf ./Src/MiddleWare/FreeRTOS-Kernel/portable/MemMang/heap_4.cyclo ./Src/MiddleWare/FreeRTOS-Kernel/portable/MemMang/heap_4.d ./Src/MiddleWare/FreeRTOS-Kernel/portable/MemMang/heap_4.o ./Src/MiddleWare/FreeRTOS-Kernel/portable/MemMang/heap_4.su
rm -rf ./Src/MiddleWare/FreeRTOS-Kernel/portable/GCC/ARM_CM7/r0p1/port.cyclo ./Src/MiddleWare/FreeRTOS-Kernel/portable/GCC/ARM_CM7/r0p1/port.d ./Src/MiddleWare/FreeRTOS-Kernel/portable/GCC/ARM_CM7/r0p1/port.o ./Src/MiddleWare/FreeRTOS-Kernel/portable/GCC/ARM_CM7/r0p1/port.su
rm -rf ./Src/MiddleWare/FreeRTOS-Kernel/croutine.cyclo ./Src/MiddleWare/FreeRTOS-Kernel/croutine.d ./Src/MiddleWare/FreeRTOS-Kernel/croutine.o ./Src/MiddleWare/FreeRTOS-Kernel/croutine.su ./Src/MiddleWare/FreeRTOS-Kernel/event_groups.cyclo ./Src/MiddleWare/FreeRTOS-Kernel/event_groups.d ./Src/MiddleWare/FreeRTOS-Kernel/event_groups.o ./Src/MiddleWare/FreeRTOS-Kernel/event_groups.su ./Src/MiddleWare/FreeRTOS-Kernel/list.cyclo ./Src/MiddleWare/FreeRTOS-Kernel/list.d ./Src/MiddleWare/FreeRTOS-Kernel/list.o ./Src/MiddleWare/FreeRTOS-Kernel/list.su ./Src/MiddleWare/FreeRTOS-Kernel/queue.cyclo ./Src/MiddleWare/FreeRTOS-Kernel/queue.d ./Src/MiddleWare/FreeRTOS-Kernel/queue.o ./Src/MiddleWare/FreeRTOS-Kernel/queue.su ./Src/MiddleWare/FreeRTOS-Kernel/stream_buffer.cyclo ./Src/MiddleWare/FreeRTOS-Kernel/stream_buffer.d ./Src/MiddleWare/FreeRTOS-Kernel/stream_buffer.o ./Src/MiddleWare/FreeRTOS-Kernel/stream_buffer.su ./Src/MiddleWare/FreeRTOS-Kernel/tasks.cyclo ./Src/MiddleWare/FreeRTOS-Kernel/tasks.d ./Src/MiddleWare/FreeRTOS-Kernel/tasks.o ./Src/MiddleWare/FreeRTOS-Kernel/tasks.su ./Src/MiddleWare/FreeRTOS-Kernel/timers.cyclo ./Src/MiddleWare/FreeRTOS-Kernel/timers.d ./Src/MiddleWare/FreeRTOS-Kernel/timers.o ./Src/MiddleWare/FreeRTOS-Kernel/timers.su
rm -rf ./Src/BSP/BSP_USART/bsp_uart.cyclo ./Src/BSP/BSP_USART/bsp_uart.d ./Src/BSP/BSP_USART/bsp_uart.o ./Src/BSP/BSP_USART/bsp_uart.su
rm -rf ./Src/App/app_main.cyclo ./Src/App/app_main.d ./Src/App/app_main.o ./Src/App/app_main.su
rm -rf ./Drivers/STM32F7xx_HAL_Driver/Src/stm32f7xx_ll_dma.cyclo ./Drivers/STM32F7xx_HAL_Driver/Src/stm32f7xx_ll_dma.d ./Drivers/STM32F7xx_HAL_Driver/Src/stm32f7xx_ll_dma.o ./Drivers/STM32F7xx_HAL_Driver/Src/stm32f7xx_ll_dma.su ./Drivers/STM32F7xx_HAL_Driver/Src/stm32f7xx_ll_exti.cyclo ./Drivers/STM32F7xx_HAL_Driver/Src/stm32f7xx_ll_exti.d ./Drivers/STM32F7xx_HAL_Driver/Src/stm32f7xx_ll_exti.o ./Drivers/STM32F7xx_HAL_Driver/Src/stm32f7xx_ll_exti.su ./Drivers/STM32F7xx_HAL_Driver/Src/stm32f7xx_ll_gpio.cyclo ./Drivers/STM32F7xx_HAL_Driver/Src/stm32f7xx_ll_gpio.d ./Drivers/STM32F7xx_HAL_Driver/Src/stm32f7xx_ll_gpio.o ./Drivers/STM32F7xx_HAL_Driver/Src/stm32f7xx_ll_gpio.su ./Drivers/STM32F7xx_HAL_Driver/Src/stm32f7xx_ll_rcc.cyclo ./Drivers/STM32F7xx_HAL_Driver/Src/stm32f7xx_ll_rcc.d ./Drivers/STM32F7xx_HAL_Driver/Src/stm32f7xx_ll_rcc.o ./Drivers/STM32F7xx_HAL_Driver/Src/stm32f7xx_ll_rcc.su ./Drivers/STM32F7xx_HAL_Driver/Src/stm32f7xx_ll_usart.cyclo ./Drivers/STM32F7xx_HAL_Driver/Src/stm32f7xx_ll_usart.d ./Drivers/STM32F7xx_HAL_Driver/Src/stm32f7xx_ll_usart.o ./Drivers/STM32F7xx_HAL_Driver/Src/stm32f7xx_ll_usart.su ./Drivers/STM32F7xx_HAL_Driver/Src/stm32f7xx_ll_utils.cyclo ./Drivers/STM32F7xx_HAL_Driver/Src/stm32f7xx_ll_utils.d ./Drivers/STM32F7xx_HAL_Driver/Src/stm32f7xx_ll_utils.o ./Drivers/STM32F7xx_HAL_Driver/Src/stm32f7xx_ll_utils.su
rm -rf ./Core/Startup/startup_stm32f746nghx.d ./Core/Startup/startup_stm32f746nghx.o
rm -rf ./Core/Src/main.cyclo ./Core/Src/main.d ./Core/Src/main.o ./Core/Src/main.su ./Core/Src/stm32f7xx_it.cyclo ./Core/Src/stm32f7xx_it.d ./Core/Src/stm32f7xx_it.o ./Core/Src/stm32f7xx_it.su ./Core/Src/syscalls.cyclo ./Core/Src/syscalls.d ./Core/Src/syscalls.o ./Core/Src/syscalls.su ./Core/Src/sysmem.cyclo ./Core/Src/sysmem.d ./Core/Src/sysmem.o ./Core/Src/sysmem.su ./Core/Src/system_stm32f7xx.cyclo ./Core/Src/system_stm32f7xx.d ./Core/Src/system_stm32f7xx.o ./Core/Src/system_stm32f7xx.su
rm -rf chapter12_example2.elf chapter12_example2.list chapter12_example2.map default.size.stdout
 
15:05:16 **** Clean-only build of configuration Debug for project chapter4_example2 ****
make -j12 clean 
rm -rf ./Drivers/STM32F4xx_HAL_Driver/Src/stm32f4xx_hal.cyclo ./Drivers/STM32F4xx_HAL_Driver/Src/stm32f4xx_hal.d ./Drivers/STM32F4xx_HAL_Driver/Src/stm32f4xx_hal.o ./Drivers/STM32F4xx_HAL_Driver/Src/stm32f4xx_hal.su ./Drivers/STM32F4xx_HAL_Driver/Src/stm32f4xx_hal_cortex.cyclo ./Drivers/STM32F4xx_HAL_Driver/Src/stm32f4xx_hal_cortex.d ./Drivers/STM32F4xx_HAL_Driver/Src/stm32f4xx_hal_cortex.o ./Drivers/STM32F4xx_HAL_Driver/Src/stm32f4xx_hal_cortex.su ./Drivers/STM32F4xx_HAL_Driver/Src/stm32f4xx_hal_dma.cyclo ./Drivers/STM32F4xx_HAL_Driver/Src/stm32f4xx_hal_dma.d ./Drivers/STM32F4xx_HAL_Driver/Src/stm32f4xx_hal_dma.o ./Drivers/STM32F4xx_HAL_Driver/Src/stm32f4xx_hal_dma.su ./Drivers/STM32F4xx_HAL_Driver/Src/stm32f4xx_hal_dma_ex.cyclo ./Drivers/STM32F4xx_HAL_Driver/Src/stm32f4xx_hal_dma_ex.d ./Drivers/STM32F4xx_HAL_Driver/Src/stm32f4xx_hal_dma_ex.o ./Drivers/STM32F4xx_HAL_Driver/Src/stm32f4xx_hal_dma_ex.su ./Drivers/STM32F4xx_HAL_Driver/Src/stm32f4xx_hal_exti.cyclo ./Drivers/STM32F4xx_HAL_Driver/Src/stm32f4xx_hal_exti.d ./Drivers/STM32F4xx_HAL_Driver/Src/stm32f4xx_hal_exti.o ./Drivers/STM32F4xx_HAL_Driver/Src/stm32f4xx_hal_exti.su ./Drivers/STM32F4xx_HAL_Driver/Src/stm32f4xx_hal_flash.cyclo ./Drivers/STM32F4xx_HAL_Driver/Src/stm32f4xx_hal_flash.d ./Drivers/STM32F4xx_HAL_Driver/Src/stm32f4xx_hal_flash.o ./Drivers/STM32F4xx_HAL_Driver/Src/stm32f4xx_hal_flash.su ./Drivers/STM32F4xx_HAL_Driver/Src/stm32f4xx_hal_flash_ex.cyclo ./Drivers/STM32F4xx_HAL_Driver/Src/stm32f4xx_hal_flash_ex.d ./Drivers/STM32F4xx_HAL_Driver/Src/stm32f4xx_hal_flash_ex.o ./Drivers/STM32F4xx_HAL_Driver/Src/stm32f4xx_hal_flash_ex.su ./Drivers/STM32F4xx_HAL_Driver/Src/stm32f4xx_hal_flash_ramfunc.cyclo ./Drivers/STM32F4xx_HAL_Driver/Src/stm32f4xx_hal_flash_ramfunc.d ./Drivers/STM32F4xx_HAL_Driver/Src/stm32f4xx_hal_flash_ramfunc.o ./Drivers/STM32F4xx_HAL_Driver/Src/stm32f4xx_hal_flash_ramfunc.su ./Drivers/STM32F4xx_HAL_Driver/Src/stm32f4xx_hal_gpio.cyclo ./Drivers/STM32F4xx_HAL_Driver/Src/stm32f4xx_hal_gpio.d ./Drivers/STM32F4xx_HAL_Driver/Src/stm32f4xx_hal_gpio.o ./Drivers/STM32F4xx_HAL_Driver/Src/stm32f4xx_hal_gpio.su ./Drivers/STM32F4xx_HAL_Driver/Src/stm32f4xx_hal_pwr.cyclo ./Drivers/STM32F4xx_HAL_Driver/Src/stm32f4xx_hal_pwr.d ./Drivers/STM32F4xx_HAL_Driver/Src/stm32f4xx_hal_pwr.o ./Drivers/STM32F4xx_HAL_Driver/Src/stm32f4xx_hal_pwr.su ./Drivers/STM32F4xx_HAL_Driver/Src/stm32f4xx_hal_pwr_ex.cyclo ./Drivers/STM32F4xx_HAL_Driver/Src/stm32f4xx_hal_pwr_ex.d ./Drivers/STM32F4xx_HAL_Driver/Src/stm32f4xx_hal_pwr_ex.o ./Drivers/STM32F4xx_HAL_Driver/Src/stm32f4xx_hal_pwr_ex.su ./Drivers/STM32F4xx_HAL_Driver/Src/stm32f4xx_hal_rcc.cyclo ./Drivers/STM32F4xx_HAL_Driver/Src/stm32f4xx_hal_rcc.d ./Drivers/STM32F4xx_HAL_Driver/Src/stm32f4xx_hal_rcc.o ./Drivers/STM32F4xx_HAL_Driver/Src/stm32f4xx_hal_rcc.su ./Drivers/STM32F4xx_HAL_Driver/Src/stm32f4xx_hal_rcc_ex.cyclo ./Drivers/STM32F4xx_HAL_Driver/Src/stm32f4xx_hal_rcc_ex.d ./Drivers/STM32F4xx_HAL_Driver/Src/stm32f4xx_hal_rcc_ex.o ./Drivers/STM32F4xx_HAL_Driver/Src/stm32f4xx_hal_rcc_ex.su
rm -rf ./Core/Startup/startup_stm32f407vgtx.d ./Core/Startup/startup_stm32f407vgtx.o
rm -rf ./Core/Src/main.cyclo ./Core/Src/main.d ./Core/Src/main.o ./Core/Src/main.su ./Core/Src/stm32f4xx_hal_msp.cyclo ./Core/Src/stm32f4xx_hal_msp.d ./Core/Src/stm32f4xx_hal_msp.o ./Core/Src/stm32f4xx_hal_msp.su ./Core/Src/stm32f4xx_it.cyclo ./Core/Src/stm32f4xx_it.d ./Core/Src/stm32f4xx_it.o ./Core/Src/stm32f4xx_it.su ./Core/Src/syscalls.cyclo ./Core/Src/syscalls.d ./Core/Src/syscalls.o ./Core/Src/syscalls.su ./Core/Src/sysmem.cyclo ./Core/Src/sysmem.d ./Core/Src/sysmem.o ./Core/Src/sysmem.su ./Core/Src/system_stm32f4xx.cyclo ./Core/Src/system_stm32f4xx.d ./Core/Src/system_stm32f4xx.o ./Core/Src/system_stm32f4xx.su
rm -rf chapter4_example2.elf chapter4_example2.list chapter4_example2.map default.size.stdout
 
15:05:17 **** Clean-only build of configuration Release for project chapter5_example1 ****
make -j12 clean 
rm -rf ./Startup/startup_stm32f407vgtx.d ./Startup/startup_stm32f407vgtx.o
rm -rf ./Src/main.cyclo ./Src/main.d ./Src/main.o ./Src/main.su ./Src/syscalls.cyclo ./Src/syscalls.d ./Src/syscalls.o ./Src/syscalls.su ./Src/sysmem.cyclo ./Src/sysmem.d ./Src/sysmem.o ./Src/sysmem.su ./Src/system_stm32f4xx.cyclo ./Src/system_stm32f4xx.d ./Src/system_stm32f4xx.o ./Src/system_stm32f4xx.su
rm -rf chapter5_example1.elf chapter5_example1.list chapter5_example1.map default.size.stdout
 
15:05:17 **** Clean-only build of configuration Release for project chapter6_example1 ****
make -j12 clean 
rm -rf ./Startup/startup_stm32f407vgtx.d ./Startup/startup_stm32f407vgtx.o
rm -rf ./Src/main.cyclo ./Src/main.d ./Src/main.o ./Src/main.su ./Src/syscalls.cyclo ./Src/syscalls.d ./Src/syscalls.o ./Src/syscalls.su ./Src/sysmem.cyclo ./Src/sysmem.d ./Src/sysmem.o ./Src/sysmem.su ./Src/system_stm32f4xx.cyclo ./Src/system_stm32f4xx.d ./Src/system_stm32f4xx.o ./Src/system_stm32f4xx.su
rm -rf chapter6_example1.elf chapter6_example1.list chapter6_example1.map default.size.stdout
 
15:05:18 **** Clean-only build of configuration Debug for project chapter6_example2 ****
make -j12 clean 
rm -rf ./Drivers/STM32F4xx_HAL_Driver/Src/stm32f4xx_hal.cyclo ./Drivers/STM32F4xx_HAL_Driver/Src/stm32f4xx_hal.d ./Drivers/STM32F4xx_HAL_Driver/Src/stm32f4xx_hal.o ./Drivers/STM32F4xx_HAL_Driver/Src/stm32f4xx_hal.su ./Drivers/STM32F4xx_HAL_Driver/Src/stm32f4xx_hal_cortex.cyclo ./Drivers/STM32F4xx_HAL_Driver/Src/stm32f4xx_hal_cortex.d ./Drivers/STM32F4xx_HAL_Driver/Src/stm32f4xx_hal_cortex.o ./Drivers/STM32F4xx_HAL_Driver/Src/stm32f4xx_hal_cortex.su ./Drivers/STM32F4xx_HAL_Driver/Src/stm32f4xx_hal_dma.cyclo ./Drivers/STM32F4xx_HAL_Driver/Src/stm32f4xx_hal_dma.d ./Drivers/STM32F4xx_HAL_Driver/Src/stm32f4xx_hal_dma.o ./Drivers/STM32F4xx_HAL_Driver/Src/stm32f4xx_hal_dma.su ./Drivers/STM32F4xx_HAL_Driver/Src/stm32f4xx_hal_dma_ex.cyclo ./Drivers/STM32F4xx_HAL_Driver/Src/stm32f4xx_hal_dma_ex.d ./Drivers/STM32F4xx_HAL_Driver/Src/stm32f4xx_hal_dma_ex.o ./Drivers/STM32F4xx_HAL_Driver/Src/stm32f4xx_hal_dma_ex.su ./Drivers/STM32F4xx_HAL_Driver/Src/stm32f4xx_hal_exti.cyclo ./Drivers/STM32F4xx_HAL_Driver/Src/stm32f4xx_hal_exti.d ./Drivers/STM32F4xx_HAL_Driver/Src/stm32f4xx_hal_exti.o ./Drivers/STM32F4xx_HAL_Driver/Src/stm32f4xx_hal_exti.su ./Drivers/STM32F4xx_HAL_Driver/Src/stm32f4xx_hal_flash.cyclo ./Drivers/STM32F4xx_HAL_Driver/Src/stm32f4xx_hal_flash.d ./Drivers/STM32F4xx_HAL_Driver/Src/stm32f4xx_hal_flash.o ./Drivers/STM32F4xx_HAL_Driver/Src/stm32f4xx_hal_flash.su ./Drivers/STM32F4xx_HAL_Driver/Src/stm32f4xx_hal_flash_ex.cyclo ./Drivers/STM32F4xx_HAL_Driver/Src/stm32f4xx_hal_flash_ex.d ./Drivers/STM32F4xx_HAL_Driver/Src/stm32f4xx_hal_flash_ex.o ./Drivers/STM32F4xx_HAL_Driver/Src/stm32f4xx_hal_flash_ex.su ./Drivers/STM32F4xx_HAL_Driver/Src/stm32f4xx_hal_flash_ramfunc.cyclo ./Drivers/STM32F4xx_HAL_Driver/Src/stm32f4xx_hal_flash_ramfunc.d ./Drivers/STM32F4xx_HAL_Driver/Src/stm32f4xx_hal_flash_ramfunc.o ./Drivers/STM32F4xx_HAL_Driver/Src/stm32f4xx_hal_flash_ramfunc.su ./Drivers/STM32F4xx_HAL_Driver/Src/stm32f4xx_hal_gpio.cyclo ./Drivers/STM32F4xx_HAL_Driver/Src/stm32f4xx_hal_gpio.d ./Drivers/STM32F4xx_HAL_Driver/Src/stm32f4xx_hal_gpio.o ./Drivers/STM32F4xx_HAL_Driver/Src/stm32f4xx_hal_gpio.su ./Drivers/STM32F4xx_HAL_Driver/Src/stm32f4xx_hal_pwr.cyclo ./Drivers/STM32F4xx_HAL_Driver/Src/stm32f4xx_hal_pwr.d ./Drivers/STM32F4xx_HAL_Driver/Src/stm32f4xx_hal_pwr.o ./Drivers/STM32F4xx_HAL_Driver/Src/stm32f4xx_hal_pwr.su ./Drivers/STM32F4xx_HAL_Driver/Src/stm32f4xx_hal_pwr_ex.cyclo ./Drivers/STM32F4xx_HAL_Driver/Src/stm32f4xx_hal_pwr_ex.d ./Drivers/STM32F4xx_HAL_Driver/Src/stm32f4xx_hal_pwr_ex.o ./Drivers/STM32F4xx_HAL_Driver/Src/stm32f4xx_hal_pwr_ex.su ./Drivers/STM32F4xx_HAL_Driver/Src/stm32f4xx_hal_rcc.cyclo ./Drivers/STM32F4xx_HAL_Driver/Src/stm32f4xx_hal_rcc.d ./Drivers/STM32F4xx_HAL_Driver/Src/stm32f4xx_hal_rcc.o ./Drivers/STM32F4xx_HAL_Driver/Src/stm32f4xx_hal_rcc.su ./Drivers/STM32F4xx_HAL_Driver/Src/stm32f4xx_hal_rcc_ex.cyclo ./Drivers/STM32F4xx_HAL_Driver/Src/stm32f4xx_hal_rcc_ex.d ./Drivers/STM32F4xx_HAL_Driver/Src/stm32f4xx_hal_rcc_ex.o ./Drivers/STM32F4xx_HAL_Driver/Src/stm32f4xx_hal_rcc_ex.su
rm -rf ./Core/Startup/startup_stm32f411vetx.d ./Core/Startup/startup_stm32f411vetx.o
rm -rf ./Core/Src/main.cyclo ./Core/Src/main.d ./Core/Src/main.o ./Core/Src/main.su ./Core/Src/stm32f4xx_hal_msp.cyclo ./Core/Src/stm32f4xx_hal_msp.d ./Core/Src/stm32f4xx_hal_msp.o ./Core/Src/stm32f4xx_hal_msp.su ./Core/Src/stm32f4xx_it.cyclo ./Core/Src/stm32f4xx_it.d ./Core/Src/stm32f4xx_it.o ./Core/Src/stm32f4xx_it.su ./Core/Src/syscalls.cyclo ./Core/Src/syscalls.d ./Core/Src/syscalls.o ./Core/Src/syscalls.su ./Core/Src/sysmem.cyclo ./Core/Src/sysmem.d ./Core/Src/sysmem.o ./Core/Src/sysmem.su ./Core/Src/system_stm32f4xx.cyclo ./Core/Src/system_stm32f4xx.d ./Core/Src/system_stm32f4xx.o ./Core/Src/system_stm32f4xx.su
rm -rf chapter6_example2.elf chapter6_example2.list chapter6_example2.map default.size.stdout
 
15:05:18 **** Clean-only build of configuration Debug for project chapter7_example1 ****
make -j12 clean 
rm -rf ./Drivers/STM32F4xx_HAL_Driver/Src/stm32f4xx_ll_dma.cyclo ./Drivers/STM32F4xx_HAL_Driver/Src/stm32f4xx_ll_dma.d ./Drivers/STM32F4xx_HAL_Driver/Src/stm32f4xx_ll_dma.o ./Drivers/STM32F4xx_HAL_Driver/Src/stm32f4xx_ll_dma.su ./Drivers/STM32F4xx_HAL_Driver/Src/stm32f4xx_ll_exti.cyclo ./Drivers/STM32F4xx_HAL_Driver/Src/stm32f4xx_ll_exti.d ./Drivers/STM32F4xx_HAL_Driver/Src/stm32f4xx_ll_exti.o ./Drivers/STM32F4xx_HAL_Driver/Src/stm32f4xx_ll_exti.su ./Drivers/STM32F4xx_HAL_Driver/Src/stm32f4xx_ll_gpio.cyclo ./Drivers/STM32F4xx_HAL_Driver/Src/stm32f4xx_ll_gpio.d ./Drivers/STM32F4xx_HAL_Driver/Src/stm32f4xx_ll_gpio.o ./Drivers/STM32F4xx_HAL_Driver/Src/stm32f4xx_ll_gpio.su ./Drivers/STM32F4xx_HAL_Driver/Src/stm32f4xx_ll_rcc.cyclo ./Drivers/STM32F4xx_HAL_Driver/Src/stm32f4xx_ll_rcc.d ./Drivers/STM32F4xx_HAL_Driver/Src/stm32f4xx_ll_rcc.o ./Drivers/STM32F4xx_HAL_Driver/Src/stm32f4xx_ll_rcc.su ./Drivers/STM32F4xx_HAL_Driver/Src/stm32f4xx_ll_usart.cyclo ./Drivers/STM32F4xx_HAL_Driver/Src/stm32f4xx_ll_usart.d ./Drivers/STM32F4xx_HAL_Driver/Src/stm32f4xx_ll_usart.o ./Drivers/STM32F4xx_HAL_Driver/Src/stm32f4xx_ll_usart.su ./Drivers/STM32F4xx_HAL_Driver/Src/stm32f4xx_ll_utils.cyclo ./Drivers/STM32F4xx_HAL_Driver/Src/stm32f4xx_ll_utils.d ./Drivers/STM32F4xx_HAL_Driver/Src/stm32f4xx_ll_utils.o ./Drivers/STM32F4xx_HAL_Driver/Src/stm32f4xx_ll_utils.su
rm -rf ./Core/Startup/startup_stm32f401vehx.d ./Core/Startup/startup_stm32f401vehx.o
rm -rf ./Core/Src/main.cyclo ./Core/Src/main.d ./Core/Src/main.o ./Core/Src/main.su ./Core/Src/stm32f4xx_it.cyclo ./Core/Src/stm32f4xx_it.d ./Core/Src/stm32f4xx_it.o ./Core/Src/stm32f4xx_it.su ./Core/Src/syscalls.cyclo ./Core/Src/syscalls.d ./Core/Src/syscalls.o ./Core/Src/syscalls.su ./Core/Src/sysmem.cyclo ./Core/Src/sysmem.d ./Core/Src/sysmem.o ./Core/Src/sysmem.su ./Core/Src/system_stm32f4xx.cyclo ./Core/Src/system_stm32f4xx.d ./Core/Src/system_stm32f4xx.o ./Core/Src/system_stm32f4xx.su
rm -rf chapter7_example1.elf chapter7_example1.hex chapter7_example1.list chapter7_example1.map default.size.stdout
 
15:05:19 **** Clean-only build of configuration Debug for project chapter7_example3 ****
make -j12 clean 
rm -rf ./Drivers/STM32F4xx_HAL_Driver/Src/stm32f4xx_hal.cyclo ./Drivers/STM32F4xx_HAL_Driver/Src/stm32f4xx_hal.d ./Drivers/STM32F4xx_HAL_Driver/Src/stm32f4xx_hal.o ./Drivers/STM32F4xx_HAL_Driver/Src/stm32f4xx_hal.su ./Drivers/STM32F4xx_HAL_Driver/Src/stm32f4xx_hal_cortex.cyclo ./Drivers/STM32F4xx_HAL_Driver/Src/stm32f4xx_hal_cortex.d ./Drivers/STM32F4xx_HAL_Driver/Src/stm32f4xx_hal_cortex.o ./Drivers/STM32F4xx_HAL_Driver/Src/stm32f4xx_hal_cortex.su ./Drivers/STM32F4xx_HAL_Driver/Src/stm32f4xx_hal_dma.cyclo ./Drivers/STM32F4xx_HAL_Driver/Src/stm32f4xx_hal_dma.d ./Drivers/STM32F4xx_HAL_Driver/Src/stm32f4xx_hal_dma.o ./Drivers/STM32F4xx_HAL_Driver/Src/stm32f4xx_hal_dma.su ./Drivers/STM32F4xx_HAL_Driver/Src/stm32f4xx_hal_dma_ex.cyclo ./Drivers/STM32F4xx_HAL_Driver/Src/stm32f4xx_hal_dma_ex.d ./Drivers/STM32F4xx_HAL_Driver/Src/stm32f4xx_hal_dma_ex.o ./Drivers/STM32F4xx_HAL_Driver/Src/stm32f4xx_hal_dma_ex.su ./Drivers/STM32F4xx_HAL_Driver/Src/stm32f4xx_hal_exti.cyclo ./Drivers/STM32F4xx_HAL_Driver/Src/stm32f4xx_hal_exti.d ./Drivers/STM32F4xx_HAL_Driver/Src/stm32f4xx_hal_exti.o ./Drivers/STM32F4xx_HAL_Driver/Src/stm32f4xx_hal_exti.su ./Drivers/STM32F4xx_HAL_Driver/Src/stm32f4xx_hal_flash.cyclo ./Drivers/STM32F4xx_HAL_Driver/Src/stm32f4xx_hal_flash.d ./Drivers/STM32F4xx_HAL_Driver/Src/stm32f4xx_hal_flash.o ./Drivers/STM32F4xx_HAL_Driver/Src/stm32f4xx_hal_flash.su ./Drivers/STM32F4xx_HAL_Driver/Src/stm32f4xx_hal_flash_ex.cyclo ./Drivers/STM32F4xx_HAL_Driver/Src/stm32f4xx_hal_flash_ex.d ./Drivers/STM32F4xx_HAL_Driver/Src/stm32f4xx_hal_flash_ex.o ./Drivers/STM32F4xx_HAL_Driver/Src/stm32f4xx_hal_flash_ex.su ./Drivers/STM32F4xx_HAL_Driver/Src/stm32f4xx_hal_flash_ramfunc.cyclo ./Drivers/STM32F4xx_HAL_Driver/Src/stm32f4xx_hal_flash_ramfunc.d ./Drivers/STM32F4xx_HAL_Driver/Src/stm32f4xx_hal_flash_ramfunc.o ./Drivers/STM32F4xx_HAL_Driver/Src/stm32f4xx_hal_flash_ramfunc.su ./Drivers/STM32F4xx_HAL_Driver/Src/stm32f4xx_hal_gpio.cyclo ./Drivers/STM32F4xx_HAL_Driver/Src/stm32f4xx_hal_gpio.d ./Drivers/STM32F4xx_HAL_Driver/Src/stm32f4xx_hal_gpio.o ./Drivers/STM32F4xx_HAL_Driver/Src/stm32f4xx_hal_gpio.su ./Drivers/STM32F4xx_HAL_Driver/Src/stm32f4xx_hal_pwr.cyclo ./Drivers/STM32F4xx_HAL_Driver/Src/stm32f4xx_hal_pwr.d ./Drivers/STM32F4xx_HAL_Driver/Src/stm32f4xx_hal_pwr.o ./Drivers/STM32F4xx_HAL_Driver/Src/stm32f4xx_hal_pwr.su ./Drivers/STM32F4xx_HAL_Driver/Src/stm32f4xx_hal_pwr_ex.cyclo ./Drivers/STM32F4xx_HAL_Driver/Src/stm32f4xx_hal_pwr_ex.d ./Drivers/STM32F4xx_HAL_Driver/Src/stm32f4xx_hal_pwr_ex.o ./Drivers/STM32F4xx_HAL_Driver/Src/stm32f4xx_hal_pwr_ex.su ./Drivers/STM32F4xx_HAL_Driver/Src/stm32f4xx_hal_rcc.cyclo ./Drivers/STM32F4xx_HAL_Driver/Src/stm32f4xx_hal_rcc.d ./Drivers/STM32F4xx_HAL_Driver/Src/stm32f4xx_hal_rcc.o ./Drivers/STM32F4xx_HAL_Driver/Src/stm32f4xx_hal_rcc.su ./Drivers/STM32F4xx_HAL_Driver/Src/stm32f4xx_hal_rcc_ex.cyclo ./Drivers/STM32F4xx_HAL_Driver/Src/stm32f4xx_hal_rcc_ex.d ./Drivers/STM32F4xx_HAL_Driver/Src/stm32f4xx_hal_rcc_ex.o ./Drivers/STM32F4xx_HAL_Driver/Src/stm32f4xx_hal_rcc_ex.su ./Drivers/STM32F4xx_HAL_Driver/Src/stm32f4xx_ll_dma.cyclo ./Drivers/STM32F4xx_HAL_Driver/Src/stm32f4xx_ll_dma.d ./Drivers/STM32F4xx_HAL_Driver/Src/stm32f4xx_ll_dma.o ./Drivers/STM32F4xx_HAL_Driver/Src/stm32f4xx_ll_dma.su ./Drivers/STM32F4xx_HAL_Driver/Src/stm32f4xx_ll_exti.cyclo ./Drivers/STM32F4xx_HAL_Driver/Src/stm32f4xx_ll_exti.d ./Drivers/STM32F4xx_HAL_Driver/Src/stm32f4xx_ll_exti.o ./Drivers/STM32F4xx_HAL_Driver/Src/stm32f4xx_ll_exti.su ./Drivers/STM32F4xx_HAL_Driver/Src/stm32f4xx_ll_gpio.cyclo ./Drivers/STM32F4xx_HAL_Driver/Src/stm32f4xx_ll_gpio.d ./Drivers/STM32F4xx_HAL_Driver/Src/stm32f4xx_ll_gpio.o ./Drivers/STM32F4xx_HAL_Driver/Src/stm32f4xx_ll_gpio.su ./Drivers/STM32F4xx_HAL_Driver/Src/stm32f4xx_ll_rcc.cyclo ./Drivers/STM32F4xx_HAL_Driver/Src/stm32f4xx_ll_rcc.d ./Drivers/STM32F4xx_HAL_Driver/Src/stm32f4xx_ll_rcc.o ./Drivers/STM32F4xx_HAL_Driver/Src/stm32f4xx_ll_rcc.su ./Drivers/STM32F4xx_HAL_Driver/Src/stm32f4xx_ll_usart.cyclo ./Drivers/STM32F4xx_HAL_Driver/Src/stm32f4xx_ll_usart.d ./Drivers/STM32F4xx_HAL_Driver/Src/stm32f4xx_ll_usart.o ./Drivers/STM32F4xx_HAL_Driver/Src/stm32f4xx_ll_usart.su ./Drivers/STM32F4xx_HAL_Driver/Src/stm32f4xx_ll_utils.cyclo ./Drivers/STM32F4xx_HAL_Driver/Src/stm32f4xx_ll_utils.d ./Drivers/STM32F4xx_HAL_Driver/Src/stm32f4xx_ll_utils.o ./Drivers/STM32F4xx_HAL_Driver/Src/stm32f4xx_ll_utils.su
rm -rf ./Core/Startup/startup_stm32f401vehx.d ./Core/Startup/startup_stm32f401vehx.o
rm -rf ./Core/Src/main.cyclo ./Core/Src/main.d ./Core/Src/main.o ./Core/Src/main.su ./Core/Src/stm32f4xx_hal_msp.cyclo ./Core/Src/stm32f4xx_hal_msp.d ./Core/Src/stm32f4xx_hal_msp.o ./Core/Src/stm32f4xx_hal_msp.su ./Core/Src/stm32f4xx_it.cyclo ./Core/Src/stm32f4xx_it.d ./Core/Src/stm32f4xx_it.o ./Core/Src/stm32f4xx_it.su ./Core/Src/syscalls.cyclo ./Core/Src/syscalls.d ./Core/Src/syscalls.o ./Core/Src/syscalls.su ./Core/Src/sysmem.cyclo ./Core/Src/sysmem.d ./Core/Src/sysmem.o ./Core/Src/sysmem.su ./Core/Src/system_stm32f4xx.cyclo ./Core/Src/system_stm32f4xx.d ./Core/Src/system_stm32f4xx.o ./Core/Src/system_stm32f4xx.su
rm -rf chapter7_example3.elf chapter7_example3.hex chapter7_example3.list chapter7_example3.map default.size.stdout
 
15:05:19 **** Clean-only build of configuration Debug for project chapter7_example4 ****
make -j12 clean 
rm -rf ./Drivers/STM32F4xx_HAL_Driver/Src/stm32f4xx_ll_dma.cyclo ./Drivers/STM32F4xx_HAL_Driver/Src/stm32f4xx_ll_dma.d ./Drivers/STM32F4xx_HAL_Driver/Src/stm32f4xx_ll_dma.o ./Drivers/STM32F4xx_HAL_Driver/Src/stm32f4xx_ll_dma.su ./Drivers/STM32F4xx_HAL_Driver/Src/stm32f4xx_ll_exti.cyclo ./Drivers/STM32F4xx_HAL_Driver/Src/stm32f4xx_ll_exti.d ./Drivers/STM32F4xx_HAL_Driver/Src/stm32f4xx_ll_exti.o ./Drivers/STM32F4xx_HAL_Driver/Src/stm32f4xx_ll_exti.su ./Drivers/STM32F4xx_HAL_Driver/Src/stm32f4xx_ll_gpio.cyclo ./Drivers/STM32F4xx_HAL_Driver/Src/stm32f4xx_ll_gpio.d ./Drivers/STM32F4xx_HAL_Driver/Src/stm32f4xx_ll_gpio.o ./Drivers/STM32F4xx_HAL_Driver/Src/stm32f4xx_ll_gpio.su ./Drivers/STM32F4xx_HAL_Driver/Src/stm32f4xx_ll_rcc.cyclo ./Drivers/STM32F4xx_HAL_Driver/Src/stm32f4xx_ll_rcc.d ./Drivers/STM32F4xx_HAL_Driver/Src/stm32f4xx_ll_rcc.o ./Drivers/STM32F4xx_HAL_Driver/Src/stm32f4xx_ll_rcc.su ./Drivers/STM32F4xx_HAL_Driver/Src/stm32f4xx_ll_usart.cyclo ./Drivers/STM32F4xx_HAL_Driver/Src/stm32f4xx_ll_usart.d ./Drivers/STM32F4xx_HAL_Driver/Src/stm32f4xx_ll_usart.o ./Drivers/STM32F4xx_HAL_Driver/Src/stm32f4xx_ll_usart.su ./Drivers/STM32F4xx_HAL_Driver/Src/stm32f4xx_ll_utils.cyclo ./Drivers/STM32F4xx_HAL_Driver/Src/stm32f4xx_ll_utils.d ./Drivers/STM32F4xx_HAL_Driver/Src/stm32f4xx_ll_utils.o ./Drivers/STM32F4xx_HAL_Driver/Src/stm32f4xx_ll_utils.su
rm -rf ./Core/Startup/startup_stm32f411ccux.d ./Core/Startup/startup_stm32f411ccux.o
rm -rf ./Core/Src/main.cyclo ./Core/Src/main.d ./Core/Src/main.o ./Core/Src/main.su ./Core/Src/stm32f4xx_it.cyclo ./Core/Src/stm32f4xx_it.d ./Core/Src/stm32f4xx_it.o ./Core/Src/stm32f4xx_it.su ./Core/Src/syscalls.cyclo ./Core/Src/syscalls.d ./Core/Src/syscalls.o ./Core/Src/syscalls.su ./Core/Src/sysmem.cyclo ./Core/Src/sysmem.d ./Core/Src/sysmem.o ./Core/Src/sysmem.su ./Core/Src/system_stm32f4xx.cyclo ./Core/Src/system_stm32f4xx.d ./Core/Src/system_stm32f4xx.o ./Core/Src/system_stm32f4xx.su
rm -rf chapter7_example4.elf chapter7_example4.list chapter7_example4.map default.size.stdout
 
15:05:20 **** Clean-only build of configuration Debug for project chapter8_example1 ****
make -j12 clean 
rm -rf ./Src/MiddleWare/Console/console.cyclo ./Src/MiddleWare/Console/console.d ./Src/MiddleWare/Console/console.o ./Src/MiddleWare/Console/console.su
rm -rf ./Src/BSP/BSP_USART/bsp_uart.cyclo ./Src/BSP/BSP_USART/bsp_uart.d ./Src/BSP/BSP_USART/bsp_uart.o ./Src/BSP/BSP_USART/bsp_uart.su
rm -rf ./Src/App/app_main.cyclo ./Src/App/app_main.d ./Src/App/app_main.o ./Src/App/app_main.su
rm -rf ./Drivers/STM32F4xx_HAL_Driver/Src/stm32f4xx_ll_dma.cyclo ./Drivers/STM32F4xx_HAL_Driver/Src/stm32f4xx_ll_dma.d ./Drivers/STM32F4xx_HAL_Driver/Src/stm32f4xx_ll_dma.o ./Drivers/STM32F4xx_HAL_Driver/Src/stm32f4xx_ll_dma.su ./Drivers/STM32F4xx_HAL_Driver/Src/stm32f4xx_ll_exti.cyclo ./Drivers/STM32F4xx_HAL_Driver/Src/stm32f4xx_ll_exti.d ./Drivers/STM32F4xx_HAL_Driver/Src/stm32f4xx_ll_exti.o ./Drivers/STM32F4xx_HAL_Driver/Src/stm32f4xx_ll_exti.su ./Drivers/STM32F4xx_HAL_Driver/Src/stm32f4xx_ll_gpio.cyclo ./Drivers/STM32F4xx_HAL_Driver/Src/stm32f4xx_ll_gpio.d ./Drivers/STM32F4xx_HAL_Driver/Src/stm32f4xx_ll_gpio.o ./Drivers/STM32F4xx_HAL_Driver/Src/stm32f4xx_ll_gpio.su ./Drivers/STM32F4xx_HAL_Driver/Src/stm32f4xx_ll_rcc.cyclo ./Drivers/STM32F4xx_HAL_Driver/Src/stm32f4xx_ll_rcc.d ./Drivers/STM32F4xx_HAL_Driver/Src/stm32f4xx_ll_rcc.o ./Drivers/STM32F4xx_HAL_Driver/Src/stm32f4xx_ll_rcc.su ./Drivers/STM32F4xx_HAL_Driver/Src/stm32f4xx_ll_usart.cyclo ./Drivers/STM32F4xx_HAL_Driver/Src/stm32f4xx_ll_usart.d ./Drivers/STM32F4xx_HAL_Driver/Src/stm32f4xx_ll_usart.o ./Drivers/STM32F4xx_HAL_Driver/Src/stm32f4xx_ll_usart.su ./Drivers/STM32F4xx_HAL_Driver/Src/stm32f4xx_ll_utils.cyclo ./Drivers/STM32F4xx_HAL_Driver/Src/stm32f4xx_ll_utils.d ./Drivers/STM32F4xx_HAL_Driver/Src/stm32f4xx_ll_utils.o ./Drivers/STM32F4xx_HAL_Driver/Src/stm32f4xx_ll_utils.su
rm -rf ./Core/Startup/startup_stm32f407vgtx.d ./Core/Startup/startup_stm32f407vgtx.o
rm -rf ./Core/Src/main.cyclo ./Core/Src/main.d ./Core/Src/main.o ./Core/Src/main.su ./Core/Src/stm32f4xx_it.cyclo ./Core/Src/stm32f4xx_it.d ./Core/Src/stm32f4xx_it.o ./Core/Src/stm32f4xx_it.su ./Core/Src/syscalls.cyclo ./Core/Src/syscalls.d ./Core/Src/syscalls.o ./Core/Src/syscalls.su ./Core/Src/sysmem.cyclo ./Core/Src/sysmem.d ./Core/Src/sysmem.o ./Core/Src/sysmem.su ./Core/Src/system_stm32f4xx.cyclo ./Core/Src/system_stm32f4xx.d ./Core/Src/system_stm32f4xx.o ./Core/Src/system_stm32f4xx.su
rm -rf chapter8_example1.elf chapter8_example1.list chapter8_example1.map default.size.stdout
 
15:05:20 **** Clean-only build of configuration Debug for project chapter8_example2 ****
make -j12 clean 
rm -rf ./Src/MiddleWare/Console/console.cyclo ./Src/MiddleWare/Console/console.d ./Src/MiddleWare/Console/console.o ./Src/MiddleWare/Console/console.su
rm -rf ./Src/BSP/BSP_USART/bsp_uart.cyclo ./Src/BSP/BSP_USART/bsp_uart.d ./Src/BSP/BSP_USART/bsp_uart.o ./Src/BSP/BSP_USART/bsp_uart.su
rm -rf ./Src/App/app_main.cyclo ./Src/App/app_main.d ./Src/App/app_main.o ./Src/App/app_main.su
rm -rf ./Drivers/STM32F4xx_HAL_Driver/Src/stm32f4xx_ll_dma.cyclo ./Drivers/STM32F4xx_HAL_Driver/Src/stm32f4xx_ll_dma.d ./Drivers/STM32F4xx_HAL_Driver/Src/stm32f4xx_ll_dma.o ./Drivers/STM32F4xx_HAL_Driver/Src/stm32f4xx_ll_dma.su ./Drivers/STM32F4xx_HAL_Driver/Src/stm32f4xx_ll_exti.cyclo ./Drivers/STM32F4xx_HAL_Driver/Src/stm32f4xx_ll_exti.d ./Drivers/STM32F4xx_HAL_Driver/Src/stm32f4xx_ll_exti.o ./Drivers/STM32F4xx_HAL_Driver/Src/stm32f4xx_ll_exti.su ./Drivers/STM32F4xx_HAL_Driver/Src/stm32f4xx_ll_gpio.cyclo ./Drivers/STM32F4xx_HAL_Driver/Src/stm32f4xx_ll_gpio.d ./Drivers/STM32F4xx_HAL_Driver/Src/stm32f4xx_ll_gpio.o ./Drivers/STM32F4xx_HAL_Driver/Src/stm32f4xx_ll_gpio.su ./Drivers/STM32F4xx_HAL_Driver/Src/stm32f4xx_ll_rcc.cyclo ./Drivers/STM32F4xx_HAL_Driver/Src/stm32f4xx_ll_rcc.d ./Drivers/STM32F4xx_HAL_Driver/Src/stm32f4xx_ll_rcc.o ./Drivers/STM32F4xx_HAL_Driver/Src/stm32f4xx_ll_rcc.su ./Drivers/STM32F4xx_HAL_Driver/Src/stm32f4xx_ll_usart.cyclo ./Drivers/STM32F4xx_HAL_Driver/Src/stm32f4xx_ll_usart.d ./Drivers/STM32F4xx_HAL_Driver/Src/stm32f4xx_ll_usart.o ./Drivers/STM32F4xx_HAL_Driver/Src/stm32f4xx_ll_usart.su ./Drivers/STM32F4xx_HAL_Driver/Src/stm32f4xx_ll_utils.cyclo ./Drivers/STM32F4xx_HAL_Driver/Src/stm32f4xx_ll_utils.d ./Drivers/STM32F4xx_HAL_Driver/Src/stm32f4xx_ll_utils.o ./Drivers/STM32F4xx_HAL_Driver/Src/stm32f4xx_ll_utils.su
rm -rf ./Core/Startup/startup_stm32f407vgtx.d ./Core/Startup/startup_stm32f407vgtx.o
[...]
rm -rf ./Src/Driver/Components/dio/stm32/do.cyclo ./Src/Driver/Components/dio/stm32/do.d ./Src/Driver/Components/dio/stm32/do.o ./Src/Driver/Components/dio/stm32/do.su
rm -rf ./Src/Driver/Components/Usart/usart_io.cyclo ./Src/Driver/Components/Usart/usart_io.d ./Src/Driver/Components/Usart/usart_io.o ./Src/Driver/Components/Usart/usart_io.su
rm -rf ./Src/BSP/BSP_USART/bsp_uart.cyclo ./Src/BSP/BSP_USART/bsp_uart.d ./Src/BSP/BSP_USART/bsp_uart.o ./Src/BSP/BSP_USART/bsp_uart.su
rm -rf ./Src/BSP/BSP_RTC/bsp_rtc.cyclo ./Src/BSP/BSP_RTC/bsp_rtc.d ./Src/BSP/BSP_RTC/bsp_rtc.o ./Src/BSP/BSP_RTC/bsp_rtc.su
rm -rf ./Src/BSP/BSP_Led/bsp_led.cyclo ./Src/BSP/BSP_Led/bsp_led.d ./Src/BSP/BSP_Led/bsp_led.o ./Src/BSP/BSP_Led/bsp_led.su
rm -rf ./Src/App/app_main.cyclo ./Src/App/app_main.d ./Src/App/app_main.o ./Src/App/app_main.su
rm -rf ./Drivers/STM32F4xx_HAL_Driver/Src/stm32f4xx_ll_dma.cyclo ./Drivers/STM32F4xx_HAL_Driver/Src/stm32f4xx_ll_dma.d ./Drivers/STM32F4xx_HAL_Driver/Src/stm32f4xx_ll_dma.o ./Drivers/STM32F4xx_HAL_Driver/Src/stm32f4xx_ll_dma.su ./Drivers/STM32F4xx_HAL_Driver/Src/stm32f4xx_ll_exti.cyclo ./Drivers/STM32F4xx_HAL_Driver/Src/stm32f4xx_ll_exti.d ./Drivers/STM32F4xx_HAL_Driver/Src/stm32f4xx_ll_exti.o ./Drivers/STM32F4xx_HAL_Driver/Src/stm32f4xx_ll_exti.su ./Drivers/STM32F4xx_HAL_Driver/Src/stm32f4xx_ll_gpio.cyclo ./Drivers/STM32F4xx_HAL_Driver/Src/stm32f4xx_ll_gpio.d ./Drivers/STM32F4xx_HAL_Driver/Src/stm32f4xx_ll_gpio.o ./Drivers/STM32F4xx_HAL_Driver/Src/stm32f4xx_ll_gpio.su ./Drivers/STM32F4xx_HAL_Driver/Src/stm32f4xx_ll_rcc.cyclo ./Drivers/STM32F4xx_HAL_Driver/Src/stm32f4xx_ll_rcc.d ./Drivers/STM32F4xx_HAL_Driver/Src/stm32f4xx_ll_rcc.o ./Drivers/STM32F4xx_HAL_Driver/Src/stm32f4xx_ll_rcc.su ./Drivers/STM32F4xx_HAL_Driver/Src/stm32f4xx_ll_spi.cyclo ./Drivers/STM32F4xx_HAL_Driver/Src/stm32f4xx_ll_spi.d ./Drivers/STM32F4xx_HAL_Driver/Src/stm32f4xx_ll_spi.o ./Drivers/STM32F4xx_HAL_Driver/Src/stm32f4xx_ll_spi.su ./Drivers/STM32F4xx_HAL_Driver/Src/stm32f4xx_ll_usart.cyclo ./Drivers/STM32F4xx_HAL_Driver/Src/stm32f4xx_ll_usart.d ./Drivers/STM32F4xx_HAL_Driver/Src/stm32f4xx_ll_usart.o ./Drivers/STM32F4xx_HAL_Driver/Src/stm32f4xx_ll_usart.su ./Drivers/STM32F4xx_HAL_Driver/Src/stm32f4xx_ll_utils.cyclo ./Drivers/STM32F4xx_HAL_Driver/Src/stm32f4xx_ll_utils.d ./Drivers/STM32F4xx_HAL_Driver/Src/stm32f4xx_ll_utils.o ./Drivers/STM32F4xx_HAL_Driver/Src/stm32f4xx_ll_utils.su
rm -rf ./Core/Startup/startup_stm32f407vgtx.d ./Core/Startup/startup_stm32f407vgtx.o
rm -rf ./Core/Src/main.cyclo ./Core/Src/main.d ./Core/Src/main.o ./Core/Src/main.su ./Core/Src/stm32f4xx_it.cyclo ./Core/Src/stm32f4xx_it.d ./Core/Src/stm32f4xx_it.o ./Core/Src/stm32f4xx_it.su ./Core/Src/syscalls.cyclo ./Core/Src/syscalls.d ./Core/Src/syscalls.o ./Core/Src/syscalls.su ./Core/Src/sysmem.cyclo ./Core/Src/sysmem.d ./Core/Src/sysmem.o ./Core/Src/sysmem.su ./Core/Src/system_stm32f4xx.cyclo ./Core/Src/system_stm32f4xx.d ./Core/Src/system_stm32f4xx.o ./Core/Src/system_stm32f4xx.su
rm -rf chapter9_example4.elf chapter9_example4.hex chapter9_example4.list chapter9_example4.map default.size.stdout
 
15:05:23 **** Clean-only build of configuration Debug for project chapter_example2 ****
make -j12 clean 
rm -rf ./Drivers/STM32F4xx_HAL_Driver/Src/stm32f4xx_ll_dma.cyclo ./Drivers/STM32F4xx_HAL_Driver/Src/stm32f4xx_ll_dma.d ./Drivers/STM32F4xx_HAL_Driver/Src/stm32f4xx_ll_dma.o ./Drivers/STM32F4xx_HAL_Driver/Src/stm32f4xx_ll_dma.su ./Drivers/STM32F4xx_HAL_Driver/Src/stm32f4xx_ll_exti.cyclo ./Drivers/STM32F4xx_HAL_Driver/Src/stm32f4xx_ll_exti.d ./Drivers/STM32F4xx_HAL_Driver/Src/stm32f4xx_ll_exti.o ./Drivers/STM32F4xx_HAL_Driver/Src/stm32f4xx_ll_exti.su ./Drivers/STM32F4xx_HAL_Driver/Src/stm32f4xx_ll_gpio.cyclo ./Drivers/STM32F4xx_HAL_Driver/Src/stm32f4xx_ll_gpio.d ./Drivers/STM32F4xx_HAL_Driver/Src/stm32f4xx_ll_gpio.o ./Drivers/STM32F4xx_HAL_Driver/Src/stm32f4xx_ll_gpio.su ./Drivers/STM32F4xx_HAL_Driver/Src/stm32f4xx_ll_rcc.cyclo ./Drivers/STM32F4xx_HAL_Driver/Src/stm32f4xx_ll_rcc.d ./Drivers/STM32F4xx_HAL_Driver/Src/stm32f4xx_ll_rcc.o ./Drivers/STM32F4xx_HAL_Driver/Src/stm32f4xx_ll_rcc.su ./Drivers/STM32F4xx_HAL_Driver/Src/stm32f4xx_ll_usart.cyclo ./Drivers/STM32F4xx_HAL_Driver/Src/stm32f4xx_ll_usart.d ./Drivers/STM32F4xx_HAL_Driver/Src/stm32f4xx_ll_usart.o ./Drivers/STM32F4xx_HAL_Driver/Src/stm32f4xx_ll_usart.su ./Drivers/STM32F4xx_HAL_Driver/Src/stm32f4xx_ll_utils.cyclo ./Drivers/STM32F4xx_HAL_Driver/Src/stm32f4xx_ll_utils.d ./Drivers/STM32F4xx_HAL_Driver/Src/stm32f4xx_ll_utils.o ./Drivers/STM32F4xx_HAL_Driver/Src/stm32f4xx_ll_utils.su
rm -rf ./Core/Startup/startup_stm32f401vehx.d ./Core/Startup/startup_stm32f401vehx.o
rm -rf ./Core/Src/main.cyclo ./Core/Src/main.d ./Core/Src/main.o ./Core/Src/main.su ./Core/Src/stm32f4xx_it.cyclo ./Core/Src/stm32f4xx_it.d ./Core/Src/stm32f4xx_it.o ./Core/Src/stm32f4xx_it.su ./Core/Src/syscalls.cyclo ./Core/Src/syscalls.d ./Core/Src/syscalls.o ./Core/Src/syscalls.su ./Core/Src/sysmem.cyclo ./Core/Src/sysmem.d ./Core/Src/sysmem.o ./Core/Src/sysmem.su ./Core/Src/system_stm32f4xx.cyclo ./Core/Src/system_stm32f4xx.d ./Core/Src/system_stm32f4xx.o ./Core/Src/system_stm32f4xx.su
rm -rf chapter_example2.elf chapter_example2.hex chapter_example2.list chapter_example2.map default.size.stdout
 
15:05:24 **** Clean-only build of configuration Debug for project freertos_example ****
make -j12 clean 
rm -rf ./src/BSP/bsp_usart.cyclo ./src/BSP/bsp_usart.d ./src/BSP/bsp_usart.o ./src/BSP/bsp_usart.su
rm -rf ./Middlewares/Third_Party/printf/printf.cyclo ./Middlewares/Third_Party/printf/printf.d ./Middlewares/Third_Party/printf/printf.o ./Middlewares/Third_Party/printf/printf.su
rm -rf ./Middlewares/Third_Party/FreeRTOS/Source/portable/MemMang/heap_4.cyclo ./Middlewares/Third_Party/FreeRTOS/Source/portable/MemMang/heap_4.d ./Middlewares/Third_Party/FreeRTOS/Source/portable/MemMang/heap_4.o ./Middlewares/Third_Party/FreeRTOS/Source/portable/MemMang/heap_4.su
rm -rf ./Middlewares/Third_Party/FreeRTOS/Source/portable/GCC/ARM_CM7/r0p1/port.cyclo ./Middlewares/Third_Party/FreeRTOS/Source/portable/GCC/ARM_CM7/r0p1/port.d ./Middlewares/Third_Party/FreeRTOS/Source/portable/GCC/ARM_CM7/r0p1/port.o ./Middlewares/Third_Party/FreeRTOS/Source/portable/GCC/ARM_CM7/r0p1/port.su
rm -rf ./Middlewares/Third_Party/FreeRTOS/Source/CMSIS_RTOS_V2/cmsis_os2.cyclo ./Middlewares/Third_Party/FreeRTOS/Source/CMSIS_RTOS_V2/cmsis_os2.d ./Middlewares/Third_Party/FreeRTOS/Source/CMSIS_RTOS_V2/cmsis_os2.o ./Middlewares/Third_Party/FreeRTOS/Source/CMSIS_RTOS_V2/cmsis_os2.su
rm -rf ./Middlewares/Third_Party/FreeRTOS/Source/croutine.cyclo ./Middlewares/Third_Party/FreeRTOS/Source/croutine.d ./Middlewares/Third_Party/FreeRTOS/Source/croutine.o ./Middlewares/Third_Party/FreeRTOS/Source/croutine.su ./Middlewares/Third_Party/FreeRTOS/Source/event_groups.cyclo ./Middlewares/Third_Party/FreeRTOS/Source/event_groups.d ./Middlewares/Third_Party/FreeRTOS/Source/event_groups.o ./Middlewares/Third_Party/FreeRTOS/Source/event_groups.su ./Middlewares/Third_Party/FreeRTOS/Source/list.cyclo ./Middlewares/Third_Party/FreeRTOS/Source/list.d ./Middlewares/Third_Party/FreeRTOS/Source/list.o ./Middlewares/Third_Party/FreeRTOS/Source/list.su ./Middlewares/Third_Party/FreeRTOS/Source/queue.cyclo ./Middlewares/Third_Party/FreeRTOS/Source/queue.d ./Middlewares/Third_Party/FreeRTOS/Source/queue.o ./Middlewares/Third_Party/FreeRTOS/Source/queue.su ./Middlewares/Third_Party/FreeRTOS/Source/stream_buffer.cyclo ./Middlewares/Third_Party/FreeRTOS/Source/stream_buffer.d ./Middlewares/Third_Party/FreeRTOS/Source/stream_buffer.o ./Middlewares/Third_Party/FreeRTOS/Source/stream_buffer.su ./Middlewares/Third_Party/FreeRTOS/Source/tasks.cyclo ./Middlewares/Third_Party/FreeRTOS/Source/tasks.d ./Middlewares/Third_Party/FreeRTOS/Source/tasks.o ./Middlewares/Third_Party/FreeRTOS/Source/tasks.su ./Middlewares/Third_Party/FreeRTOS/Source/timers.cyclo ./Middlewares/Third_Party/FreeRTOS/Source/timers.d ./Middlewares/Third_Party/FreeRTOS/Source/timers.o ./Middlewares/Third_Party/FreeRTOS/Source/timers.su
rm -rf ./Drivers/STM32F7xx_HAL_Driver/Src/stm32f7xx_ll_dma.cyclo ./Drivers/STM32F7xx_HAL_Driver/Src/stm32f7xx_ll_dma.d ./Drivers/STM32F7xx_HAL_Driver/Src/stm32f7xx_ll_dma.o ./Drivers/STM32F7xx_HAL_Driver/Src/stm32f7xx_ll_dma.su ./Drivers/STM32F7xx_HAL_Driver/Src/stm32f7xx_ll_exti.cyclo ./Drivers/STM32F7xx_HAL_Driver/Src/stm32f7xx_ll_exti.d ./Drivers/STM32F7xx_HAL_Driver/Src/stm32f7xx_ll_exti.o ./Drivers/STM32F7xx_HAL_Driver/Src/stm32f7xx_ll_exti.su ./Drivers/STM32F7xx_HAL_Driver/Src/stm32f7xx_ll_gpio.cyclo ./Drivers/STM32F7xx_HAL_Driver/Src/stm32f7xx_ll_gpio.d ./Drivers/STM32F7xx_HAL_Driver/Src/stm32f7xx_ll_gpio.o ./Drivers/STM32F7xx_HAL_Driver/Src/stm32f7xx_ll_gpio.su ./Drivers/STM32F7xx_HAL_Driver/Src/stm32f7xx_ll_rcc.cyclo ./Drivers/STM32F7xx_HAL_Driver/Src/stm32f7xx_ll_rcc.d ./Drivers/STM32F7xx_HAL_Driver/Src/stm32f7xx_ll_rcc.o ./Drivers/STM32F7xx_HAL_Driver/Src/stm32f7xx_ll_rcc.su ./Drivers/STM32F7xx_HAL_Driver/Src/stm32f7xx_ll_usart.cyclo ./Drivers/STM32F7xx_HAL_Driver/Src/stm32f7xx_ll_usart.d ./Drivers/STM32F7xx_HAL_Driver/Src/stm32f7xx_ll_usart.o ./Drivers/STM32F7xx_HAL_Driver/Src/stm32f7xx_ll_usart.su ./Drivers/STM32F7xx_HAL_Driver/Src/stm32f7xx_ll_utils.cyclo ./Drivers/STM32F7xx_HAL_Driver/Src/stm32f7xx_ll_utils.d ./Drivers/STM32F7xx_HAL_Driver/Src/stm32f7xx_ll_utils.o ./Drivers/STM32F7xx_HAL_Driver/Src/stm32f7xx_ll_utils.su
rm -rf ./Core/Startup/startup_stm32f746nghx.d ./Core/Startup/startup_stm32f746nghx.o
rm -rf ./Core/Src/freertos.cyclo ./Core/Src/freertos.d ./Core/Src/freertos.o ./Core/Src/freertos.su ./Core/Src/main.cyclo ./Core/Src/main.d ./Core/Src/main.o ./Core/Src/main.su ./Core/Src/stm32f7xx_it.cyclo ./Core/Src/stm32f7xx_it.d ./Core/Src/stm32f7xx_it.o ./Core/Src/stm32f7xx_it.su ./Core/Src/syscalls.cyclo ./Core/Src/syscalls.d ./Core/Src/syscalls.o ./Core/Src/syscalls.su ./Core/Src/sysmem.cyclo ./Core/Src/sysmem.d ./Core/Src/sysmem.o ./Core/Src/sysmem.su ./Core/Src/system_stm32f7xx.cyclo ./Core/Src/system_stm32f7xx.d ./Core/Src/system_stm32f7xx.o ./Core/Src/system_stm32f7xx.su
rm -rf default.size.stdout freertos_example.elf freertos_example.list freertos_example.map
 
15:05:24 **** Clean-only build of configuration Debug for project freertos_example2 ****
make -j12 clean 
rm -rf ./src/BSP/bsp_usart.cyclo ./src/BSP/bsp_usart.d ./src/BSP/bsp_usart.o ./src/BSP/bsp_usart.su
rm -rf ./Middlewares/Third_Party/printf/printf.cyclo ./Middlewares/Third_Party/printf/printf.d ./Middlewares/Third_Party/printf/printf.o ./Middlewares/Third_Party/printf/printf.su
rm -rf ./Middlewares/Third_Party/FreeRTOS/Source/portable/MemMang/heap_4.cyclo ./Middlewares/Third_Party/FreeRTOS/Source/portable/MemMang/heap_4.d ./Middlewares/Third_Party/FreeRTOS/Source/portable/MemMang/heap_4.o ./Middlewares/Third_Party/FreeRTOS/Source/portable/MemMang/heap_4.su
rm -rf ./Middlewares/Third_Party/FreeRTOS/Source/portable/GCC/ARM_CM7/r0p1/port.cyclo ./Middlewares/Third_Party/FreeRTOS/Source/portable/GCC/ARM_CM7/r0p1/port.d ./Middlewares/Third_Party/FreeRTOS/Source/portable/GCC/ARM_CM7/r0p1/port.o ./Middlewares/Third_Party/FreeRTOS/Source/portable/GCC/ARM_CM7/r0p1/port.su
rm -rf ./Middlewares/Third_Party/FreeRTOS/Source/CMSIS_RTOS_V2/cmsis_os2.cyclo ./Middlewares/Third_Party/FreeRTOS/Source/CMSIS_RTOS_V2/cmsis_os2.d ./Middlewares/Third_Party/FreeRTOS/Source/CMSIS_RTOS_V2/cmsis_os2.o ./Middlewares/Third_Party/FreeRTOS/Source/CMSIS_RTOS_V2/cmsis_os2.su
rm -rf ./Middlewares/Third_Party/FreeRTOS/Source/croutine.cyclo ./Middlewares/Third_Party/FreeRTOS/Source/croutine.d ./Middlewares/Third_Party/FreeRTOS/Source/croutine.o ./Middlewares/Third_Party/FreeRTOS/Source/croutine.su ./Middlewares/Third_Party/FreeRTOS/Source/event_groups.cyclo ./Middlewares/Third_Party/FreeRTOS/Source/event_groups.d ./Middlewares/Third_Party/FreeRTOS/Source/event_groups.o ./Middlewares/Third_Party/FreeRTOS/Source/event_groups.su ./Middlewares/Third_Party/FreeRTOS/Source/list.cyclo ./Middlewares/Third_Party/FreeRTOS/Source/list.d ./Middlewares/Third_Party/FreeRTOS/Source/list.o ./Middlewares/Third_Party/FreeRTOS/Source/list.su ./Middlewares/Third_Party/FreeRTOS/Source/queue.cyclo ./Middlewares/Third_Party/FreeRTOS/Source/queue.d ./Middlewares/Third_Party/FreeRTOS/Source/queue.o ./Middlewares/Third_Party/FreeRTOS/Source/queue.su ./Middlewares/Third_Party/FreeRTOS/Source/stream_buffer.cyclo ./Middlewares/Third_Party/FreeRTOS/Source/stream_buffer.d ./Middlewares/Third_Party/FreeRTOS/Source/stream_buffer.o ./Middlewares/Third_Party/FreeRTOS/Source/stream_buffer.su ./Middlewares/Third_Party/FreeRTOS/Source/tasks.cyclo ./Middlewares/Third_Party/FreeRTOS/Source/tasks.d ./Middlewares/Third_Party/FreeRTOS/Source/tasks.o ./Middlewares/Third_Party/FreeRTOS/Source/tasks.su ./Middlewares/Third_Party/FreeRTOS/Source/timers.cyclo ./Middlewares/Third_Party/FreeRTOS/Source/timers.d ./Middlewares/Third_Party/FreeRTOS/Source/timers.o ./Middlewares/Third_Party/FreeRTOS/Source/timers.su
rm -rf ./Drivers/STM32F7xx_HAL_Driver/Src/stm32f7xx_ll_dma.cyclo ./Drivers/STM32F7xx_HAL_Driver/Src/stm32f7xx_ll_dma.d ./Drivers/STM32F7xx_HAL_Driver/Src/stm32f7xx_ll_dma.o ./Drivers/STM32F7xx_HAL_Driver/Src/stm32f7xx_ll_dma.su ./Drivers/STM32F7xx_HAL_Driver/Src/stm32f7xx_ll_exti.cyclo ./Drivers/STM32F7xx_HAL_Driver/Src/stm32f7xx_ll_exti.d ./Drivers/STM32F7xx_HAL_Driver/Src/stm32f7xx_ll_exti.o ./Drivers/STM32F7xx_HAL_Driver/Src/stm32f7xx_ll_exti.su ./Drivers/STM32F7xx_HAL_Driver/Src/stm32f7xx_ll_gpio.cyclo ./Drivers/STM32F7xx_HAL_Driver/Src/stm32f7xx_ll_gpio.d ./Drivers/STM32F7xx_HAL_Driver/Src/stm32f7xx_ll_gpio.o ./Drivers/STM32F7xx_HAL_Driver/Src/stm32f7xx_ll_gpio.su ./Drivers/STM32F7xx_HAL_Driver/Src/stm32f7xx_ll_rcc.cyclo ./Drivers/STM32F7xx_HAL_Driver/Src/stm32f7xx_ll_rcc.d ./Drivers/STM32F7xx_HAL_Driver/Src/stm32f7xx_ll_rcc.o ./Drivers/STM32F7xx_HAL_Driver/Src/stm32f7xx_ll_rcc.su ./Drivers/STM32F7xx_HAL_Driver/Src/stm32f7xx_ll_usart.cyclo ./Drivers/STM32F7xx_HAL_Driver/Src/stm32f7xx_ll_usart.d ./Drivers/STM32F7xx_HAL_Driver/Src/stm32f7xx_ll_usart.o ./Drivers/STM32F7xx_HAL_Driver/Src/stm32f7xx_ll_usart.su ./Drivers/STM32F7xx_HAL_Driver/Src/stm32f7xx_ll_utils.cyclo ./Drivers/STM32F7xx_HAL_Driver/Src/stm32f7xx_ll_utils.d ./Drivers/STM32F7xx_HAL_Driver/Src/stm32f7xx_ll_utils.o ./Drivers/STM32F7xx_HAL_Driver/Src/stm32f7xx_ll_utils.su
rm -rf ./Core/Startup/startup_stm32f746nghx.d ./Core/Startup/startup_stm32f746nghx.o
rm -rf ./Core/Src/freertos.cyclo ./Core/Src/freertos.d ./Core/Src/freertos.o ./Core/Src/freertos.su ./Core/Src/main.cyclo ./Core/Src/main.d ./Core/Src/main.o ./Core/Src/main.su ./Core/Src/stm32f7xx_it.cyclo ./Core/Src/stm32f7xx_it.d ./Core/Src/stm32f7xx_it.o ./Core/Src/stm32f7xx_it.su ./Core/Src/syscalls.cyclo ./Core/Src/syscalls.d ./Core/Src/syscalls.o ./Core/Src/syscalls.su ./Core/Src/sysmem.cyclo ./Core/Src/sysmem.d ./Core/Src/sysmem.o ./Core/Src/sysmem.su ./Core/Src/system_stm32f7xx.cyclo ./Core/Src/system_stm32f7xx.d ./Core/Src/system_stm32f7xx.o ./Core/Src/system_stm32f7xx.su
rm -rf default.size.stdout freertos_example2.elf freertos_example2.list freertos_example2.map
 
15:05:25 **** Clean-only build of configuration Debug for project freertos_example3 ****
make -j12 clean 
rm -rf ./src/BSP/bsp_usart.cyclo ./src/BSP/bsp_usart.d ./src/BSP/bsp_usart.o ./src/BSP/bsp_usart.su
rm -rf ./Middlewares/Third_Party/printf/printf.cyclo ./Middlewares/Third_Party/printf/printf.d ./Middlewares/Third_Party/printf/printf.o ./Middlewares/Third_Party/printf/printf.su
rm -rf ./Middlewares/Third_Party/FreeRTOS/Source/portable/MemMang/heap_4.cyclo ./Middlewares/Third_Party/FreeRTOS/Source/portable/MemMang/heap_4.d ./Middlewares/Third_Party/FreeRTOS/Source/portable/MemMang/heap_4.o ./Middlewares/Third_Party/FreeRTOS/Source/portable/MemMang/heap_4.su
rm -rf ./Middlewares/Third_Party/FreeRTOS/Source/portable/GCC/ARM_CM7/r0p1/port.cyclo ./Middlewares/Third_Party/FreeRTOS/Source/portable/GCC/ARM_CM7/r0p1/port.d ./Middlewares/Third_Party/FreeRTOS/Source/portable/GCC/ARM_CM7/r0p1/port.o ./Middlewares/Third_Party/FreeRTOS/Source/portable/GCC/ARM_CM7/r0p1/port.su
rm -rf ./Middlewares/Third_Party/FreeRTOS/Source/CMSIS_RTOS_V2/cmsis_os2.cyclo ./Middlewares/Third_Party/FreeRTOS/Source/CMSIS_RTOS_V2/cmsis_os2.d ./Middlewares/Third_Party/FreeRTOS/Source/CMSIS_RTOS_V2/cmsis_os2.o ./Middlewares/Third_Party/FreeRTOS/Source/CMSIS_RTOS_V2/cmsis_os2.su
rm -rf ./Middlewares/Third_Party/FreeRTOS/Source/croutine.cyclo ./Middlewares/Third_Party/FreeRTOS/Source/croutine.d ./Middlewares/Third_Party/FreeRTOS/Source/croutine.o ./Middlewares/Third_Party/FreeRTOS/Source/croutine.su ./Middlewares/Third_Party/FreeRTOS/Source/event_groups.cyclo ./Middlewares/Third_Party/FreeRTOS/Source/event_groups.d ./Middlewares/Third_Party/FreeRTOS/Source/event_groups.o ./Middlewares/Third_Party/FreeRTOS/Source/event_groups.su ./Middlewares/Third_Party/FreeRTOS/Source/list.cyclo ./Middlewares/Third_Party/FreeRTOS/Source/list.d ./Middlewares/Third_Party/FreeRTOS/Source/list.o ./Middlewares/Third_Party/FreeRTOS/Source/list.su ./Middlewares/Third_Party/FreeRTOS/Source/queue.cyclo ./Middlewares/Third_Party/FreeRTOS/Source/queue.d ./Middlewares/Third_Party/FreeRTOS/Source/queue.o ./Middlewares/Third_Party/FreeRTOS/Source/queue.su ./Middlewares/Third_Party/FreeRTOS/Source/stream_buffer.cyclo ./Middlewares/Third_Party/FreeRTOS/Source/stream_buffer.d ./Middlewares/Third_Party/FreeRTOS/Source/stream_buffer.o ./Middlewares/Third_Party/FreeRTOS/Source/stream_buffer.su ./Middlewares/Third_Party/FreeRTOS/Source/tasks.cyclo ./Middlewares/Third_Party/FreeRTOS/Source/tasks.d ./Middlewares/Third_Party/FreeRTOS/Source/tasks.o ./Middlewares/Third_Party/FreeRTOS/Source/tasks.su ./Middlewares/Third_Party/FreeRTOS/Source/timers.cyclo ./Middlewares/Third_Party/FreeRTOS/Source/timers.d ./Middlewares/Third_Party/FreeRTOS/Source/timers.o ./Middlewares/Third_Party/FreeRTOS/Source/timers.su
rm -rf ./Drivers/STM32F7xx_HAL_Driver/Src/stm32f7xx_ll_dma.cyclo ./Drivers/STM32F7xx_HAL_Driver/Src/stm32f7xx_ll_dma.d ./Drivers/STM32F7xx_HAL_Driver/Src/stm32f7xx_ll_dma.o ./Drivers/STM32F7xx_HAL_Driver/Src/stm32f7xx_ll_dma.su ./Drivers/STM32F7xx_HAL_Driver/Src/stm32f7xx_ll_exti.cyclo ./Drivers/STM32F7xx_HAL_Driver/Src/stm32f7xx_ll_exti.d ./Drivers/STM32F7xx_HAL_Driver/Src/stm32f7xx_ll_exti.o ./Drivers/STM32F7xx_HAL_Driver/Src/stm32f7xx_ll_exti.su ./Drivers/STM32F7xx_HAL_Driver/Src/stm32f7xx_ll_gpio.cyclo ./Drivers/STM32F7xx_HAL_Driver/Src/stm32f7xx_ll_gpio.d ./Drivers/STM32F7xx_HAL_Driver/Src/stm32f7xx_ll_gpio.o ./Drivers/STM32F7xx_HAL_Driver/Src/stm32f7xx_ll_gpio.su ./Drivers/STM32F7xx_HAL_Driver/Src/stm32f7xx_ll_rcc.cyclo ./Drivers/STM32F7xx_HAL_Driver/Src/stm32f7xx_ll_rcc.d ./Drivers/STM32F7xx_HAL_Driver/Src/stm32f7xx_ll_rcc.o ./Drivers/STM32F7xx_HAL_Driver/Src/stm32f7xx_ll_rcc.su ./Drivers/STM32F7xx_HAL_Driver/Src/stm32f7xx_ll_usart.cyclo ./Drivers/STM32F7xx_HAL_Driver/Src/stm32f7xx_ll_usart.d ./Drivers/STM32F7xx_HAL_Driver/Src/stm32f7xx_ll_usart.o ./Drivers/STM32F7xx_HAL_Driver/Src/stm32f7xx_ll_usart.su ./Drivers/STM32F7xx_HAL_Driver/Src/stm32f7xx_ll_utils.cyclo ./Drivers/STM32F7xx_HAL_Driver/Src/stm32f7xx_ll_utils.d ./Drivers/STM32F7xx_HAL_Driver/Src/stm32f7xx_ll_utils.o ./Drivers/STM32F7xx_HAL_Driver/Src/stm32f7xx_ll_utils.su
rm -rf ./Core/Startup/startup_stm32f746nghx.d ./Core/Startup/startup_stm32f746nghx.o
rm -rf ./Core/Src/freertos.cyclo ./Core/Src/freertos.d ./Core/Src/freertos.o ./Core/Src/freertos.su ./Core/Src/main.cyclo ./Core/Src/main.d ./Core/Src/main.o ./Core/Src/main.su ./Core/Src/stm32f7xx_it.cyclo ./Core/Src/stm32f7xx_it.d ./Core/Src/stm32f7xx_it.o ./Core/Src/stm32f7xx_it.su ./Core/Src/syscalls.cyclo ./Core/Src/syscalls.d ./Core/Src/syscalls.o ./Core/Src/syscalls.su ./Core/Src/sysmem.cyclo ./Core/Src/sysmem.d ./Core/Src/sysmem.o ./Core/Src/sysmem.su ./Core/Src/system_stm32f7xx.cyclo ./Core/Src/system_stm32f7xx.d ./Core/Src/system_stm32f7xx.o ./Core/Src/system_stm32f7xx.su
rm -rf default.size.stdout freertos_example3.elf freertos_example3.list freertos_example3.map
 
