13:58:52 **** Incremental Build of configuration Debug for project chapter5_example1 ****
make -j12 all 
arm-none-eabi-gcc "../Src/main.c" -mcpu=cortex-m4 -std=gnu11 -g3 -DDEBUG -DSTM32F407xx -DSTM32 -DSTM32F4 -DSTM32F407VGTx -c -I../Inc -I"D:/PROJECT/BOOK_EXAMPLE/Book_Example_Repos/Source/chapter5_example1/Inc/CMSIS/Include" -I"D:/PROJECT/BOOK_EXAMPLE/Book_Example_Repos/Source/chapter5_example1/Inc/CMSIS/Device/ST/STM32F4xx/Include" -O0 -ffunction-sections -fdata-sections -Wall -fstack-usage -fcyclomatic-complexity -MMD -MP -MF"Src/main.d" -MT"Src/main.o" --specs=nano.specs -mfpu=fpv4-sp-d16 -mfloat-abi=soft -mthumb -o "Src/main.o"
arm-none-eabi-gcc -o "chapter5_example1.elf" @"objects.list"   -mcpu=cortex-m4 -T"D:\PROJECT\BOOK_EXAMPLE\Book_Example_Repos\Source\chapter5_example1\STM32F407VGTX_FLASH.ld" --specs=nosys.specs -Wl,-Map="chapter5_example1.map" -Wl,--gc-sections -static --specs=nano.specs -mfpu=fpv4-sp-d16 -mfloat-abi=soft -mthumb -Wl,--start-group -lc -lm -Wl,--end-group
Finished building target: chapter5_example1.elf
 
arm-none-eabi-size  chapter5_example1.elf 
arm-none-eabi-objdump -h -S chapter5_example1.elf  > "chapter5_example1.list"
   text	   data	    bss	    dec	    hex	filename
   1044	      0	   1568	   2612	    a34	chapter5_example1.elf
Finished building: default.size.stdout
 
Finished building: chapter5_example1.list
 
17:59:43 **** Clean-only build of configuration Debug for project 0_test_example ****
make -j12 clean 
rm -rf ./Startup/startup_stm32f407vgtx.d ./Startup/startup_stm32f407vgtx.o
rm -rf ./Src/main.cyclo ./Src/main.d ./Src/main.o ./Src/main.su ./Src/syscalls.cyclo ./Src/syscalls.d ./Src/syscalls.o ./Src/syscalls.su ./Src/sysmem.cyclo ./Src/sysmem.d ./Src/sysmem.o ./Src/sysmem.su
rm -rf 0_test_example.elf 0_test_example.list 0_test_example.map default.size.stdout
 
17:59:43 **** Clean-only build of configuration Debug for project chapter10_example1 ****
make -j12 clean 
rm -rf ./Src/MiddleWare/container/ring_buf.cyclo ./Src/MiddleWare/container/ring_buf.d ./Src/MiddleWare/container/ring_buf.o ./Src/MiddleWare/container/ring_buf.su
rm -rf ./Src/MiddleWare/Console/console.cyclo ./Src/MiddleWare/Console/console.d ./Src/MiddleWare/Console/console.o ./Src/MiddleWare/Console/console.su
rm -rf ./Src/MiddleWare/Common/atomic.cyclo ./Src/MiddleWare/Common/atomic.d ./Src/MiddleWare/Common/atomic.o ./Src/MiddleWare/Common/atomic.su
rm -rf ./Src/Driver/Devices/ds3234/ds3234.cyclo ./Src/Driver/Devices/ds3234/ds3234.d ./Src/Driver/Devices/ds3234/ds3234.o ./Src/Driver/Devices/ds3234/ds3234.su
rm -rf ./Src/Driver/Components/spi/spi_io.cyclo ./Src/Driver/Components/spi/spi_io.d ./Src/Driver/Components/spi/spi_io.o ./Src/Driver/Components/spi/spi_io.su
rm -rf ./Src/Driver/Components/dio/di.cyclo ./Src/Driver/Components/dio/di.d ./Src/Driver/Components/dio/di.o ./Src/Driver/Components/dio/di.su ./Src/Driver/Components/dio/do.cyclo ./Src/Driver/Components/dio/do.d ./Src/Driver/Components/dio/do.o ./Src/Driver/Components/dio/do.su
rm -rf ./Src/Driver/Components/Usart/usart_io.cyclo ./Src/Driver/Components/Usart/usart_io.d ./Src/Driver/Components/Usart/usart_io.o ./Src/Driver/Components/Usart/usart_io.su
rm -rf ./Src/BSP/BSP_Water_Sensor/bsp_water.cyclo ./Src/BSP/BSP_Water_Sensor/bsp_water.d ./Src/BSP/BSP_Water_Sensor/bsp_water.o ./Src/BSP/BSP_Water_Sensor/bsp_water.su
rm -rf ./Src/BSP/BSP_USART/bsp_uart.cyclo ./Src/BSP/BSP_USART/bsp_uart.d ./Src/BSP/BSP_USART/bsp_uart.o ./Src/BSP/BSP_USART/bsp_uart.su
rm -rf ./Src/BSP/BSP_RTC/bsp_rtc.cyclo ./Src/BSP/BSP_RTC/bsp_rtc.d ./Src/BSP/BSP_RTC/bsp_rtc.o ./Src/BSP/BSP_RTC/bsp_rtc.su
rm -rf ./Src/BSP/BSP_Led/bsp_led.cyclo ./Src/BSP/BSP_Led/bsp_led.d ./Src/BSP/BSP_Led/bsp_led.o ./Src/BSP/BSP_Led/bsp_led.su
rm -rf ./Src/App/app_main.cyclo ./Src/App/app_main.d ./Src/App/app_main.o ./Src/App/app_main.su ./Src/App/app_water_control.cyclo ./Src/App/app_water_control.d ./Src/App/app_water_control.o ./Src/App/app_water_control.su
rm -rf ./Drivers/STM32F4xx_HAL_Driver/Src/stm32f4xx_ll_dma.cyclo ./Drivers/STM32F4xx_HAL_Driver/Src/stm32f4xx_ll_dma.d ./Drivers/STM32F4xx_HAL_Driver/Src/stm32f4xx_ll_dma.o ./Drivers/STM32F4xx_HAL_Driver/Src/stm32f4xx_ll_dma.su ./Drivers/STM32F4xx_HAL_Driver/Src/stm32f4xx_ll_exti.cyclo ./Drivers/STM32F4xx_HAL_Driver/Src/stm32f4xx_ll_exti.d ./Drivers/STM32F4xx_HAL_Driver/Src/stm32f4xx_ll_exti.o ./Drivers/STM32F4xx_HAL_Driver/Src/stm32f4xx_ll_exti.su ./Drivers/STM32F4xx_HAL_Driver/Src/stm32f4xx_ll_gpio.cyclo ./Drivers/STM32F4xx_HAL_Driver/Src/stm32f4xx_ll_gpio.d ./Drivers/STM32F4xx_HAL_Driver/Src/stm32f4xx_ll_gpio.o ./Drivers/STM32F4xx_HAL_Driver/Src/stm32f4xx_ll_gpio.su ./Drivers/STM32F4xx_HAL_Driver/Src/stm32f4xx_ll_rcc.cyclo ./Drivers/STM32F4xx_HAL_Driver/Src/stm32f4xx_ll_rcc.d ./Drivers/STM32F4xx_HAL_Driver/Src/stm32f4xx_ll_rcc.o ./Drivers/STM32F4xx_HAL_Driver/Src/stm32f4xx_ll_rcc.su ./Drivers/STM32F4xx_HAL_Driver/Src/stm32f4xx_ll_spi.cyclo ./Drivers/STM32F4xx_HAL_Driver/Src/stm32f4xx_ll_spi.d ./Drivers/STM32F4xx_HAL_Driver/Src/stm32f4xx_ll_spi.o ./Drivers/STM32F4xx_HAL_Driver/Src/stm32f4xx_ll_spi.su ./Drivers/STM32F4xx_HAL_Driver/Src/stm32f4xx_ll_usart.cyclo ./Drivers/STM32F4xx_HAL_Driver/Src/stm32f4xx_ll_usart.d ./Drivers/STM32F4xx_HAL_Driver/Src/stm32f4xx_ll_usart.o ./Drivers/STM32F4xx_HAL_Driver/Src/stm32f4xx_ll_usart.su ./Drivers/STM32F4xx_HAL_Driver/Src/stm32f4xx_ll_utils.cyclo ./Drivers/STM32F4xx_HAL_Driver/Src/stm32f4xx_ll_utils.d ./Drivers/STM32F4xx_HAL_Driver/Src/stm32f4xx_ll_utils.o ./Drivers/STM32F4xx_HAL_Driver/Src/stm32f4xx_ll_utils.su
rm -rf ./Core/Startup/startup_stm32f407vgtx.d ./Core/Startup/startup_stm32f407vgtx.o
rm -rf ./Core/Src/main.cyclo ./Core/Src/main.d ./Core/Src/main.o ./Core/Src/main.su ./Core/Src/stm32f4xx_it.cyclo ./Core/Src/stm32f4xx_it.d ./Core/Src/stm32f4xx_it.o ./Core/Src/stm32f4xx_it.su ./Core/Src/syscalls.cyclo ./Core/Src/syscalls.d ./Core/Src/syscalls.o ./Core/Src/syscalls.su ./Core/Src/sysmem.cyclo ./Core/Src/sysmem.d ./Core/Src/sysmem.o ./Core/Src/sysmem.su ./Core/Src/system_stm32f4xx.cyclo ./Core/Src/system_stm32f4xx.d ./Core/Src/system_stm32f4xx.o ./Core/Src/system_stm32f4xx.su
rm -rf chapter10_example1.elf chapter10_example1.hex chapter10_example1.list chapter10_example1.map default.size.stdout
 
17:59:44 **** Clean-only build of configuration Debug for project chapter10_example2 ****
make -j12 clean 
rm -rf ./Src/MiddleWare/container/ring_buf.cyclo ./Src/MiddleWare/container/ring_buf.d ./Src/MiddleWare/container/ring_buf.o ./Src/MiddleWare/container/ring_buf.su
rm -rf ./Src/MiddleWare/Console/console.cyclo ./Src/MiddleWare/Console/console.d ./Src/MiddleWare/Console/console.o ./Src/MiddleWare/Console/console.su
rm -rf ./Src/MiddleWare/Common/atomic.cyclo ./Src/MiddleWare/Common/atomic.d ./Src/MiddleWare/Common/atomic.o ./Src/MiddleWare/Common/atomic.su
rm -rf ./Src/Driver/Devices/ds3234/ds3234.cyclo ./Src/Driver/Devices/ds3234/ds3234.d ./Src/Driver/Devices/ds3234/ds3234.o ./Src/Driver/Devices/ds3234/ds3234.su
rm -rf ./Src/Driver/Components/spi/spi_io.cyclo ./Src/Driver/Components/spi/spi_io.d ./Src/Driver/Components/spi/spi_io.o ./Src/Driver/Components/spi/spi_io.su
rm -rf ./Src/Driver/Components/dio/di.cyclo ./Src/Driver/Components/dio/di.d ./Src/Driver/Components/dio/di.o ./Src/Driver/Components/dio/di.su ./Src/Driver/Components/dio/do.cyclo ./Src/Driver/Components/dio/do.d ./Src/Driver/Components/dio/do.o ./Src/Driver/Components/dio/do.su
rm -rf ./Src/Driver/Components/Usart/usart_io.cyclo ./Src/Driver/Components/Usart/usart_io.d ./Src/Driver/Components/Usart/usart_io.o ./Src/Driver/Components/Usart/usart_io.su
rm -rf ./Src/BSP/BSP_Water_Sensor/bsp_water.cyclo ./Src/BSP/BSP_Water_Sensor/bsp_water.d ./Src/BSP/BSP_Water_Sensor/bsp_water.o ./Src/BSP/BSP_Water_Sensor/bsp_water.su
rm -rf ./Src/BSP/BSP_USART/bsp_uart.cyclo ./Src/BSP/BSP_USART/bsp_uart.d ./Src/BSP/BSP_USART/bsp_uart.o ./Src/BSP/BSP_USART/bsp_uart.su
rm -rf ./Src/BSP/BSP_RTC/bsp_rtc.cyclo ./Src/BSP/BSP_RTC/bsp_rtc.d ./Src/BSP/BSP_RTC/bsp_rtc.o ./Src/BSP/BSP_RTC/bsp_rtc.su
rm -rf ./Src/BSP/BSP_Led/bsp_led.cyclo ./Src/BSP/BSP_Led/bsp_led.d ./Src/BSP/BSP_Led/bsp_led.o ./Src/BSP/BSP_Led/bsp_led.su
rm -rf ./Src/App/app_main.cyclo ./Src/App/app_main.d ./Src/App/app_main.o ./Src/App/app_main.su ./Src/App/app_water_control.cyclo ./Src/App/app_water_control.d ./Src/App/app_water_control.o ./Src/App/app_water_control.su
rm -rf ./Drivers/STM32F4xx_HAL_Driver/Src/stm32f4xx_ll_dma.cyclo ./Drivers/STM32F4xx_HAL_Driver/Src/stm32f4xx_ll_dma.d ./Drivers/STM32F4xx_HAL_Driver/Src/stm32f4xx_ll_dma.o ./Drivers/STM32F4xx_HAL_Driver/Src/stm32f4xx_ll_dma.su ./Drivers/STM32F4xx_HAL_Driver/Src/stm32f4xx_ll_exti.cyclo ./Drivers/STM32F4xx_HAL_Driver/Src/stm32f4xx_ll_exti.d ./Drivers/STM32F4xx_HAL_Driver/Src/stm32f4xx_ll_exti.o ./Drivers/STM32F4xx_HAL_Driver/Src/stm32f4xx_ll_exti.su ./Drivers/STM32F4xx_HAL_Driver/Src/stm32f4xx_ll_gpio.cyclo ./Drivers/STM32F4xx_HAL_Driver/Src/stm32f4xx_ll_gpio.d ./Drivers/STM32F4xx_HAL_Driver/Src/stm32f4xx_ll_gpio.o ./Drivers/STM32F4xx_HAL_Driver/Src/stm32f4xx_ll_gpio.su ./Drivers/STM32F4xx_HAL_Driver/Src/stm32f4xx_ll_rcc.cyclo ./Drivers/STM32F4xx_HAL_Driver/Src/stm32f4xx_ll_rcc.d ./Drivers/STM32F4xx_HAL_Driver/Src/stm32f4xx_ll_rcc.o ./Drivers/STM32F4xx_HAL_Driver/Src/stm32f4xx_ll_rcc.su ./Drivers/STM32F4xx_HAL_Driver/Src/stm32f4xx_ll_spi.cyclo ./Drivers/STM32F4xx_HAL_Driver/Src/stm32f4xx_ll_spi.d ./Drivers/STM32F4xx_HAL_Driver/Src/stm32f4xx_ll_spi.o ./Drivers/STM32F4xx_HAL_Driver/Src/stm32f4xx_ll_spi.su ./Drivers/STM32F4xx_HAL_Driver/Src/stm32f4xx_ll_usart.cyclo ./Drivers/STM32F4xx_HAL_Driver/Src/stm32f4xx_ll_usart.d ./Drivers/STM32F4xx_HAL_Driver/Src/stm32f4xx_ll_usart.o ./Drivers/STM32F4xx_HAL_Driver/Src/stm32f4xx_ll_usart.su ./Drivers/STM32F4xx_HAL_Driver/Src/stm32f4xx_ll_utils.cyclo ./Drivers/STM32F4xx_HAL_Driver/Src/stm32f4xx_ll_utils.d ./Drivers/STM32F4xx_HAL_Driver/Src/stm32f4xx_ll_utils.o ./Drivers/STM32F4xx_HAL_Driver/Src/stm32f4xx_ll_utils.su
rm -rf ./Core/Startup/startup_stm32f407vgtx.d ./Core/Startup/startup_stm32f407vgtx.o
rm -rf ./Core/Src/main.cyclo ./Core/Src/main.d ./Core/Src/main.o ./Core/Src/main.su ./Core/Src/stm32f4xx_it.cyclo ./Core/Src/stm32f4xx_it.d ./Core/Src/stm32f4xx_it.o ./Core/Src/stm32f4xx_it.su ./Core/Src/syscalls.cyclo ./Core/Src/syscalls.d ./Core/Src/syscalls.o ./Core/Src/syscalls.su ./Core/Src/sysmem.cyclo ./Core/Src/sysmem.d ./Core/Src/sysmem.o ./Core/Src/sysmem.su ./Core/Src/system_stm32f4xx.cyclo ./Core/Src/system_stm32f4xx.d ./Core/Src/system_stm32f4xx.o ./Core/Src/system_stm32f4xx.su
rm -rf chapter10_example2.elf chapter10_example2.hex chapter10_example2.list chapter10_example2.map default.size.stdout
 
17:59:45 **** Clean-only build of configuration Debug for project chapter10_example3 ****
make -j12 clean 
rm -rf ./Src/MiddleWare/container/ring_buf.cyclo ./Src/MiddleWare/container/ring_buf.d ./Src/MiddleWare/container/ring_buf.o ./Src/MiddleWare/container/ring_buf.su
rm -rf ./Src/MiddleWare/SoftTimer/soft_timer.cyclo ./Src/MiddleWare/SoftTimer/soft_timer.d ./Src/MiddleWare/SoftTimer/soft_timer.o ./Src/MiddleWare/SoftTimer/soft_timer.su
rm -rf ./Src/MiddleWare/Console/console.cyclo ./Src/MiddleWare/Console/console.d ./Src/MiddleWare/Console/console.o ./Src/MiddleWare/Console/console.su
rm -rf ./Src/MiddleWare/Common/atomic.cyclo ./Src/MiddleWare/Common/atomic.d ./Src/MiddleWare/Common/atomic.o ./Src/MiddleWare/Common/atomic.su
rm -rf ./Src/Driver/Devices/ds3234/ds3234.cyclo ./Src/Driver/Devices/ds3234/ds3234.d ./Src/Driver/Devices/ds3234/ds3234.o ./Src/Driver/Devices/ds3234/ds3234.su
rm -rf ./Src/Driver/Components/spi/spi_io.cyclo ./Src/Driver/Components/spi/spi_io.d ./Src/Driver/Components/spi/spi_io.o ./Src/Driver/Components/spi/spi_io.su
rm -rf ./Src/Driver/Components/dio/di.cyclo ./Src/Driver/Components/dio/di.d ./Src/Driver/Components/dio/di.o ./Src/Driver/Components/dio/di.su ./Src/Driver/Components/dio/do.cyclo ./Src/Driver/Components/dio/do.d ./Src/Driver/Components/dio/do.o ./Src/Driver/Components/dio/do.su
rm -rf ./Src/Driver/Components/Usart/usart_io.cyclo ./Src/Driver/Components/Usart/usart_io.d ./Src/Driver/Components/Usart/usart_io.o ./Src/Driver/Components/Usart/usart_io.su
rm -rf ./Src/BSP/BSP_Water_Sensor/bsp_water.cyclo ./Src/BSP/BSP_Water_Sensor/bsp_water.d ./Src/BSP/BSP_Water_Sensor/bsp_water.o ./Src/BSP/BSP_Water_Sensor/bsp_water.su
rm -rf ./Src/BSP/BSP_USART/bsp_uart.cyclo ./Src/BSP/BSP_USART/bsp_uart.d ./Src/BSP/BSP_USART/bsp_uart.o ./Src/BSP/BSP_USART/bsp_uart.su
rm -rf ./Src/BSP/BSP_Timers/bsp_timer.cyclo ./Src/BSP/BSP_Timers/bsp_timer.d ./Src/BSP/BSP_Timers/bsp_timer.o ./Src/BSP/BSP_Timers/bsp_timer.su
rm -rf ./Src/BSP/BSP_RTC/bsp_rtc.cyclo ./Src/BSP/BSP_RTC/bsp_rtc.d ./Src/BSP/BSP_RTC/bsp_rtc.o ./Src/BSP/BSP_RTC/bsp_rtc.su
rm -rf ./Src/BSP/BSP_Led/bsp_led.cyclo ./Src/BSP/BSP_Led/bsp_led.d ./Src/BSP/BSP_Led/bsp_led.o ./Src/BSP/BSP_Led/bsp_led.su
rm -rf ./Src/App/app_main.cyclo ./Src/App/app_main.d ./Src/App/app_main.o ./Src/App/app_main.su ./Src/App/app_water_control.cyclo ./Src/App/app_water_control.d ./Src/App/app_water_control.o ./Src/App/app_water_control.su
rm -rf ./Drivers/STM32F4xx_HAL_Driver/Src/stm32f4xx_ll_dma.cyclo ./Drivers/STM32F4xx_HAL_Driver/Src/stm32f4xx_ll_dma.d ./Drivers/STM32F4xx_HAL_Driver/Src/stm32f4xx_ll_dma.o ./Drivers/STM32F4xx_HAL_Driver/Src/stm32f4xx_ll_dma.su ./Drivers/STM32F4xx_HAL_Driver/Src/stm32f4xx_ll_exti.cyclo ./Drivers/STM32F4xx_HAL_Driver/Src/stm32f4xx_ll_exti.d ./Drivers/STM32F4xx_HAL_Driver/Src/stm32f4xx_ll_exti.o ./Drivers/STM32F4xx_HAL_Driver/Src/stm32f4xx_ll_exti.su ./Drivers/STM32F4xx_HAL_Driver/Src/stm32f4xx_ll_gpio.cyclo ./Drivers/STM32F4xx_HAL_Driver/Src/stm32f4xx_ll_gpio.d ./Drivers/STM32F4xx_HAL_Driver/Src/stm32f4xx_ll_gpio.o ./Drivers/STM32F4xx_HAL_Driver/Src/stm32f4xx_ll_gpio.su ./Drivers/STM32F4xx_HAL_Driver/Src/stm32f4xx_ll_rcc.cyclo ./Drivers/STM32F4xx_HAL_Driver/Src/stm32f4xx_ll_rcc.d ./Drivers/STM32F4xx_HAL_Driver/Src/stm32f4xx_ll_rcc.o ./Drivers/STM32F4xx_HAL_Driver/Src/stm32f4xx_ll_rcc.su ./Drivers/STM32F4xx_HAL_Driver/Src/stm32f4xx_ll_spi.cyclo ./Drivers/STM32F4xx_HAL_Driver/Src/stm32f4xx_ll_spi.d ./Drivers/STM32F4xx_HAL_Driver/Src/stm32f4xx_ll_spi.o ./Drivers/STM32F4xx_HAL_Driver/Src/stm32f4xx_ll_spi.su ./Drivers/STM32F4xx_HAL_Driver/Src/stm32f4xx_ll_usart.cyclo ./Drivers/STM32F4xx_HAL_Driver/Src/stm32f4xx_ll_usart.d ./Drivers/STM32F4xx_HAL_Driver/Src/stm32f4xx_ll_usart.o ./Drivers/STM32F4xx_HAL_Driver/Src/stm32f4xx_ll_usart.su ./Drivers/STM32F4xx_HAL_Driver/Src/stm32f4xx_ll_utils.cyclo ./Drivers/STM32F4xx_HAL_Driver/Src/stm32f4xx_ll_utils.d ./Drivers/STM32F4xx_HAL_Driver/Src/stm32f4xx_ll_utils.o ./Drivers/STM32F4xx_HAL_Driver/Src/stm32f4xx_ll_utils.su
rm -rf ./Core/Startup/startup_stm32f407vgtx.d ./Core/Startup/startup_stm32f407vgtx.o
rm -rf ./Core/Src/main.cyclo ./Core/Src/main.d ./Core/Src/main.o ./Core/Src/main.su ./Core/Src/stm32f4xx_it.cyclo ./Core/Src/stm32f4xx_it.d ./Core/Src/stm32f4xx_it.o ./Core/Src/stm32f4xx_it.su ./Core/Src/syscalls.cyclo ./Core/Src/syscalls.d ./Core/Src/syscalls.o ./Core/Src/syscalls.su ./Core/Src/sysmem.cyclo ./Core/Src/sysmem.d ./Core/Src/sysmem.o ./Core/Src/sysmem.su ./Core/Src/system_stm32f4xx.cyclo ./Core/Src/system_stm32f4xx.d ./Core/Src/system_stm32f4xx.o ./Core/Src/system_stm32f4xx.su
rm -rf chapter10_example3.elf chapter10_example3.hex chapter10_example3.list chapter10_example3.map default.size.stdout
 
17:59:45 **** Clean-only build of configuration Debug for project chapter10_example4 ****
make -j12 clean 
rm -rf ./Src/MiddleWare/container/ring_buf.cyclo ./Src/MiddleWare/container/ring_buf.d ./Src/MiddleWare/container/ring_buf.o ./Src/MiddleWare/container/ring_buf.su
rm -rf ./Src/MiddleWare/SoftTimer/soft_timer.cyclo ./Src/MiddleWare/SoftTimer/soft_timer.d ./Src/MiddleWare/SoftTimer/soft_timer.o ./Src/MiddleWare/SoftTimer/soft_timer.su
rm -rf ./Src/MiddleWare/Console/console.cyclo ./Src/MiddleWare/Console/console.d ./Src/MiddleWare/Console/console.o ./Src/MiddleWare/Console/console.su
rm -rf ./Src/MiddleWare/Common/atomic.cyclo ./Src/MiddleWare/Common/atomic.d ./Src/MiddleWare/Common/atomic.o ./Src/MiddleWare/Common/atomic.su
rm -rf ./Src/Driver/Devices/ds3234/ds3234.cyclo ./Src/Driver/Devices/ds3234/ds3234.d ./Src/Driver/Devices/ds3234/ds3234.o ./Src/Driver/Devices/ds3234/ds3234.su
rm -rf ./Src/Driver/Components/spi/spi_io.cyclo ./Src/Driver/Components/spi/spi_io.d ./Src/Driver/Components/spi/spi_io.o ./Src/Driver/Components/spi/spi_io.su
rm -rf ./Src/Driver/Components/dio/di.cyclo ./Src/Driver/Components/dio/di.d ./Src/Driver/Components/dio/di.o ./Src/Driver/Components/dio/di.su ./Src/Driver/Components/dio/do.cyclo ./Src/Driver/Components/dio/do.d ./Src/Driver/Components/dio/do.o ./Src/Driver/Components/dio/do.su
rm -rf ./Src/Driver/Components/Usart/usart_io.cyclo ./Src/Driver/Components/Usart/usart_io.d ./Src/Driver/Components/Usart/usart_io.o ./Src/Driver/Components/Usart/usart_io.su
rm -rf ./Src/BSP/BSP_Water_Sensor/bsp_water.cyclo ./Src/BSP/BSP_Water_Sensor/bsp_water.d ./Src/BSP/BSP_Water_Sensor/bsp_water.o ./Src/BSP/BSP_Water_Sensor/bsp_water.su
rm -rf ./Src/BSP/BSP_USART/bsp_uart.cyclo ./Src/BSP/BSP_USART/bsp_uart.d ./Src/BSP/BSP_USART/bsp_uart.o ./Src/BSP/BSP_USART/bsp_uart.su
rm -rf ./Src/BSP/BSP_Timers/bsp_timer.cyclo ./Src/BSP/BSP_Timers/bsp_timer.d ./Src/BSP/BSP_Timers/bsp_timer.o ./Src/BSP/BSP_Timers/bsp_timer.su
rm -rf ./Src/BSP/BSP_RTC/bsp_rtc.cyclo ./Src/BSP/BSP_RTC/bsp_rtc.d ./Src/BSP/BSP_RTC/bsp_rtc.o ./Src/BSP/BSP_RTC/bsp_rtc.su
rm -rf ./Src/BSP/BSP_Led/bsp_led.cyclo ./Src/BSP/BSP_Led/bsp_led.d ./Src/BSP/BSP_Led/bsp_led.o ./Src/BSP/BSP_Led/bsp_led.su
rm -rf ./Src/App/app_main.cyclo ./Src/App/app_main.d ./Src/App/app_main.o ./Src/App/app_main.su ./Src/App/app_water_control.cyclo ./Src/App/app_water_control.d ./Src/App/app_water_control.o ./Src/App/app_water_control.su
rm -rf ./Drivers/STM32F4xx_HAL_Driver/Src/stm32f4xx_ll_dma.cyclo ./Drivers/STM32F4xx_HAL_Driver/Src/stm32f4xx_ll_dma.d ./Drivers/STM32F4xx_HAL_Driver/Src/stm32f4xx_ll_dma.o ./Drivers/STM32F4xx_HAL_Driver/Src/stm32f4xx_ll_dma.su ./Drivers/STM32F4xx_HAL_Driver/Src/stm32f4xx_ll_exti.cyclo ./Drivers/STM32F4xx_HAL_Driver/Src/stm32f4xx_ll_exti.d ./Drivers/STM32F4xx_HAL_Driver/Src/stm32f4xx_ll_exti.o ./Drivers/STM32F4xx_HAL_Driver/Src/stm32f4xx_ll_exti.su ./Drivers/STM32F4xx_HAL_Driver/Src/stm32f4xx_ll_gpio.cyclo ./Drivers/STM32F4xx_HAL_Driver/Src/stm32f4xx_ll_gpio.d ./Drivers/STM32F4xx_HAL_Driver/Src/stm32f4xx_ll_gpio.o ./Drivers/STM32F4xx_HAL_Driver/Src/stm32f4xx_ll_gpio.su ./Drivers/STM32F4xx_HAL_Driver/Src/stm32f4xx_ll_rcc.cyclo ./Drivers/STM32F4xx_HAL_Driver/Src/stm32f4xx_ll_rcc.d ./Drivers/STM32F4xx_HAL_Driver/Src/stm32f4xx_ll_rcc.o ./Drivers/STM32F4xx_HAL_Driver/Src/stm32f4xx_ll_rcc.su ./Drivers/STM32F4xx_HAL_Driver/Src/stm32f4xx_ll_spi.cyclo ./Drivers/STM32F4xx_HAL_Driver/Src/stm32f4xx_ll_spi.d ./Drivers/STM32F4xx_HAL_Driver/Src/stm32f4xx_ll_spi.o ./Drivers/STM32F4xx_HAL_Driver/Src/stm32f4xx_ll_spi.su ./Drivers/STM32F4xx_HAL_Driver/Src/stm32f4xx_ll_usart.cyclo ./Drivers/STM32F4xx_HAL_Driver/Src/stm32f4xx_ll_usart.d ./Drivers/STM32F4xx_HAL_Driver/Src/stm32f4xx_ll_usart.o ./Drivers/STM32F4xx_HAL_Driver/Src/stm32f4xx_ll_usart.su ./Drivers/STM32F4xx_HAL_Driver/Src/stm32f4xx_ll_utils.cyclo ./Drivers/STM32F4xx_HAL_Driver/Src/stm32f4xx_ll_utils.d ./Drivers/STM32F4xx_HAL_Driver/Src/stm32f4xx_ll_utils.o ./Drivers/STM32F4xx_HAL_Driver/Src/stm32f4xx_ll_utils.su
rm -rf ./Core/Startup/startup_stm32f407vgtx.d ./Core/Startup/startup_stm32f407vgtx.o
rm -rf ./Core/Src/main.cyclo ./Core/Src/main.d ./Core/Src/main.o ./Core/Src/main.su ./Core/Src/stm32f4xx_it.cyclo ./Core/Src/stm32f4xx_it.d ./Core/Src/stm32f4xx_it.o ./Core/Src/stm32f4xx_it.su ./Core/Src/syscalls.cyclo ./Core/Src/syscalls.d ./Core/Src/syscalls.o ./Core/Src/syscalls.su ./Core/Src/sysmem.cyclo ./Core/Src/sysmem.d ./Core/Src/sysmem.o ./Core/Src/sysmem.su ./Core/Src/system_stm32f4xx.cyclo ./Core/Src/system_stm32f4xx.d ./Core/Src/system_stm32f4xx.o ./Core/Src/system_stm32f4xx.su
rm -rf chapter10_example4.elf chapter10_example4.hex chapter10_example4.list chapter10_example4.map default.size.stdout
 
17:59:46 **** Clean-only build of configuration Debug for project chapter10_example5 ****
make -j12 clean 
rm -rf ./Src/MiddleWare/container/ring_buf.cyclo ./Src/MiddleWare/container/ring_buf.d ./Src/MiddleWare/container/ring_buf.o ./Src/MiddleWare/container/ring_buf.su
rm -rf ./Src/MiddleWare/SoftTimer/soft_timer.cyclo ./Src/MiddleWare/SoftTimer/soft_timer.d ./Src/MiddleWare/SoftTimer/soft_timer.o ./Src/MiddleWare/SoftTimer/soft_timer.su
rm -rf ./Src/MiddleWare/Console/console.cyclo ./Src/MiddleWare/Console/console.d ./Src/MiddleWare/Console/console.o ./Src/MiddleWare/Console/console.su
rm -rf ./Src/MiddleWare/Common/atomic.cyclo ./Src/MiddleWare/Common/atomic.d ./Src/MiddleWare/Common/atomic.o ./Src/MiddleWare/Common/atomic.su
rm -rf ./Src/Driver/Devices/ds3234/ds3234.cyclo ./Src/Driver/Devices/ds3234/ds3234.d ./Src/Driver/Devices/ds3234/ds3234.o ./Src/Driver/Devices/ds3234/ds3234.su
rm -rf ./Src/Driver/Components/spi/spi_io.cyclo ./Src/Driver/Components/spi/spi_io.d ./Src/Driver/Components/spi/spi_io.o ./Src/Driver/Components/spi/spi_io.su
rm -rf ./Src/Driver/Components/dio/di.cyclo ./Src/Driver/Components/dio/di.d ./Src/Driver/Components/dio/di.o ./Src/Driver/Components/dio/di.su ./Src/Driver/Components/dio/do.cyclo ./Src/Driver/Components/dio/do.d ./Src/Driver/Components/dio/do.o ./Src/Driver/Components/dio/do.su
rm -rf ./Src/Driver/Components/Usart/usart_io.cyclo ./Src/Driver/Components/Usart/usart_io.d ./Src/Driver/Components/Usart/usart_io.o ./Src/Driver/Components/Usart/usart_io.su
rm -rf ./Src/BSP/BSP_Water_Sensor/bsp_water.cyclo ./Src/BSP/BSP_Water_Sensor/bsp_water.d ./Src/BSP/BSP_Water_Sensor/bsp_water.o ./Src/BSP/BSP_Water_Sensor/bsp_water.su
rm -rf ./Src/BSP/BSP_USART/bsp_uart.cyclo ./Src/BSP/BSP_USART/bsp_uart.d ./Src/BSP/BSP_USART/bsp_uart.o ./Src/BSP/BSP_USART/bsp_uart.su
rm -rf ./Src/BSP/BSP_Timers/bsp_timer.cyclo ./Src/BSP/BSP_Timers/bsp_timer.d ./Src/BSP/BSP_Timers/bsp_timer.o ./Src/BSP/BSP_Timers/bsp_timer.su
rm -rf ./Src/BSP/BSP_RTC/bsp_rtc.cyclo ./Src/BSP/BSP_RTC/bsp_rtc.d ./Src/BSP/BSP_RTC/bsp_rtc.o ./Src/BSP/BSP_RTC/bsp_rtc.su
rm -rf ./Src/BSP/BSP_Led/bsp_led.cyclo ./Src/BSP/BSP_Led/bsp_led.d ./Src/BSP/BSP_Led/bsp_led.o ./Src/BSP/BSP_Led/bsp_led.su
rm -rf ./Src/App/app_main.cyclo ./Src/App/app_main.d ./Src/App/app_main.o ./Src/App/app_main.su ./Src/App/app_water_control.cyclo ./Src/App/app_water_control.d ./Src/App/app_water_control.o ./Src/App/app_water_control.su
rm -rf ./Drivers/STM32F4xx_HAL_Driver/Src/stm32f4xx_ll_dma.cyclo ./Drivers/STM32F4xx_HAL_Driver/Src/stm32f4xx_ll_dma.d ./Drivers/STM32F4xx_HAL_Driver/Src/stm32f4xx_ll_dma.o ./Drivers/STM32F4xx_HAL_Driver/Src/stm32f4xx_ll_dma.su ./Drivers/STM32F4xx_HAL_Driver/Src/stm32f4xx_ll_exti.cyclo ./Drivers/STM32F4xx_HAL_Driver/Src/stm32f4xx_ll_exti.d ./Drivers/STM32F4xx_HAL_Driver/Src/stm32f4xx_ll_exti.o ./Drivers/STM32F4xx_HAL_Driver/Src/stm32f4xx_ll_exti.su ./Drivers/STM32F4xx_HAL_Driver/Src/stm32f4xx_ll_gpio.cyclo ./Drivers/STM32F4xx_HAL_Driver/Src/stm32f4xx_ll_gpio.d ./Drivers/STM32F4xx_HAL_Driver/Src/stm32f4xx_ll_gpio.o ./Drivers/STM32F4xx_HAL_Driver/Src/stm32f4xx_ll_gpio.su ./Drivers/STM32F4xx_HAL_Driver/Src/stm32f4xx_ll_rcc.cyclo ./Drivers/STM32F4xx_HAL_Driver/Src/stm32f4xx_ll_rcc.d ./Drivers/STM32F4xx_HAL_Driver/Src/stm32f4xx_ll_rcc.o ./Drivers/STM32F4xx_HAL_Driver/Src/stm32f4xx_ll_rcc.su ./Drivers/STM32F4xx_HAL_Driver/Src/stm32f4xx_ll_spi.cyclo ./Drivers/STM32F4xx_HAL_Driver/Src/stm32f4xx_ll_spi.d ./Drivers/STM32F4xx_HAL_Driver/Src/stm32f4xx_ll_spi.o ./Drivers/STM32F4xx_HAL_Driver/Src/stm32f4xx_ll_spi.su ./Drivers/STM32F4xx_HAL_Driver/Src/stm32f4xx_ll_usart.cyclo ./Drivers/STM32F4xx_HAL_Driver/Src/stm32f4xx_ll_usart.d ./Drivers/STM32F4xx_HAL_Driver/Src/stm32f4xx_ll_usart.o ./Drivers/STM32F4xx_HAL_Driver/Src/stm32f4xx_ll_usart.su ./Drivers/STM32F4xx_HAL_Driver/Src/stm32f4xx_ll_utils.cyclo ./Drivers/STM32F4xx_HAL_Driver/Src/stm32f4xx_ll_utils.d ./Drivers/STM32F4xx_HAL_Driver/Src/stm32f4xx_ll_utils.o ./Drivers/STM32F4xx_HAL_Driver/Src/stm32f4xx_ll_utils.su
rm -rf ./Core/Startup/startup_stm32f407vgtx.d ./Core/Startup/startup_stm32f407vgtx.o
rm -rf ./Core/Src/main.cyclo ./Core/Src/main.d ./Core/Src/main.o ./Core/Src/main.su ./Core/Src/stm32f4xx_it.cyclo ./Core/Src/stm32f4xx_it.d ./Core/Src/stm32f4xx_it.o ./Core/Src/stm32f4xx_it.su ./Core/Src/syscalls.cyclo ./Core/Src/syscalls.d ./Core/Src/syscalls.o ./Core/Src/syscalls.su ./Core/Src/sysmem.cyclo ./Core/Src/sysmem.d ./Core/Src/sysmem.o ./Core/Src/sysmem.su ./Core/Src/system_stm32f4xx.cyclo ./Core/Src/system_stm32f4xx.d ./Core/Src/system_stm32f4xx.o ./Core/Src/system_stm32f4xx.su
rm -rf chapter10_example6.elf chapter10_example6.hex chapter10_example6.list chapter10_example6.map default.size.stdout
 
17:59:46 **** Clean-only build of configuration Debug for project chapter10_example6 ****
make -j12 clean 
rm -rf ./Src/MiddleWare/container/ring_buf.cyclo ./Src/MiddleWare/container/ring_buf.d ./Src/MiddleWare/container/ring_buf.o ./Src/MiddleWare/container/ring_buf.su
rm -rf ./Src/MiddleWare/SoftTimer/soft_timer.cyclo ./Src/MiddleWare/SoftTimer/soft_timer.d ./Src/MiddleWare/SoftTimer/soft_timer.o ./Src/MiddleWare/SoftTimer/soft_timer.su
rm -rf ./Src/MiddleWare/Console/console.cyclo ./Src/MiddleWare/Console/console.d ./Src/MiddleWare/Console/console.o ./Src/MiddleWare/Console/console.su
rm -rf ./Src/MiddleWare/Common/atomic.cyclo ./Src/MiddleWare/Common/atomic.d ./Src/MiddleWare/Common/atomic.o ./Src/MiddleWare/Common/atomic.su
rm -rf ./Src/Driver/Devices/ds3234/ds3234.cyclo ./Src/Driver/Devices/ds3234/ds3234.d ./Src/Driver/Devices/ds3234/ds3234.o ./Src/Driver/Devices/ds3234/ds3234.su
rm -rf ./Src/Driver/Components/spi/spi_io.cyclo ./Src/Driver/Components/spi/spi_io.d ./Src/Driver/Components/spi/spi_io.o ./Src/Driver/Components/spi/spi_io.su
rm -rf ./Src/Driver/Components/dio/di.cyclo ./Src/Driver/Components/dio/di.d ./Src/Driver/Components/dio/di.o ./Src/Driver/Components/dio/di.su ./Src/Driver/Components/dio/do.cyclo ./Src/Driver/Components/dio/do.d ./Src/Driver/Components/dio/do.o ./Src/Driver/Components/dio/do.su
rm -rf ./Src/Driver/Components/Usart/usart_io.cyclo ./Src/Driver/Components/Usart/usart_io.d ./Src/Driver/Components/Usart/usart_io.o ./Src/Driver/Components/Usart/usart_io.su
rm -rf ./Src/BSP/BSP_Water_Sensor/bsp_water.cyclo ./Src/BSP/BSP_Water_Sensor/bsp_water.d ./Src/BSP/BSP_Water_Sensor/bsp_water.o ./Src/BSP/BSP_Water_Sensor/bsp_water.su
rm -rf ./Src/BSP/BSP_USART/bsp_uart.cyclo ./Src/BSP/BSP_USART/bsp_uart.d ./Src/BSP/BSP_USART/bsp_uart.o ./Src/BSP/BSP_USART/bsp_uart.su
rm -rf ./Src/BSP/BSP_Timers/bsp_timer.cyclo ./Src/BSP/BSP_Timers/bsp_timer.d ./Src/BSP/BSP_Timers/bsp_timer.o ./Src/BSP/BSP_Timers/bsp_timer.su
rm -rf ./Src/BSP/BSP_RTC/bsp_rtc.cyclo ./Src/BSP/BSP_RTC/bsp_rtc.d ./Src/BSP/BSP_RTC/bsp_rtc.o ./Src/BSP/BSP_RTC/bsp_rtc.su
rm -rf ./Src/BSP/BSP_Led/bsp_led.cyclo ./Src/BSP/BSP_Led/bsp_led.d ./Src/BSP/BSP_Led/bsp_led.o ./Src/BSP/BSP_Led/bsp_led.su
rm -rf ./Src/App/app_main.cyclo ./Src/App/app_main.d ./Src/App/app_main.o ./Src/App/app_main.su ./Src/App/app_water_control.cyclo ./Src/App/app_water_control.d ./Src/App/app_water_control.o ./Src/App/app_water_control.su
rm -rf ./Drivers/STM32F4xx_HAL_Driver/Src/stm32f4xx_ll_dma.cyclo ./Drivers/STM32F4xx_HAL_Driver/Src/stm32f4xx_ll_dma.d ./Drivers/STM32F4xx_HAL_Driver/Src/stm32f4xx_ll_dma.o ./Drivers/STM32F4xx_HAL_Driver/Src/stm32f4xx_ll_dma.su ./Drivers/STM32F4xx_HAL_Driver/Src/stm32f4xx_ll_exti.cyclo ./Drivers/STM32F4xx_HAL_Driver/Src/stm32f4xx_ll_exti.d ./Drivers/STM32F4xx_HAL_Driver/Src/stm32f4xx_ll_exti.o ./Drivers/STM32F4xx_HAL_Driver/Src/stm32f4xx_ll_exti.su ./Drivers/STM32F4xx_HAL_Driver/Src/stm32f4xx_ll_gpio.cyclo ./Drivers/STM32F4xx_HAL_Driver/Src/stm32f4xx_ll_gpio.d ./Drivers/STM32F4xx_HAL_Driver/Src/stm32f4xx_ll_gpio.o ./Drivers/STM32F4xx_HAL_Driver/Src/stm32f4xx_ll_gpio.su ./Drivers/STM32F4xx_HAL_Driver/Src/stm32f4xx_ll_rcc.cyclo ./Drivers/STM32F4xx_HAL_Driver/Src/stm32f4xx_ll_rcc.d ./Drivers/STM32F4xx_HAL_Driver/Src/stm32f4xx_ll_rcc.o ./Drivers/STM32F4xx_HAL_Driver/Src/stm32f4xx_ll_rcc.su ./Drivers/STM32F4xx_HAL_Driver/Src/stm32f4xx_ll_spi.cyclo ./Drivers/STM32F4xx_HAL_Driver/Src/stm32f4xx_ll_spi.d ./Drivers/STM32F4xx_HAL_Driver/Src/stm32f4xx_ll_spi.o ./Drivers/STM32F4xx_HAL_Driver/Src/stm32f4xx_ll_spi.su ./Drivers/STM32F4xx_HAL_Driver/Src/stm32f4xx_ll_usart.cyclo ./Drivers/STM32F4xx_HAL_Driver/Src/stm32f4xx_ll_usart.d ./Drivers/STM32F4xx_HAL_Driver/Src/stm32f4xx_ll_usart.o ./Drivers/STM32F4xx_HAL_Driver/Src/stm32f4xx_ll_usart.su ./Drivers/STM32F4xx_HAL_Driver/Src/stm32f4xx_ll_utils.cyclo ./Drivers/STM32F4xx_HAL_Driver/Src/stm32f4xx_ll_utils.d ./Drivers/STM32F4xx_HAL_Driver/Src/stm32f4xx_ll_utils.o ./Drivers/STM32F4xx_HAL_Driver/Src/stm32f4xx_ll_utils.su
rm -rf ./Core/Startup/startup_stm32f407vgtx.d ./Core/Startup/startup_stm32f407vgtx.o
rm -rf ./Core/Src/main.cyclo ./Core/Src/main.d ./Core/Src/main.o ./Core/Src/main.su ./Core/Src/stm32f4xx_it.cyclo ./Core/Src/stm32f4xx_it.d ./Core/Src/stm32f4xx_it.o ./Core/Src/stm32f4xx_it.su ./Core/Src/syscalls.cyclo ./Core/Src/syscalls.d ./Core/Src/syscalls.o ./Core/Src/syscalls.su ./Core/Src/sysmem.cyclo ./Core/Src/sysmem.d ./Core/Src/sysmem.o ./Core/Src/sysmem.su ./Core/Src/system_stm32f4xx.cyclo ./Core/Src/system_stm32f4xx.d ./Core/Src/system_stm32f4xx.o ./Core/Src/system_stm32f4xx.su
rm -rf chapter10_example6.elf chapter10_example6.hex chapter10_example6.list chapter10_example6.map default.size.stdout
 
17:59:47 **** Clean-only build of configuration Debug for project chapter10_example7 ****
make -j12 clean 
rm -rf ./Src/MiddleWare/container/fifo.cyclo ./Src/MiddleWare/container/fifo.d ./Src/MiddleWare/container/fifo.o ./Src/MiddleWare/container/fifo.su ./Src/MiddleWare/container/ring_buf.cyclo ./Src/MiddleWare/container/ring_buf.d ./Src/MiddleWare/container/ring_buf.o ./Src/MiddleWare/container/ring_buf.su
rm -rf ./Src/MiddleWare/SoftTimer/soft_timer.cyclo ./Src/MiddleWare/SoftTimer/soft_timer.d ./Src/MiddleWare/SoftTimer/soft_timer.o ./Src/MiddleWare/SoftTimer/soft_timer.su
rm -rf ./Src/MiddleWare/Console/console.cyclo ./Src/MiddleWare/Console/console.d ./Src/MiddleWare/Console/console.o ./Src/MiddleWare/Console/console.su
rm -rf ./Src/MiddleWare/Common/atomic.cyclo ./Src/MiddleWare/Common/atomic.d ./Src/MiddleWare/Common/atomic.o ./Src/MiddleWare/Common/atomic.su
rm -rf ./Src/Driver/Devices/ds3234/ds3234.cyclo ./Src/Driver/Devices/ds3234/ds3234.d ./Src/Driver/Devices/ds3234/ds3234.o ./Src/Driver/Devices/ds3234/ds3234.su
rm -rf ./Src/Driver/Components/spi/spi_io.cyclo ./Src/Driver/Components/spi/spi_io.d ./Src/Driver/Components/spi/spi_io.o ./Src/Driver/Components/spi/spi_io.su
rm -rf ./Src/Driver/Components/dio/di.cyclo ./Src/Driver/Components/dio/di.d ./Src/Driver/Components/dio/di.o ./Src/Driver/Components/dio/di.su ./Src/Driver/Components/dio/do.cyclo ./Src/Driver/Components/dio/do.d ./Src/Driver/Components/dio/do.o ./Src/Driver/Components/dio/do.su
rm -rf ./Src/Driver/Components/Usart/usart_io.cyclo ./Src/Driver/Components/Usart/usart_io.d ./Src/Driver/Components/Usart/usart_io.o ./Src/Driver/Components/Usart/usart_io.su
rm -rf ./Src/BSP/BSP_Water_Sensor/bsp_water.cyclo ./Src/BSP/BSP_Water_Sensor/bsp_water.d ./Src/BSP/BSP_Water_Sensor/bsp_water.o ./Src/BSP/BSP_Water_Sensor/bsp_water.su
rm -rf ./Src/BSP/BSP_USART/bsp_uart.cyclo ./Src/BSP/BSP_USART/bsp_uart.d ./Src/BSP/BSP_USART/bsp_uart.o ./Src/BSP/BSP_USART/bsp_uart.su
rm -rf ./Src/BSP/BSP_Timers/bsp_timer.cyclo ./Src/BSP/BSP_Timers/bsp_timer.d ./Src/BSP/BSP_Timers/bsp_timer.o ./Src/BSP/BSP_Timers/bsp_timer.su
rm -rf ./Src/BSP/BSP_RTC/bsp_rtc.cyclo ./Src/BSP/BSP_RTC/bsp_rtc.d ./Src/BSP/BSP_RTC/bsp_rtc.o ./Src/BSP/BSP_RTC/bsp_rtc.su
rm -rf ./Src/BSP/BSP_Led/bsp_led.cyclo ./Src/BSP/BSP_Led/bsp_led.d ./Src/BSP/BSP_Led/bsp_led.o ./Src/BSP/BSP_Led/bsp_led.su
rm -rf ./Src/App/app_main.cyclo ./Src/App/app_main.d ./Src/App/app_main.o ./Src/App/app_main.su ./Src/App/app_water_control.cyclo ./Src/App/app_water_control.d ./Src/App/app_water_control.o ./Src/App/app_water_control.su
rm -rf ./Drivers/STM32F4xx_HAL_Driver/Src/stm32f4xx_ll_dma.cyclo ./Drivers/STM32F4xx_HAL_Driver/Src/stm32f4xx_ll_dma.d ./Drivers/STM32F4xx_HAL_Driver/Src/stm32f4xx_ll_dma.o ./Drivers/STM32F4xx_HAL_Driver/Src/stm32f4xx_ll_dma.su ./Drivers/STM32F4xx_HAL_Driver/Src/stm32f4xx_ll_exti.cyclo ./Drivers/STM32F4xx_HAL_Driver/Src/stm32f4xx_ll_exti.d ./Drivers/STM32F4xx_HAL_Driver/Src/stm32f4xx_ll_exti.o ./Drivers/STM32F4xx_HAL_Driver/Src/stm32f4xx_ll_exti.su ./Drivers/STM32F4xx_HAL_Driver/Src/stm32f4xx_ll_gpio.cyclo ./Drivers/STM32F4xx_HAL_Driver/Src/stm32f4xx_ll_gpio.d ./Drivers/STM32F4xx_HAL_Driver/Src/stm32f4xx_ll_gpio.o ./Drivers/STM32F4xx_HAL_Driver/Src/stm32f4xx_ll_gpio.su ./Drivers/STM32F4xx_HAL_Driver/Src/stm32f4xx_ll_rcc.cyclo ./Drivers/STM32F4xx_HAL_Driver/Src/stm32f4xx_ll_rcc.d ./Drivers/STM32F4xx_HAL_Driver/Src/stm32f4xx_ll_rcc.o ./Drivers/STM32F4xx_HAL_Driver/Src/stm32f4xx_ll_rcc.su ./Drivers/STM32F4xx_HAL_Driver/Src/stm32f4xx_ll_spi.cyclo ./Drivers/STM32F4xx_HAL_Driver/Src/stm32f4xx_ll_spi.d ./Drivers/STM32F4xx_HAL_Driver/Src/stm32f4xx_ll_spi.o ./Drivers/STM32F4xx_HAL_Driver/Src/stm32f4xx_ll_spi.su ./Drivers/STM32F4xx_HAL_Driver/Src/stm32f4xx_ll_usart.cyclo ./Drivers/STM32F4xx_HAL_Driver/Src/stm32f4xx_ll_usart.d ./Drivers/STM32F4xx_HAL_Driver/Src/stm32f4xx_ll_usart.o ./Drivers/STM32F4xx_HAL_Driver/Src/stm32f4xx_ll_usart.su ./Drivers/STM32F4xx_HAL_Driver/Src/stm32f4xx_ll_utils.cyclo ./Drivers/STM32F4xx_HAL_Driver/Src/stm32f4xx_ll_utils.d ./Drivers/STM32F4xx_HAL_Driver/Src/stm32f4xx_ll_utils.o ./Drivers/STM32F4xx_HAL_Driver/Src/stm32f4xx_ll_utils.su
rm -rf ./Core/Startup/startup_stm32f407vgtx.d ./Core/Startup/startup_stm32f407vgtx.o
rm -rf ./Core/Src/main.cyclo ./Core/Src/main.d ./Core/Src/main.o ./Core/Src/main.su ./Core/Src/stm32f4xx_it.cyclo ./Core/Src/stm32f4xx_it.d ./Core/Src/stm32f4xx_it.o ./Core/Src/stm32f4xx_it.su ./Core/Src/syscalls.cyclo ./Core/Src/syscalls.d ./Core/Src/syscalls.o ./Core/Src/syscalls.su ./Core/Src/sysmem.cyclo ./Core/Src/sysmem.d ./Core/Src/sysmem.o ./Core/Src/sysmem.su ./Core/Src/system_stm32f4xx.cyclo ./Core/Src/system_stm32f4xx.d ./Core/Src/system_stm32f4xx.o ./Core/Src/system_stm32f4xx.su
rm -rf chapter10_example7.elf chapter10_example7.hex chapter10_example7.list chapter10_example7.map default.size.stdout
 
17:59:47 **** Clean-only build of configuration Debug for project chapter10_example8 ****
make -j12 clean 
rm -rf ./Src/MiddleWare/container/fifo.cyclo ./Src/MiddleWare/container/fifo.d ./Src/MiddleWare/container/fifo.o ./Src/MiddleWare/container/fifo.su ./Src/MiddleWare/container/ring_buf.cyclo ./Src/MiddleWare/container/ring_buf.d ./Src/MiddleWare/container/ring_buf.o ./Src/MiddleWare/container/ring_buf.su
rm -rf ./Src/MiddleWare/SoftTimer/soft_timer.cyclo ./Src/MiddleWare/SoftTimer/soft_timer.d ./Src/MiddleWare/SoftTimer/soft_timer.o ./Src/MiddleWare/SoftTimer/soft_timer.su
rm -rf ./Src/MiddleWare/Console/console.cyclo ./Src/MiddleWare/Console/console.d ./Src/MiddleWare/Console/console.o ./Src/MiddleWare/Console/console.su
rm -rf ./Src/MiddleWare/Common/atomic.cyclo ./Src/MiddleWare/Common/atomic.d ./Src/MiddleWare/Common/atomic.o ./Src/MiddleWare/Common/atomic.su
rm -rf ./Src/Driver/Devices/ds3234/ds3234.cyclo ./Src/Driver/Devices/ds3234/ds3234.d ./Src/Driver/Devices/ds3234/ds3234.o ./Src/Driver/Devices/ds3234/ds3234.su
rm -rf ./Src/Driver/Components/spi/spi_io.cyclo ./Src/Driver/Components/spi/spi_io.d ./Src/Driver/Components/spi/spi_io.o ./Src/Driver/Components/spi/spi_io.su
rm -rf ./Src/Driver/Components/dio/di.cyclo ./Src/Driver/Components/dio/di.d ./Src/Driver/Components/dio/di.o ./Src/Driver/Components/dio/di.su ./Src/Driver/Components/dio/do.cyclo ./Src/Driver/Components/dio/do.d ./Src/Driver/Components/dio/do.o ./Src/Driver/Components/dio/do.su
rm -rf ./Src/Driver/Components/Usart/usart_io.cyclo ./Src/Driver/Components/Usart/usart_io.d ./Src/Driver/Components/Usart/usart_io.o ./Src/Driver/Components/Usart/usart_io.su
rm -rf ./Src/BSP/BSP_Water_Sensor/bsp_water.cyclo ./Src/BSP/BSP_Water_Sensor/bsp_water.d ./Src/BSP/BSP_Water_Sensor/bsp_water.o ./Src/BSP/BSP_Water_Sensor/bsp_water.su
rm -rf ./Src/BSP/BSP_USART/bsp_uart.cyclo ./Src/BSP/BSP_USART/bsp_uart.d ./Src/BSP/BSP_USART/bsp_uart.o ./Src/BSP/BSP_USART/bsp_uart.su
rm -rf ./Src/BSP/BSP_Timers/bsp_timer.cyclo ./Src/BSP/BSP_Timers/bsp_timer.d ./Src/BSP/BSP_Timers/bsp_timer.o ./Src/BSP/BSP_Timers/bsp_timer.su
rm -rf ./Src/BSP/BSP_RTC/bsp_rtc.cyclo ./Src/BSP/BSP_RTC/bsp_rtc.d ./Src/BSP/BSP_RTC/bsp_rtc.o ./Src/BSP/BSP_RTC/bsp_rtc.su
rm -rf ./Src/BSP/BSP_Led/bsp_led.cyclo ./Src/BSP/BSP_Led/bsp_led.d ./Src/BSP/BSP_Led/bsp_led.o ./Src/BSP/BSP_Led/bsp_led.su
rm -rf ./Src/App/app_main.cyclo ./Src/App/app_main.d ./Src/App/app_main.o ./Src/App/app_main.su ./Src/App/app_water_control.cyclo ./Src/App/app_water_control.d ./Src/App/app_water_control.o ./Src/App/app_water_control.su
rm -rf ./Drivers/STM32F4xx_HAL_Driver/Src/stm32f4xx_ll_dma.cyclo ./Drivers/STM32F4xx_HAL_Driver/Src/stm32f4xx_ll_dma.d ./Drivers/STM32F4xx_HAL_Driver/Src/stm32f4xx_ll_dma.o ./Drivers/STM32F4xx_HAL_Driver/Src/stm32f4xx_ll_dma.su ./Drivers/STM32F4xx_HAL_Driver/Src/stm32f4xx_ll_exti.cyclo ./Drivers/STM32F4xx_HAL_Driver/Src/stm32f4xx_ll_exti.d ./Drivers/STM32F4xx_HAL_Driver/Src/stm32f4xx_ll_exti.o ./Drivers/STM32F4xx_HAL_Driver/Src/stm32f4xx_ll_exti.su ./Drivers/STM32F4xx_HAL_Driver/Src/stm32f4xx_ll_gpio.cyclo ./Drivers/STM32F4xx_HAL_Driver/Src/stm32f4xx_ll_gpio.d ./Drivers/STM32F4xx_HAL_Driver/Src/stm32f4xx_ll_gpio.o ./Drivers/STM32F4xx_HAL_Driver/Src/stm32f4xx_ll_gpio.su ./Drivers/STM32F4xx_HAL_Driver/Src/stm32f4xx_ll_rcc.cyclo ./Drivers/STM32F4xx_HAL_Driver/Src/stm32f4xx_ll_rcc.d ./Drivers/STM32F4xx_HAL_Driver/Src/stm32f4xx_ll_rcc.o ./Drivers/STM32F4xx_HAL_Driver/Src/stm32f4xx_ll_rcc.su ./Drivers/STM32F4xx_HAL_Driver/Src/stm32f4xx_ll_spi.cyclo ./Drivers/STM32F4xx_HAL_Driver/Src/stm32f4xx_ll_spi.d ./Drivers/STM32F4xx_HAL_Driver/Src/stm32f4xx_ll_spi.o ./Drivers/STM32F4xx_HAL_Driver/Src/stm32f4xx_ll_spi.su ./Drivers/STM32F4xx_HAL_Driver/Src/stm32f4xx_ll_usart.cyclo ./Drivers/STM32F4xx_HAL_Driver/Src/stm32f4xx_ll_usart.d ./Drivers/STM32F4xx_HAL_Driver/Src/stm32f4xx_ll_usart.o ./Drivers/STM32F4xx_HAL_Driver/Src/stm32f4xx_ll_usart.su ./Drivers/STM32F4xx_HAL_Driver/Src/stm32f4xx_ll_utils.cyclo ./Drivers/STM32F4xx_HAL_Driver/Src/stm32f4xx_ll_utils.d ./Drivers/STM32F4xx_HAL_Driver/Src/stm32f4xx_ll_utils.o ./Drivers/STM32F4xx_HAL_Driver/Src/stm32f4xx_ll_utils.su
rm -rf ./Core/Startup/startup_stm32f407vgtx.d ./Core/Startup/startup_stm32f407vgtx.o
rm -rf ./Core/Src/main.cyclo ./Core/Src/main.d ./Core/Src/main.o ./Core/Src/main.su ./Core/Src/stm32f4xx_it.cyclo ./Core/Src/stm32f4xx_it.d ./Core/Src/stm32f4xx_it.o ./Core/Src/stm32f4xx_it.su ./Core/Src/syscalls.cyclo ./Core/Src/syscalls.d ./Core/Src/syscalls.o ./Core/Src/syscalls.su ./Core/Src/sysmem.cyclo ./Core/Src/sysmem.d ./Core/Src/sysmem.o ./Core/Src/sysmem.su ./Core/Src/system_stm32f4xx.cyclo ./Core/Src/system_stm32f4xx.d ./Core/Src/system_stm32f4xx.o ./Core/Src/system_stm32f4xx.su
rm -rf chapter10_example8.elf chapter10_example8.hex chapter10_example8.list chapter10_example8.map default.size.stdout
 
17:59:48 **** Clean-only build of configuration Debug for project chapter11_example1 ****
make -j12 clean 
rm -rf ./Src/MiddleWare/scheduler/scheduler.cyclo ./Src/MiddleWare/scheduler/scheduler.d ./Src/MiddleWare/scheduler/scheduler.o ./Src/MiddleWare/scheduler/scheduler.su
rm -rf ./Src/MiddleWare/container/fifo.cyclo ./Src/MiddleWare/container/fifo.d ./Src/MiddleWare/container/fifo.o ./Src/MiddleWare/container/fifo.su ./Src/MiddleWare/container/ring_buf.cyclo ./Src/MiddleWare/container/ring_buf.d ./Src/MiddleWare/container/ring_buf.o ./Src/MiddleWare/container/ring_buf.su
rm -rf ./Src/MiddleWare/SoftTimer/soft_timer.cyclo ./Src/MiddleWare/SoftTimer/soft_timer.d ./Src/MiddleWare/SoftTimer/soft_timer.o ./Src/MiddleWare/SoftTimer/soft_timer.su
rm -rf ./Src/MiddleWare/Console/console.cyclo ./Src/MiddleWare/Console/console.d ./Src/MiddleWare/Console/console.o ./Src/MiddleWare/Console/console.su
rm -rf ./Src/MiddleWare/Common/atomic.cyclo ./Src/MiddleWare/Common/atomic.d ./Src/MiddleWare/Common/atomic.o ./Src/MiddleWare/Common/atomic.su
rm -rf ./Src/Driver/Devices/ds3234/ds3234.cyclo ./Src/Driver/Devices/ds3234/ds3234.d ./Src/Driver/Devices/ds3234/ds3234.o ./Src/Driver/Devices/ds3234/ds3234.su
rm -rf ./Src/Driver/Components/spi/spi_io.cyclo ./Src/Driver/Components/spi/spi_io.d ./Src/Driver/Components/spi/spi_io.o ./Src/Driver/Components/spi/spi_io.su
rm -rf ./Src/Driver/Components/dio/di.cyclo ./Src/Driver/Components/dio/di.d ./Src/Driver/Components/dio/di.o ./Src/Driver/Components/dio/di.su ./Src/Driver/Components/dio/do.cyclo ./Src/Driver/Components/dio/do.d ./Src/Driver/Components/dio/do.o ./Src/Driver/Components/dio/do.su
rm -rf ./Src/Driver/Components/Usart/usart_io.cyclo ./Src/Driver/Components/Usart/usart_io.d ./Src/Driver/Components/Usart/usart_io.o ./Src/Driver/Components/Usart/usart_io.su
rm -rf ./Src/BSP/BSP_led7seg/bsp_led7seg.cyclo ./Src/BSP/BSP_led7seg/bsp_led7seg.d ./Src/BSP/BSP_led7seg/bsp_led7seg.o ./Src/BSP/BSP_led7seg/bsp_led7seg.su
rm -rf ./Src/BSP/BSP_USART/bsp_uart.cyclo ./Src/BSP/BSP_USART/bsp_uart.d ./Src/BSP/BSP_USART/bsp_uart.o ./Src/BSP/BSP_USART/bsp_uart.su
rm -rf ./Src/BSP/BSP_Timers/bsp_timer.cyclo ./Src/BSP/BSP_Timers/bsp_timer.d ./Src/BSP/BSP_Timers/bsp_timer.o ./Src/BSP/BSP_Timers/bsp_timer.su
rm -rf ./Src/BSP/BSP_Relay/bsp_relay.cyclo ./Src/BSP/BSP_Relay/bsp_relay.d ./Src/BSP/BSP_Relay/bsp_relay.o ./Src/BSP/BSP_Relay/bsp_relay.su
rm -rf ./Src/BSP/BSP_Ntc/bsp_ntc.cyclo ./Src/BSP/BSP_Ntc/bsp_ntc.d ./Src/BSP/BSP_Ntc/bsp_ntc.o ./Src/BSP/BSP_Ntc/bsp_ntc.su
rm -rf ./Src/BSP/BSP_Led/bsp_led.cyclo ./Src/BSP/BSP_Led/bsp_led.d ./Src/BSP/BSP_Led/bsp_led.o ./Src/BSP/BSP_Led/bsp_led.su
rm -rf ./Src/BSP/BSP_Button/bsp_button.cyclo ./Src/BSP/BSP_Button/bsp_button.d ./Src/BSP/BSP_Button/bsp_button.o ./Src/BSP/BSP_Button/bsp_button.su
rm -rf ./Src/App/App_temperature/app_temperature.cyclo ./Src/App/App_temperature/app_temperature.d ./Src/App/App_temperature/app_temperature.o ./Src/App/App_temperature/app_temperature.su
rm -rf ./Src/App/App_sys_control/app_sys_control.cyclo ./Src/App/App_sys_control/app_sys_control.d ./Src/App/App_sys_control/app_sys_control.o ./Src/App/App_sys_control/app_sys_control.su
rm -rf ./Src/App/App_button/app_button.cyclo ./Src/App/App_button/app_button.d ./Src/App/App_button/app_button.o ./Src/App/App_button/app_button.su
rm -rf ./Src/App/App_Led7seg/app_led7seg.cyclo ./Src/App/App_Led7seg/app_led7seg.d ./Src/App/App_Led7seg/app_led7seg.o ./Src/App/App_Led7seg/app_led7seg.su
rm -rf ./Src/App/app_main.cyclo ./Src/App/app_main.d ./Src/App/app_main.o ./Src/App/app_main.su
rm -rf ./Drivers/STM32F4xx_HAL_Driver/Src/stm32f4xx_ll_adc.cyclo ./Drivers/STM32F4xx_HAL_Driver/Src/stm32f4xx_ll_adc.d ./Drivers/STM32F4xx_HAL_Driver/Src/stm32f4xx_ll_adc.o ./Drivers/STM32F4xx_HAL_Driver/Src/stm32f4xx_ll_adc.su ./Drivers/STM32F4xx_HAL_Driver/Src/stm32f4xx_ll_dma.cyclo ./Drivers/STM32F4xx_HAL_Driver/Src/stm32f4xx_ll_dma.d ./Drivers/STM32F4xx_HAL_Driver/Src/stm32f4xx_ll_dma.o ./Drivers/STM32F4xx_HAL_Driver/Src/stm32f4xx_ll_dma.su ./Drivers/STM32F4xx_HAL_Driver/Src/stm32f4xx_ll_exti.cyclo ./Drivers/STM32F4xx_HAL_Driver/Src/stm32f4xx_ll_exti.d ./Drivers/STM32F4xx_HAL_Driver/Src/stm32f4xx_ll_exti.o ./Drivers/STM32F4xx_HAL_Driver/Src/stm32f4xx_ll_exti.su ./Drivers/STM32F4xx_HAL_Driver/Src/stm32f4xx_ll_gpio.cyclo ./Drivers/STM32F4xx_HAL_Driver/Src/stm32f4xx_ll_gpio.d ./Drivers/STM32F4xx_HAL_Driver/Src/stm32f4xx_ll_gpio.o ./Drivers/STM32F4xx_HAL_Driver/Src/stm32f4xx_ll_gpio.su ./Drivers/STM32F4xx_HAL_Driver/Src/stm32f4xx_ll_rcc.cyclo ./Drivers/STM32F4xx_HAL_Driver/Src/stm32f4xx_ll_rcc.d ./Drivers/STM32F4xx_HAL_Driver/Src/stm32f4xx_ll_rcc.o ./Drivers/STM32F4xx_HAL_Driver/Src/stm32f4xx_ll_rcc.su ./Drivers/STM32F4xx_HAL_Driver/Src/stm32f4xx_ll_usart.cyclo ./Drivers/STM32F4xx_HAL_Driver/Src/stm32f4xx_ll_usart.d ./Drivers/STM32F4xx_HAL_Driver/Src/stm32f4xx_ll_usart.o ./Drivers/STM32F4xx_HAL_Driver/Src/stm32f4xx_ll_usart.su ./Drivers/STM32F4xx_HAL_Driver/Src/stm32f4xx_ll_utils.cyclo ./Drivers/STM32F4xx_HAL_Driver/Src/stm32f4xx_ll_utils.d ./Drivers/STM32F4xx_HAL_Driver/Src/stm32f4xx_ll_utils.o ./Drivers/STM32F4xx_HAL_Driver/Src/stm32f4xx_ll_utils.su
rm -rf ./Core/Startup/startup_stm32f407vgtx.d ./Core/Startup/startup_stm32f407vgtx.o
rm -rf ./Core/Src/main.cyclo ./Core/Src/main.d ./Core/Src/main.o ./Core/Src/main.su ./Core/Src/stm32f4xx_it.cyclo ./Core/Src/stm32f4xx_it.d ./Core/Src/stm32f4xx_it.o ./Core/Src/stm32f4xx_it.su ./Core/Src/syscalls.cyclo ./Core/Src/syscalls.d ./Core/Src/syscalls.o ./Core/Src/syscalls.su ./Core/Src/sysmem.cyclo ./Core/Src/sysmem.d ./Core/Src/sysmem.o ./Core/Src/sysmem.su ./Core/Src/system_stm32f4xx.cyclo ./Core/Src/system_stm32f4xx.d ./Core/Src/system_stm32f4xx.o ./Core/Src/system_stm32f4xx.su
rm -rf chapter11_example1.elf chapter11_example1.hex chapter11_example1.list chapter11_example1.map default.size.stdout
 
17:59:49 **** Clean-only build of configuration Debug for project chapter4_example2 ****
make -j12 clean 
rm -rf ./Drivers/STM32F4xx_HAL_Driver/Src/stm32f4xx_hal.cyclo ./Drivers/STM32F4xx_HAL_Driver/Src/stm32f4xx_hal.d ./Drivers/STM32F4xx_HAL_Driver/Src/stm32f4xx_hal.o ./Drivers/STM32F4xx_HAL_Driver/Src/stm32f4xx_hal.su ./Drivers/STM32F4xx_HAL_Driver/Src/stm32f4xx_hal_cortex.cyclo ./Drivers/STM32F4xx_HAL_Driver/Src/stm32f4xx_hal_cortex.d ./Drivers/STM32F4xx_HAL_Driver/Src/stm32f4xx_hal_cortex.o ./Drivers/STM32F4xx_HAL_Driver/Src/stm32f4xx_hal_cortex.su ./Drivers/STM32F4xx_HAL_Driver/Src/stm32f4xx_hal_dma.cyclo ./Drivers/STM32F4xx_HAL_Driver/Src/stm32f4xx_hal_dma.d ./Drivers/STM32F4xx_HAL_Driver/Src/stm32f4xx_hal_dma.o ./Drivers/STM32F4xx_HAL_Driver/Src/stm32f4xx_hal_dma.su ./Drivers/STM32F4xx_HAL_Driver/Src/stm32f4xx_hal_dma_ex.cyclo ./Drivers/STM32F4xx_HAL_Driver/Src/stm32f4xx_hal_dma_ex.d ./Drivers/STM32F4xx_HAL_Driver/Src/stm32f4xx_hal_dma_ex.o ./Drivers/STM32F4xx_HAL_Driver/Src/stm32f4xx_hal_dma_ex.su ./Drivers/STM32F4xx_HAL_Driver/Src/stm32f4xx_hal_exti.cyclo ./Drivers/STM32F4xx_HAL_Driver/Src/stm32f4xx_hal_exti.d ./Drivers/STM32F4xx_HAL_Driver/Src/stm32f4xx_hal_exti.o ./Drivers/STM32F4xx_HAL_Driver/Src/stm32f4xx_hal_exti.su ./Drivers/STM32F4xx_HAL_Driver/Src/stm32f4xx_hal_flash.cyclo ./Drivers/STM32F4xx_HAL_Driver/Src/stm32f4xx_hal_flash.d ./Drivers/STM32F4xx_HAL_Driver/Src/stm32f4xx_hal_flash.o ./Drivers/STM32F4xx_HAL_Driver/Src/stm32f4xx_hal_flash.su ./Drivers/STM32F4xx_HAL_Driver/Src/stm32f4xx_hal_flash_ex.cyclo ./Drivers/STM32F4xx_HAL_Driver/Src/stm32f4xx_hal_flash_ex.d ./Drivers/STM32F4xx_HAL_Driver/Src/stm32f4xx_hal_flash_ex.o ./Drivers/STM32F4xx_HAL_Driver/Src/stm32f4xx_hal_flash_ex.su ./Drivers/STM32F4xx_HAL_Driver/Src/stm32f4xx_hal_flash_ramfunc.cyclo ./Drivers/STM32F4xx_HAL_Driver/Src/stm32f4xx_hal_flash_ramfunc.d ./Drivers/STM32F4xx_HAL_Driver/Src/stm32f4xx_hal_flash_ramfunc.o ./Drivers/STM32F4xx_HAL_Driver/Src/stm32f4xx_hal_flash_ramfunc.su ./Drivers/STM32F4xx_HAL_Driver/Src/stm32f4xx_hal_gpio.cyclo ./Drivers/STM32F4xx_HAL_Driver/Src/stm32f4xx_hal_gpio.d ./Drivers/STM32F4xx_HAL_Driver/Src/stm32f4xx_hal_gpio.o ./Drivers/STM32F4xx_HAL_Driver/Src/stm32f4xx_hal_gpio.su ./Drivers/STM32F4xx_HAL_Driver/Src/stm32f4xx_hal_pwr.cyclo ./Drivers/STM32F4xx_HAL_Driver/Src/stm32f4xx_hal_pwr.d ./Drivers/STM32F4xx_HAL_Driver/Src/stm32f4xx_hal_pwr.o ./Drivers/STM32F4xx_HAL_Driver/Src/stm32f4xx_hal_pwr.su ./Drivers/STM32F4xx_HAL_Driver/Src/stm32f4xx_hal_pwr_ex.cyclo ./Drivers/STM32F4xx_HAL_Driver/Src/stm32f4xx_hal_pwr_ex.d ./Drivers/STM32F4xx_HAL_Driver/Src/stm32f4xx_hal_pwr_ex.o ./Drivers/STM32F4xx_HAL_Driver/Src/stm32f4xx_hal_pwr_ex.su ./Drivers/STM32F4xx_HAL_Driver/Src/stm32f4xx_hal_rcc.cyclo ./Drivers/STM32F4xx_HAL_Driver/Src/stm32f4xx_hal_rcc.d ./Drivers/STM32F4xx_HAL_Driver/Src/stm32f4xx_hal_rcc.o ./Drivers/STM32F4xx_HAL_Driver/Src/stm32f4xx_hal_rcc.su ./Drivers/STM32F4xx_HAL_Driver/Src/stm32f4xx_hal_rcc_ex.cyclo ./Drivers/STM32F4xx_HAL_Driver/Src/stm32f4xx_hal_rcc_ex.d ./Drivers/STM32F4xx_HAL_Driver/Src/stm32f4xx_hal_rcc_ex.o ./Drivers/STM32F4xx_HAL_Driver/Src/stm32f4xx_hal_rcc_ex.su
rm -rf ./Core/Startup/startup_stm32f407vgtx.d ./Core/Startup/startup_stm32f407vgtx.o
rm -rf ./Core/Src/main.cyclo ./Core/Src/main.d ./Core/Src/main.o ./Core/Src/main.su ./Core/Src/stm32f4xx_hal_msp.cyclo ./Core/Src/stm32f4xx_hal_msp.d ./Core/Src/stm32f4xx_hal_msp.o ./Core/Src/stm32f4xx_hal_msp.su ./Core/Src/stm32f4xx_it.cyclo ./Core/Src/stm32f4xx_it.d ./Core/Src/stm32f4xx_it.o ./Core/Src/stm32f4xx_it.su ./Core/Src/syscalls.cyclo ./Core/Src/syscalls.d ./Core/Src/syscalls.o ./Core/Src/syscalls.su ./Core/Src/sysmem.cyclo ./Core/Src/sysmem.d ./Core/Src/sysmem.o ./Core/Src/sysmem.su ./Core/Src/system_stm32f4xx.cyclo ./Core/Src/system_stm32f4xx.d ./Core/Src/system_stm32f4xx.o ./Core/Src/system_stm32f4xx.su
rm -rf chapter4_example2.elf chapter4_example2.list chapter4_example2.map default.size.stdout
 
17:59:49 **** Clean-only build of configuration Debug for project chapter5_example1 ****
make -j12 clean 
rm -rf ./Startup/startup_stm32f407vgtx.d ./Startup/startup_stm32f407vgtx.o
rm -rf ./Src/main.cyclo ./Src/main.d ./Src/main.o ./Src/main.su ./Src/syscalls.cyclo ./Src/syscalls.d ./Src/syscalls.o ./Src/syscalls.su ./Src/sysmem.cyclo ./Src/sysmem.d ./Src/sysmem.o ./Src/sysmem.su ./Src/system_stm32f4xx.cyclo ./Src/system_stm32f4xx.d ./Src/system_stm32f4xx.o ./Src/system_stm32f4xx.su
rm -rf chapter5_example1.elf chapter5_example1.list chapter5_example1.map default.size.stdout
 
17:59:49 **** Clean-only build of configuration Debug for project chapter8_example1 ****
make -j12 clean 
rm -rf ./Src/MiddleWare/Console/console.cyclo ./Src/MiddleWare/Console/console.d ./Src/MiddleWare/Console/console.o ./Src/MiddleWare/Console/console.su
rm -rf ./Src/BSP/BSP_USART/bsp_uart.cyclo ./Src/BSP/BSP_USART/bsp_uart.d ./Src/BSP/BSP_USART/bsp_uart.o ./Src/BSP/BSP_USART/bsp_uart.su
rm -rf ./Src/App/app_main.cyclo ./Src/App/app_main.d ./Src/App/app_main.o ./Src/App/app_main.su
rm -rf ./Drivers/STM32F4xx_HAL_Driver/Src/stm32f4xx_ll_dma.cyclo ./Drivers/STM32F4xx_HAL_Driver/Src/stm32f4xx_ll_dma.d ./Drivers/STM32F4xx_HAL_Driver/Src/stm32f4xx_ll_dma.o ./Drivers/STM32F4xx_HAL_Driver/Src/stm32f4xx_ll_dma.su ./Drivers/STM32F4xx_HAL_Driver/Src/stm32f4xx_ll_exti.cyclo ./Drivers/STM32F4xx_HAL_Driver/Src/stm32f4xx_ll_exti.d ./Drivers/STM32F4xx_HAL_Driver/Src/stm32f4xx_ll_exti.o ./Drivers/STM32F4xx_HAL_Driver/Src/stm32f4xx_ll_exti.su ./Drivers/STM32F4xx_HAL_Driver/Src/stm32f4xx_ll_gpio.cyclo ./Drivers/STM32F4xx_HAL_Driver/Src/stm32f4xx_ll_gpio.d ./Drivers/STM32F4xx_HAL_Driver/Src/stm32f4xx_ll_gpio.o ./Drivers/STM32F4xx_HAL_Driver/Src/stm32f4xx_ll_gpio.su ./Drivers/STM32F4xx_HAL_Driver/Src/stm32f4xx_ll_rcc.cyclo ./Drivers/STM32F4xx_HAL_Driver/Src/stm32f4xx_ll_rcc.d ./Drivers/STM32F4xx_HAL_Driver/Src/stm32f4xx_ll_rcc.o ./Drivers/STM32F4xx_HAL_Driver/Src/stm32f4xx_ll_rcc.su ./Drivers/STM32F4xx_HAL_Driver/Src/stm32f4xx_ll_usart.cyclo ./Drivers/STM32F4xx_HAL_Driver/Src/stm32f4xx_ll_usart.d ./Drivers/STM32F4xx_HAL_Driver/Src/stm32f4xx_ll_usart.o ./Drivers/STM32F4xx_HAL_Driver/Src/stm32f4xx_ll_usart.su ./Drivers/STM32F4xx_HAL_Driver/Src/stm32f4xx_ll_utils.cyclo ./Drivers/STM32F4xx_HAL_Driver/Src/stm32f4xx_ll_utils.d ./Drivers/STM32F4xx_HAL_Driver/Src/stm32f4xx_ll_utils.o ./Drivers/STM32F4xx_HAL_Driver/Src/stm32f4xx_ll_utils.su
rm -rf ./Core/Startup/startup_stm32f407vgtx.d ./Core/Startup/startup_stm32f407vgtx.o
rm -rf ./Core/Src/main.cyclo ./Core/Src/main.d ./Core/Src/main.o ./Core/Src/main.su ./Core/Src/stm32f4xx_it.cyclo ./Core/Src/stm32f4xx_it.d ./Core/Src/stm32f4xx_it.o ./Core/Src/stm32f4xx_it.su ./Core/Src/syscalls.cyclo ./Core/Src/syscalls.d ./Core/Src/syscalls.o ./Core/Src/syscalls.su ./Core/Src/sysmem.cyclo ./Core/Src/sysmem.d ./Core/Src/sysmem.o ./Core/Src/sysmem.su ./Core/Src/system_stm32f4xx.cyclo ./Core/Src/system_stm32f4xx.d ./Core/Src/system_stm32f4xx.o ./Core/Src/system_stm32f4xx.su
rm -rf chapter8_example1.elf chapter8_example1.list chapter8_example1.map default.size.stdout
 
17:59:50 **** Clean-only build of configuration Debug for project chapter8_example2 ****
make -j12 clean 
rm -rf ./Src/MiddleWare/Console/console.cyclo ./Src/MiddleWare/Console/console.d ./Src/MiddleWare/Console/console.o ./Src/MiddleWare/Console/console.su
rm -rf ./Src/BSP/BSP_USART/bsp_uart.cyclo ./Src/BSP/BSP_USART/bsp_uart.d ./Src/BSP/BSP_USART/bsp_uart.o ./Src/BSP/BSP_USART/bsp_uart.su
rm -rf ./Src/App/app_main.cyclo ./Src/App/app_main.d ./Src/App/app_main.o ./Src/App/app_main.su
rm -rf ./Drivers/STM32F4xx_HAL_Driver/Src/stm32f4xx_ll_dma.cyclo ./Drivers/STM32F4xx_HAL_Driver/Src/stm32f4xx_ll_dma.d ./Drivers/STM32F4xx_HAL_Driver/Src/stm32f4xx_ll_dma.o ./Drivers/STM32F4xx_HAL_Driver/Src/stm32f4xx_ll_dma.su ./Drivers/STM32F4xx_HAL_Driver/Src/stm32f4xx_ll_exti.cyclo ./Drivers/STM32F4xx_HAL_Driver/Src/stm32f4xx_ll_exti.d ./Drivers/STM32F4xx_HAL_Driver/Src/stm32f4xx_ll_exti.o ./Drivers/STM32F4xx_HAL_Driver/Src/stm32f4xx_ll_exti.su ./Drivers/STM32F4xx_HAL_Driver/Src/stm32f4xx_ll_gpio.cyclo ./Drivers/STM32F4xx_HAL_Driver/Src/stm32f4xx_ll_gpio.d ./Drivers/STM32F4xx_HAL_Driver/Src/stm32f4xx_ll_gpio.o ./Drivers/STM32F4xx_HAL_Driver/Src/stm32f4xx_ll_gpio.su ./Drivers/STM32F4xx_HAL_Driver/Src/stm32f4xx_ll_rcc.cyclo ./Drivers/STM32F4xx_HAL_Driver/Src/stm32f4xx_ll_rcc.d ./Drivers/STM32F4xx_HAL_Driver/Src/stm32f4xx_ll_rcc.o ./Drivers/STM32F4xx_HAL_Driver/Src/stm32f4xx_ll_rcc.su ./Drivers/STM32F4xx_HAL_Driver/Src/stm32f4xx_ll_usart.cyclo ./Drivers/STM32F4xx_HAL_Driver/Src/stm32f4xx_ll_usart.d ./Drivers/STM32F4xx_HAL_Driver/Src/stm32f4xx_ll_usart.o ./Drivers/STM32F4xx_HAL_Driver/Src/stm32f4xx_ll_usart.su ./Drivers/STM32F4xx_HAL_Driver/Src/stm32f4xx_ll_utils.cyclo ./Drivers/STM32F4xx_HAL_Driver/Src/stm32f4xx_ll_utils.d ./Drivers/STM32F4xx_HAL_Driver/Src/stm32f4xx_ll_utils.o ./Drivers/STM32F4xx_HAL_Driver/Src/stm32f4xx_ll_utils.su
rm -rf ./Core/Startup/startup_stm32f407vgtx.d ./Core/Startup/startup_stm32f407vgtx.o
rm -rf ./Core/Src/main.cyclo ./Core/Src/main.d ./Core/Src/main.o ./Core/Src/main.su ./Core/Src/stm32f4xx_it.cyclo ./Core/Src/stm32f4xx_it.d ./Core/Src/stm32f4xx_it.o ./Core/Src/stm32f4xx_it.su ./Core/Src/syscalls.cyclo ./Core/Src/syscalls.d ./Core/Src/syscalls.o ./Core/Src/syscalls.su ./Core/Src/sysmem.cyclo ./Core/Src/sysmem.d ./Core/Src/sysmem.o ./Core/Src/sysmem.su ./Core/Src/system_stm32f4xx.cyclo ./Core/Src/system_stm32f4xx.d ./Core/Src/system_stm32f4xx.o ./Core/Src/system_stm32f4xx.su
rm -rf chapter8_example2.elf chapter8_example2.list chapter8_example2.map default.size.stdout
 
17:59:50 **** Clean-only build of configuration Debug for project chapter8_example3 ****
make -j12 clean 
rm -rf ./Src/MiddleWare/container/ring_buf.cyclo ./Src/MiddleWare/container/ring_buf.d ./Src/MiddleWare/container/ring_buf.o ./Src/MiddleWare/container/ring_buf.su
rm -rf ./Src/MiddleWare/Console/console.cyclo ./Src/MiddleWare/Console/console.d ./Src/MiddleWare/Console/console.o ./Src/MiddleWare/Console/console.su
rm -rf ./Src/MiddleWare/Common/atomic.cyclo ./Src/MiddleWare/Common/atomic.d ./Src/MiddleWare/Common/atomic.o ./Src/MiddleWare/Common/atomic.su
rm -rf ./Src/Driver/Components/Usart/usart_io.cyclo ./Src/Driver/Components/Usart/usart_io.d ./Src/Driver/Components/Usart/usart_io.o ./Src/Driver/Components/Usart/usart_io.su
rm -rf ./Src/BSP/BSP_USART/bsp_uart.cyclo ./Src/BSP/BSP_USART/bsp_uart.d ./Src/BSP/BSP_USART/bsp_uart.o ./Src/BSP/BSP_USART/bsp_uart.su
rm -rf ./Src/App/app_main.cyclo ./Src/App/app_main.d ./Src/App/app_main.o ./Src/App/app_main.su
rm -rf ./Drivers/STM32F4xx_HAL_Driver/Src/stm32f4xx_ll_dma.cyclo ./Drivers/STM32F4xx_HAL_Driver/Src/stm32f4xx_ll_dma.d ./Drivers/STM32F4xx_HAL_Driver/Src/stm32f4xx_ll_dma.o ./Drivers/STM32F4xx_HAL_Driver/Src/stm32f4xx_ll_dma.su ./Drivers/STM32F4xx_HAL_Driver/Src/stm32f4xx_ll_exti.cyclo ./Drivers/STM32F4xx_HAL_Driver/Src/stm32f4xx_ll_exti.d ./Drivers/STM32F4xx_HAL_Driver/Src/stm32f4xx_ll_exti.o ./Drivers/STM32F4xx_HAL_Driver/Src/stm32f4xx_ll_exti.su ./Drivers/STM32F4xx_HAL_Driver/Src/stm32f4xx_ll_gpio.cyclo ./Drivers/STM32F4xx_HAL_Driver/Src/stm32f4xx_ll_gpio.d ./Drivers/STM32F4xx_HAL_Driver/Src/stm32f4xx_ll_gpio.o ./Drivers/STM32F4xx_HAL_Driver/Src/stm32f4xx_ll_gpio.su ./Drivers/STM32F4xx_HAL_Driver/Src/stm32f4xx_ll_rcc.cyclo ./Drivers/STM32F4xx_HAL_Driver/Src/stm32f4xx_ll_rcc.d ./Drivers/STM32F4xx_HAL_Driver/Src/stm32f4xx_ll_rcc.o ./Drivers/STM32F4xx_HAL_Driver/Src/stm32f4xx_ll_rcc.su ./Drivers/STM32F4xx_HAL_Driver/Src/stm32f4xx_ll_usart.cyclo ./Drivers/STM32F4xx_HAL_Driver/Src/stm32f4xx_ll_usart.d ./Drivers/STM32F4xx_HAL_Driver/Src/stm32f4xx_ll_usart.o ./Drivers/STM32F4xx_HAL_Driver/Src/stm32f4xx_ll_usart.su ./Drivers/STM32F4xx_HAL_Driver/Src/stm32f4xx_ll_utils.cyclo ./Drivers/STM32F4xx_HAL_Driver/Src/stm32f4xx_ll_utils.d ./Drivers/STM32F4xx_HAL_Driver/Src/stm32f4xx_ll_utils.o ./Drivers/STM32F4xx_HAL_Driver/Src/stm32f4xx_ll_utils.su
rm -rf ./Core/Startup/startup_stm32f407vgtx.d ./Core/Startup/startup_stm32f407vgtx.o
rm -rf ./Core/Src/main.cyclo ./Core/Src/main.d ./Core/Src/main.o ./Core/Src/main.su ./Core/Src/stm32f4xx_it.cyclo ./Core/Src/stm32f4xx_it.d ./Core/Src/stm32f4xx_it.o ./Core/Src/stm32f4xx_it.su ./Core/Src/syscalls.cyclo ./Core/Src/syscalls.d ./Core/Src/syscalls.o ./Core/Src/syscalls.su ./Core/Src/sysmem.cyclo ./Core/Src/sysmem.d ./Core/Src/sysmem.o ./Core/Src/sysmem.su ./Core/Src/system_stm32f4xx.cyclo ./Core/Src/system_stm32f4xx.d ./Core/Src/system_stm32f4xx.o ./Core/Src/system_stm32f4xx.su
rm -rf chapter8_example3.elf chapter8_example3.list chapter8_example3.map default.size.stdout
 
17:59:50 **** Clean-only build of configuration Debug for project chapter9_example1 ****
make -j12 clean 
rm -rf ./Src/MiddleWare/container/ring_buf.cyclo ./Src/MiddleWare/container/ring_buf.d ./Src/MiddleWare/container/ring_buf.o ./Src/MiddleWare/container/ring_buf.su
rm -rf ./Src/MiddleWare/Console/console.cyclo ./Src/MiddleWare/Console/console.d ./Src/MiddleWare/Console/console.o ./Src/MiddleWare/Console/console.su
rm -rf ./Src/MiddleWare/Common/atomic.cyclo ./Src/MiddleWare/Common/atomic.d ./Src/MiddleWare/Common/atomic.o ./Src/MiddleWare/Common/atomic.su
rm -rf ./Src/Driver/Components/dio/do.cyclo ./Src/Driver/Components/dio/do.d ./Src/Driver/Components/dio/do.o ./Src/Driver/Components/dio/do.su
rm -rf ./Src/Driver/Components/Usart/usart_io.cyclo ./Src/Driver/Components/Usart/usart_io.d ./Src/Driver/Components/Usart/usart_io.o ./Src/Driver/Components/Usart/usart_io.su
rm -rf ./Src/BSP/BSP_USART/bsp_uart.cyclo ./Src/BSP/BSP_USART/bsp_uart.d ./Src/BSP/BSP_USART/bsp_uart.o ./Src/BSP/BSP_USART/bsp_uart.su
rm -rf ./Src/BSP/BSP_Led/bsp_led.cyclo ./Src/BSP/BSP_Led/bsp_led.d ./Src/BSP/BSP_Led/bsp_led.o ./Src/BSP/BSP_Led/bsp_led.su
rm -rf ./Src/App/app_main.cyclo ./Src/App/app_main.d ./Src/App/app_main.o ./Src/App/app_main.su
rm -rf ./Drivers/STM32F4xx_HAL_Driver/Src/stm32f4xx_ll_dma.cyclo ./Drivers/STM32F4xx_HAL_Driver/Src/stm32f4xx_ll_dma.d ./Drivers/STM32F4xx_HAL_Driver/Src/stm32f4xx_ll_dma.o ./Drivers/STM32F4xx_HAL_Driver/Src/stm32f4xx_ll_dma.su ./Drivers/STM32F4xx_HAL_Driver/Src/stm32f4xx_ll_exti.cyclo ./Drivers/STM32F4xx_HAL_Driver/Src/stm32f4xx_ll_exti.d ./Drivers/STM32F4xx_HAL_Driver/Src/stm32f4xx_ll_exti.o ./Drivers/STM32F4xx_HAL_Driver/Src/stm32f4xx_ll_exti.su ./Drivers/STM32F4xx_HAL_Driver/Src/stm32f4xx_ll_gpio.cyclo ./Drivers/STM32F4xx_HAL_Driver/Src/stm32f4xx_ll_gpio.d ./Drivers/STM32F4xx_HAL_Driver/Src/stm32f4xx_ll_gpio.o ./Drivers/STM32F4xx_HAL_Driver/Src/stm32f4xx_ll_gpio.su ./Drivers/STM32F4xx_HAL_Driver/Src/stm32f4xx_ll_rcc.cyclo ./Drivers/STM32F4xx_HAL_Driver/Src/stm32f4xx_ll_rcc.d ./Drivers/STM32F4xx_HAL_Driver/Src/stm32f4xx_ll_rcc.o ./Drivers/STM32F4xx_HAL_Driver/Src/stm32f4xx_ll_rcc.su ./Drivers/STM32F4xx_HAL_Driver/Src/stm32f4xx_ll_usart.cyclo ./Drivers/STM32F4xx_HAL_Driver/Src/stm32f4xx_ll_usart.d ./Drivers/STM32F4xx_HAL_Driver/Src/stm32f4xx_ll_usart.o ./Drivers/STM32F4xx_HAL_Driver/Src/stm32f4xx_ll_usart.su ./Drivers/STM32F4xx_HAL_Driver/Src/stm32f4xx_ll_utils.cyclo ./Drivers/STM32F4xx_HAL_Driver/Src/stm32f4xx_ll_utils.d ./Drivers/STM32F4xx_HAL_Driver/Src/stm32f4xx_ll_utils.o ./Drivers/STM32F4xx_HAL_Driver/Src/stm32f4xx_ll_utils.su
rm -rf ./Core/Startup/startup_stm32f407vgtx.d ./Core/Startup/startup_stm32f407vgtx.o
rm -rf ./Core/Src/main.cyclo ./Core/Src/main.d ./Core/Src/main.o ./Core/Src/main.su ./Core/Src/stm32f4xx_it.cyclo ./Core/Src/stm32f4xx_it.d ./Core/Src/stm32f4xx_it.o ./Core/Src/stm32f4xx_it.su ./Core/Src/syscalls.cyclo ./Core/Src/syscalls.d ./Core/Src/syscalls.o ./Core/Src/syscalls.su ./Core/Src/sysmem.cyclo ./Core/Src/sysmem.d ./Core/Src/sysmem.o ./Core/Src/sysmem.su ./Core/Src/system_stm32f4xx.cyclo ./Core/Src/system_stm32f4xx.d ./Core/Src/system_stm32f4xx.o ./Core/Src/system_stm32f4xx.su
rm -rf chapter9_example1.elf chapter9_example1.hex chapter9_example1.list chapter9_example1.map default.size.stdout
 
17:59:51 **** Clean-only build of configuration Debug for project chapter9_example2 ****
make -j12 clean 
rm -rf ./Src/MiddleWare/container/ring_buf.cyclo ./Src/MiddleWare/container/ring_buf.d ./Src/MiddleWare/container/ring_buf.o ./Src/MiddleWare/container/ring_buf.su
rm -rf ./Src/MiddleWare/Console/console.cyclo ./Src/MiddleWare/Console/console.d ./Src/MiddleWare/Console/console.o ./Src/MiddleWare/Console/console.su
rm -rf ./Src/MiddleWare/Common/atomic.cyclo ./Src/MiddleWare/Common/atomic.d ./Src/MiddleWare/Common/atomic.o ./Src/MiddleWare/Common/atomic.su
rm -rf ./Src/Driver/Devices/ds3234/ds3234.cyclo ./Src/Driver/Devices/ds3234/ds3234.d ./Src/Driver/Devices/ds3234/ds3234.o ./Src/Driver/Devices/ds3234/ds3234.su
rm -rf ./Src/Driver/Components/spi/spi_io.cyclo ./Src/Driver/Components/spi/spi_io.d ./Src/Driver/Components/spi/spi_io.o ./Src/Driver/Components/spi/spi_io.su
rm -rf ./Src/Driver/Components/dio/do.cyclo ./Src/Driver/Components/dio/do.d ./Src/Driver/Components/dio/do.o ./Src/Driver/Components/dio/do.su
rm -rf ./Src/Driver/Components/Usart/usart_io.cyclo ./Src/Driver/Components/Usart/usart_io.d ./Src/Driver/Components/Usart/usart_io.o ./Src/Driver/Components/Usart/usart_io.su
rm -rf ./Src/BSP/BSP_USART/bsp_uart.cyclo ./Src/BSP/BSP_USART/bsp_uart.d ./Src/BSP/BSP_USART/bsp_uart.o ./Src/BSP/BSP_USART/bsp_uart.su
rm -rf ./Src/BSP/BSP_RTC/bsp_rtc.cyclo ./Src/BSP/BSP_RTC/bsp_rtc.d ./Src/BSP/BSP_RTC/bsp_rtc.o ./Src/BSP/BSP_RTC/bsp_rtc.su
rm -rf ./Src/BSP/BSP_Led/bsp_led.cyclo ./Src/BSP/BSP_Led/bsp_led.d ./Src/BSP/BSP_Led/bsp_led.o ./Src/BSP/BSP_Led/bsp_led.su
rm -rf ./Src/App/app_main.cyclo ./Src/App/app_main.d ./Src/App/app_main.o ./Src/App/app_main.su
rm -rf ./Drivers/STM32F4xx_HAL_Driver/Src/stm32f4xx_ll_dma.cyclo ./Drivers/STM32F4xx_HAL_Driver/Src/stm32f4xx_ll_dma.d ./Drivers/STM32F4xx_HAL_Driver/Src/stm32f4xx_ll_dma.o ./Drivers/STM32F4xx_HAL_Driver/Src/stm32f4xx_ll_dma.su ./Drivers/STM32F4xx_HAL_Driver/Src/stm32f4xx_ll_exti.cyclo ./Drivers/STM32F4xx_HAL_Driver/Src/stm32f4xx_ll_exti.d ./Drivers/STM32F4xx_HAL_Driver/Src/stm32f4xx_ll_exti.o ./Drivers/STM32F4xx_HAL_Driver/Src/stm32f4xx_ll_exti.su ./Drivers/STM32F4xx_HAL_Driver/Src/stm32f4xx_ll_gpio.cyclo ./Drivers/STM32F4xx_HAL_Driver/Src/stm32f4xx_ll_gpio.d ./Drivers/STM32F4xx_HAL_Driver/Src/stm32f4xx_ll_gpio.o ./Drivers/STM32F4xx_HAL_Driver/Src/stm32f4xx_ll_gpio.su ./Drivers/STM32F4xx_HAL_Driver/Src/stm32f4xx_ll_rcc.cyclo ./Drivers/STM32F4xx_HAL_Driver/Src/stm32f4xx_ll_rcc.d ./Drivers/STM32F4xx_HAL_Driver/Src/stm32f4xx_ll_rcc.o ./Drivers/STM32F4xx_HAL_Driver/Src/stm32f4xx_ll_rcc.su ./Drivers/STM32F4xx_HAL_Driver/Src/stm32f4xx_ll_spi.cyclo ./Drivers/STM32F4xx_HAL_Driver/Src/stm32f4xx_ll_spi.d ./Drivers/STM32F4xx_HAL_Driver/Src/stm32f4xx_ll_spi.o ./Drivers/STM32F4xx_HAL_Driver/Src/stm32f4xx_ll_spi.su ./Drivers/STM32F4xx_HAL_Driver/Src/stm32f4xx_ll_usart.cyclo ./Drivers/STM32F4xx_HAL_Driver/Src/stm32f4xx_ll_usart.d ./Drivers/STM32F4xx_HAL_Driver/Src/stm32f4xx_ll_usart.o ./Drivers/STM32F4xx_HAL_Driver/Src/stm32f4xx_ll_usart.su ./Drivers/STM32F4xx_HAL_Driver/Src/stm32f4xx_ll_utils.cyclo ./Drivers/STM32F4xx_HAL_Driver/Src/stm32f4xx_ll_utils.d ./Drivers/STM32F4xx_HAL_Driver/Src/stm32f4xx_ll_utils.o ./Drivers/STM32F4xx_HAL_Driver/Src/stm32f4xx_ll_utils.su
rm -rf ./Core/Startup/startup_stm32f407vgtx.d ./Core/Startup/startup_stm32f407vgtx.o
rm -rf ./Core/Src/main.cyclo ./Core/Src/main.d ./Core/Src/main.o ./Core/Src/main.su ./Core/Src/stm32f4xx_it.cyclo ./Core/Src/stm32f4xx_it.d ./Core/Src/stm32f4xx_it.o ./Core/Src/stm32f4xx_it.su ./Core/Src/syscalls.cyclo ./Core/Src/syscalls.d ./Core/Src/syscalls.o ./Core/Src/syscalls.su ./Core/Src/sysmem.cyclo ./Core/Src/sysmem.d ./Core/Src/sysmem.o ./Core/Src/sysmem.su ./Core/Src/system_stm32f4xx.cyclo ./Core/Src/system_stm32f4xx.d ./Core/Src/system_stm32f4xx.o ./Core/Src/system_stm32f4xx.su
rm -rf chapter9_example2.elf chapter9_example2.hex chapter9_example2.list chapter9_example2.map default.size.stdout
 
17:59:51 **** Clean-only build of configuration Debug for project chapter9_example3 ****
make -j12 clean 
rm -rf ./Src/MiddleWare/container/ring_buf.cyclo ./Src/MiddleWare/container/ring_buf.d ./Src/MiddleWare/container/ring_buf.o ./Src/MiddleWare/container/ring_buf.su
rm -rf ./Src/MiddleWare/Console/console.cyclo ./Src/MiddleWare/Console/console.d ./Src/MiddleWare/Console/console.o ./Src/MiddleWare/Console/console.su
rm -rf ./Src/MiddleWare/Common/atomic.cyclo ./Src/MiddleWare/Common/atomic.d ./Src/MiddleWare/Common/atomic.o ./Src/MiddleWare/Common/atomic.su
rm -rf ./Src/Driver/Devices/ds3234/ds3234.cyclo ./Src/Driver/Devices/ds3234/ds3234.d ./Src/Driver/Devices/ds3234/ds3234.o ./Src/Driver/Devices/ds3234/ds3234.su
rm -rf ./Src/Driver/Components/spi/spi_io.cyclo ./Src/Driver/Components/spi/spi_io.d ./Src/Driver/Components/spi/spi_io.o ./Src/Driver/Components/spi/spi_io.su
rm -rf ./Src/Driver/Components/dio/do.cyclo ./Src/Driver/Components/dio/do.d ./Src/Driver/Components/dio/do.o ./Src/Driver/Components/dio/do.su
rm -rf ./Src/Driver/Components/Usart/usart_io.cyclo ./Src/Driver/Components/Usart/usart_io.d ./Src/Driver/Components/Usart/usart_io.o ./Src/Driver/Components/Usart/usart_io.su
rm -rf ./Src/BSP/BSP_USART/bsp_uart.cyclo ./Src/BSP/BSP_USART/bsp_uart.d ./Src/BSP/BSP_USART/bsp_uart.o ./Src/BSP/BSP_USART/bsp_uart.su
rm -rf ./Src/BSP/BSP_RTC/bsp_rtc.cyclo ./Src/BSP/BSP_RTC/bsp_rtc.d ./Src/BSP/BSP_RTC/bsp_rtc.o ./Src/BSP/BSP_RTC/bsp_rtc.su
rm -rf ./Src/BSP/BSP_Led/bsp_led.cyclo ./Src/BSP/BSP_Led/bsp_led.d ./Src/BSP/BSP_Led/bsp_led.o ./Src/BSP/BSP_Led/bsp_led.su
rm -rf ./Src/App/app_main.cyclo ./Src/App/app_main.d ./Src/App/app_main.o ./Src/App/app_main.su
rm -rf ./Drivers/STM32F4xx_HAL_Driver/Src/stm32f4xx_ll_dma.cyclo ./Drivers/STM32F4xx_HAL_Driver/Src/stm32f4xx_ll_dma.d ./Drivers/STM32F4xx_HAL_Driver/Src/stm32f4xx_ll_dma.o ./Drivers/STM32F4xx_HAL_Driver/Src/stm32f4xx_ll_dma.su ./Drivers/STM32F4xx_HAL_Driver/Src/stm32f4xx_ll_exti.cyclo ./Drivers/STM32F4xx_HAL_Driver/Src/stm32f4xx_ll_exti.d ./Drivers/STM32F4xx_HAL_Driver/Src/stm32f4xx_ll_exti.o ./Drivers/STM32F4xx_HAL_Driver/Src/stm32f4xx_ll_exti.su ./Drivers/STM32F4xx_HAL_Driver/Src/stm32f4xx_ll_gpio.cyclo ./Drivers/STM32F4xx_HAL_Driver/Src/stm32f4xx_ll_gpio.d ./Drivers/STM32F4xx_HAL_Driver/Src/stm32f4xx_ll_gpio.o ./Drivers/STM32F4xx_HAL_Driver/Src/stm32f4xx_ll_gpio.su ./Drivers/STM32F4xx_HAL_Driver/Src/stm32f4xx_ll_rcc.cyclo ./Drivers/STM32F4xx_HAL_Driver/Src/stm32f4xx_ll_rcc.d ./Drivers/STM32F4xx_HAL_Driver/Src/stm32f4xx_ll_rcc.o ./Drivers/STM32F4xx_HAL_Driver/Src/stm32f4xx_ll_rcc.su ./Drivers/STM32F4xx_HAL_Driver/Src/stm32f4xx_ll_spi.cyclo ./Drivers/STM32F4xx_HAL_Driver/Src/stm32f4xx_ll_spi.d ./Drivers/STM32F4xx_HAL_Driver/Src/stm32f4xx_ll_spi.o ./Drivers/STM32F4xx_HAL_Driver/Src/stm32f4xx_ll_spi.su ./Drivers/STM32F4xx_HAL_Driver/Src/stm32f4xx_ll_usart.cyclo ./Drivers/STM32F4xx_HAL_Driver/Src/stm32f4xx_ll_usart.d ./Drivers/STM32F4xx_HAL_Driver/Src/stm32f4xx_ll_usart.o ./Drivers/STM32F4xx_HAL_Driver/Src/stm32f4xx_ll_usart.su ./Drivers/STM32F4xx_HAL_Driver/Src/stm32f4xx_ll_utils.cyclo ./Drivers/STM32F4xx_HAL_Driver/Src/stm32f4xx_ll_utils.d ./Drivers/STM32F4xx_HAL_Driver/Src/stm32f4xx_ll_utils.o ./Drivers/STM32F4xx_HAL_Driver/Src/stm32f4xx_ll_utils.su
rm -rf ./Core/Startup/startup_stm32f407vgtx.d ./Core/Startup/startup_stm32f407vgtx.o
rm -rf ./Core/Src/main.cyclo ./Core/Src/main.d ./Core/Src/main.o ./Core/Src/main.su ./Core/Src/stm32f4xx_it.cyclo ./Core/Src/stm32f4xx_it.d ./Core/Src/stm32f4xx_it.o ./Core/Src/stm32f4xx_it.su ./Core/Src/syscalls.cyclo ./Core/Src/syscalls.d ./Core/Src/syscalls.o ./Core/Src/syscalls.su ./Core/Src/sysmem.cyclo ./Core/Src/sysmem.d ./Core/Src/sysmem.o ./Core/Src/sysmem.su ./Core/Src/system_stm32f4xx.cyclo ./Core/Src/system_stm32f4xx.d ./Core/Src/system_stm32f4xx.o ./Core/Src/system_stm32f4xx.su
rm -rf chapter9_example3.elf chapter9_example3.hex chapter9_example3.list chapter9_example3.map default.size.stdout
 
17:59:52 **** Clean-only build of configuration Debug for project chapter9_example4 ****
make -j12 clean 
rm -rf ./Src/MiddleWare/container/ring_buf.cyclo ./Src/MiddleWare/container/ring_buf.d ./Src/MiddleWare/container/ring_buf.o ./Src/MiddleWare/container/ring_buf.su
rm -rf ./Src/MiddleWare/Console/console.cyclo ./Src/MiddleWare/Console/console.d ./Src/MiddleWare/Console/console.o ./Src/MiddleWare/Console/console.su
rm -rf ./Src/MiddleWare/Common/atomic.cyclo ./Src/MiddleWare/Common/atomic.d ./Src/MiddleWare/Common/atomic.o ./Src/MiddleWare/Common/atomic.su
rm -rf ./Src/Driver/Devices/ds3234/ds3234.cyclo ./Src/Driver/Devices/ds3234/ds3234.d ./Src/Driver/Devices/ds3234/ds3234.o ./Src/Driver/Devices/ds3234/ds3234.su
rm -rf ./Src/Driver/Components/spi/spi_io.cyclo ./Src/Driver/Components/spi/spi_io.d ./Src/Driver/Components/spi/spi_io.o ./Src/Driver/Components/spi/spi_io.su
rm -rf ./Src/Driver/Components/dio/do.cyclo ./Src/Driver/Components/dio/do.d ./Src/Driver/Components/dio/do.o ./Src/Driver/Components/dio/do.su
rm -rf ./Src/Driver/Components/Usart/usart_io.cyclo ./Src/Driver/Components/Usart/usart_io.d ./Src/Driver/Components/Usart/usart_io.o ./Src/Driver/Components/Usart/usart_io.su
rm -rf ./Src/BSP/BSP_USART/bsp_uart.cyclo ./Src/BSP/BSP_USART/bsp_uart.d ./Src/BSP/BSP_USART/bsp_uart.o ./Src/BSP/BSP_USART/bsp_uart.su
rm -rf ./Src/BSP/BSP_RTC/bsp_rtc.cyclo ./Src/BSP/BSP_RTC/bsp_rtc.d ./Src/BSP/BSP_RTC/bsp_rtc.o ./Src/BSP/BSP_RTC/bsp_rtc.su
rm -rf ./Src/BSP/BSP_Led/bsp_led.cyclo ./Src/BSP/BSP_Led/bsp_led.d ./Src/BSP/BSP_Led/bsp_led.o ./Src/BSP/BSP_Led/bsp_led.su
rm -rf ./Src/App/app_main.cyclo ./Src/App/app_main.d ./Src/App/app_main.o ./Src/App/app_main.su
rm -rf ./Drivers/STM32F4xx_HAL_Driver/Src/stm32f4xx_ll_dma.cyclo ./Drivers/STM32F4xx_HAL_Driver/Src/stm32f4xx_ll_dma.d ./Drivers/STM32F4xx_HAL_Driver/Src/stm32f4xx_ll_dma.o ./Drivers/STM32F4xx_HAL_Driver/Src/stm32f4xx_ll_dma.su ./Drivers/STM32F4xx_HAL_Driver/Src/stm32f4xx_ll_exti.cyclo ./Drivers/STM32F4xx_HAL_Driver/Src/stm32f4xx_ll_exti.d ./Drivers/STM32F4xx_HAL_Driver/Src/stm32f4xx_ll_exti.o ./Drivers/STM32F4xx_HAL_Driver/Src/stm32f4xx_ll_exti.su ./Drivers/STM32F4xx_HAL_Driver/Src/stm32f4xx_ll_gpio.cyclo ./Drivers/STM32F4xx_HAL_Driver/Src/stm32f4xx_ll_gpio.d ./Drivers/STM32F4xx_HAL_Driver/Src/stm32f4xx_ll_gpio.o ./Drivers/STM32F4xx_HAL_Driver/Src/stm32f4xx_ll_gpio.su ./Drivers/STM32F4xx_HAL_Driver/Src/stm32f4xx_ll_rcc.cyclo ./Drivers/STM32F4xx_HAL_Driver/Src/stm32f4xx_ll_rcc.d ./Drivers/STM32F4xx_HAL_Driver/Src/stm32f4xx_ll_rcc.o ./Drivers/STM32F4xx_HAL_Driver/Src/stm32f4xx_ll_rcc.su ./Drivers/STM32F4xx_HAL_Driver/Src/stm32f4xx_ll_spi.cyclo ./Drivers/STM32F4xx_HAL_Driver/Src/stm32f4xx_ll_spi.d ./Drivers/STM32F4xx_HAL_Driver/Src/stm32f4xx_ll_spi.o ./Drivers/STM32F4xx_HAL_Driver/Src/stm32f4xx_ll_spi.su ./Drivers/STM32F4xx_HAL_Driver/Src/stm32f4xx_ll_usart.cyclo ./Drivers/STM32F4xx_HAL_Driver/Src/stm32f4xx_ll_usart.d ./Drivers/STM32F4xx_HAL_Driver/Src/stm32f4xx_ll_usart.o ./Drivers/STM32F4xx_HAL_Driver/Src/stm32f4xx_ll_usart.su ./Drivers/STM32F4xx_HAL_Driver/Src/stm32f4xx_ll_utils.cyclo ./Drivers/STM32F4xx_HAL_Driver/Src/stm32f4xx_ll_utils.d ./Drivers/STM32F4xx_HAL_Driver/Src/stm32f4xx_ll_utils.o ./Drivers/STM32F4xx_HAL_Driver/Src/stm32f4xx_ll_utils.su
rm -rf ./Core/Startup/startup_stm32f407vgtx.d ./Core/Startup/startup_stm32f407vgtx.o
rm -rf ./Core/Src/main.cyclo ./Core/Src/main.d ./Core/Src/main.o ./Core/Src/main.su ./Core/Src/stm32f4xx_it.cyclo ./Core/Src/stm32f4xx_it.d ./Core/Src/stm32f4xx_it.o ./Core/Src/stm32f4xx_it.su ./Core/Src/syscalls.cyclo ./Core/Src/syscalls.d ./Core/Src/syscalls.o ./Core/Src/syscalls.su ./Core/Src/sysmem.cyclo ./Core/Src/sysmem.d ./Core/Src/sysmem.o ./Core/Src/sysmem.su ./Core/Src/system_stm32f4xx.cyclo ./Core/Src/system_stm32f4xx.d ./Core/Src/system_stm32f4xx.o ./Core/Src/system_stm32f4xx.su
rm -rf chapter9_example4.elf chapter9_example4.hex chapter9_example4.list chapter9_example4.map default.size.stdout
 
11:52:51 **** Clean-only build of configuration Debug for project 0_test_example ****
make -j12 clean 
rm -rf ./Startup/startup_stm32f407vgtx.d ./Startup/startup_stm32f407vgtx.o
rm -rf ./Src/main.cyclo ./Src/main.d ./Src/main.o ./Src/main.su ./Src/syscalls.cyclo ./Src/syscalls.d ./Src/syscalls.o ./Src/syscalls.su ./Src/sysmem.cyclo ./Src/sysmem.d ./Src/sysmem.o ./Src/sysmem.su
rm -rf 0_test_example.elf 0_test_example.list 0_test_example.map default.size.stdout
 
11:52:51 **** Clean-only build of configuration Debug for project chapter10_example1 ****
make -j12 clean 
rm -rf ./Src/MiddleWare/container/ring_buf.cyclo ./Src/MiddleWare/container/ring_buf.d ./Src/MiddleWare/container/ring_buf.o ./Src/MiddleWare/container/ring_buf.su
rm -rf ./Src/MiddleWare/Console/console.cyclo ./Src/MiddleWare/Console/console.d ./Src/MiddleWare/Console/console.o ./Src/MiddleWare/Console/console.su
rm -rf ./Src/MiddleWare/Common/atomic.cyclo ./Src/MiddleWare/Common/atomic.d ./Src/MiddleWare/Common/atomic.o ./Src/MiddleWare/Common/atomic.su
rm -rf ./Src/Driver/Devices/ds3234/ds3234.cyclo ./Src/Driver/Devices/ds3234/ds3234.d ./Src/Driver/Devices/ds3234/ds3234.o ./Src/Driver/Devices/ds3234/ds3234.su
rm -rf ./Src/Driver/Components/spi/spi_io.cyclo ./Src/Driver/Components/spi/spi_io.d ./Src/Driver/Components/spi/spi_io.o ./Src/Driver/Components/spi/spi_io.su
rm -rf ./Src/Driver/Components/dio/di.cyclo ./Src/Driver/Components/dio/di.d ./Src/Driver/Components/dio/di.o ./Src/Driver/Components/dio/di.su ./Src/Driver/Components/dio/do.cyclo ./Src/Driver/Components/dio/do.d ./Src/Driver/Components/dio/do.o ./Src/Driver/Components/dio/do.su
rm -rf ./Src/Driver/Components/Usart/usart_io.cyclo ./Src/Driver/Components/Usart/usart_io.d ./Src/Driver/Components/Usart/usart_io.o ./Src/Driver/Components/Usart/usart_io.su
rm -rf ./Src/BSP/BSP_Water_Sensor/bsp_water.cyclo ./Src/BSP/BSP_Water_Sensor/bsp_water.d ./Src/BSP/BSP_Water_Sensor/bsp_water.o ./Src/BSP/BSP_Water_Sensor/bsp_water.su
rm -rf ./Src/BSP/BSP_USART/bsp_uart.cyclo ./Src/BSP/BSP_USART/bsp_uart.d ./Src/BSP/BSP_USART/bsp_uart.o ./Src/BSP/BSP_USART/bsp_uart.su
rm -rf ./Src/BSP/BSP_RTC/bsp_rtc.cyclo ./Src/BSP/BSP_RTC/bsp_rtc.d ./Src/BSP/BSP_RTC/bsp_rtc.o ./Src/BSP/BSP_RTC/bsp_rtc.su
rm -rf ./Src/BSP/BSP_Led/bsp_led.cyclo ./Src/BSP/BSP_Led/bsp_led.d ./Src/BSP/BSP_Led/bsp_led.o ./Src/BSP/BSP_Led/bsp_led.su
rm -rf ./Src/App/app_main.cyclo ./Src/App/app_main.d ./Src/App/app_main.o ./Src/App/app_main.su ./Src/App/app_water_control.cyclo ./Src/App/app_water_control.d ./Src/App/app_water_control.o ./Src/App/app_water_control.su
rm -rf ./Drivers/STM32F4xx_HAL_Driver/Src/stm32f4xx_ll_dma.cyclo ./Drivers/STM32F4xx_HAL_Driver/Src/stm32f4xx_ll_dma.d ./Drivers/STM32F4xx_HAL_Driver/Src/stm32f4xx_ll_dma.o ./Drivers/STM32F4xx_HAL_Driver/Src/stm32f4xx_ll_dma.su ./Drivers/STM32F4xx_HAL_Driver/Src/stm32f4xx_ll_exti.cyclo ./Drivers/STM32F4xx_HAL_Driver/Src/stm32f4xx_ll_exti.d ./Drivers/STM32F4xx_HAL_Driver/Src/stm32f4xx_ll_exti.o ./Drivers/STM32F4xx_HAL_Driver/Src/stm32f4xx_ll_exti.su ./Drivers/STM32F4xx_HAL_Driver/Src/stm32f4xx_ll_gpio.cyclo ./Drivers/STM32F4xx_HAL_Driver/Src/stm32f4xx_ll_gpio.d ./Drivers/STM32F4xx_HAL_Driver/Src/stm32f4xx_ll_gpio.o ./Drivers/STM32F4xx_HAL_Driver/Src/stm32f4xx_ll_gpio.su ./Drivers/STM32F4xx_HAL_Driver/Src/stm32f4xx_ll_rcc.cyclo ./Drivers/STM32F4xx_HAL_Driver/Src/stm32f4xx_ll_rcc.d ./Drivers/STM32F4xx_HAL_Driver/Src/stm32f4xx_ll_rcc.o ./Drivers/STM32F4xx_HAL_Driver/Src/stm32f4xx_ll_rcc.su ./Drivers/STM32F4xx_HAL_Driver/Src/stm32f4xx_ll_spi.cyclo ./Drivers/STM32F4xx_HAL_Driver/Src/stm32f4xx_ll_spi.d ./Drivers/STM32F4xx_HAL_Driver/Src/stm32f4xx_ll_spi.o ./Drivers/STM32F4xx_HAL_Driver/Src/stm32f4xx_ll_spi.su ./Drivers/STM32F4xx_HAL_Driver/Src/stm32f4xx_ll_usart.cyclo ./Drivers/STM32F4xx_HAL_Driver/Src/stm32f4xx_ll_usart.d ./Drivers/STM32F4xx_HAL_Driver/Src/stm32f4xx_ll_usart.o ./Drivers/STM32F4xx_HAL_Driver/Src/stm32f4xx_ll_usart.su ./Drivers/STM32F4xx_HAL_Driver/Src/stm32f4xx_ll_utils.cyclo ./Drivers/STM32F4xx_HAL_Driver/Src/stm32f4xx_ll_utils.d ./Drivers/STM32F4xx_HAL_Driver/Src/stm32f4xx_ll_utils.o ./Drivers/STM32F4xx_HAL_Driver/Src/stm32f4xx_ll_utils.su
rm -rf ./Core/Startup/startup_stm32f407vgtx.d ./Core/Startup/startup_stm32f407vgtx.o
rm -rf ./Core/Src/main.cyclo ./Core/Src/main.d ./Core/Src/main.o ./Core/Src/main.su ./Core/Src/stm32f4xx_it.cyclo ./Core/Src/stm32f4xx_it.d ./Core/Src/stm32f4xx_it.o ./Core/Src/stm32f4xx_it.su ./Core/Src/syscalls.cyclo ./Core/Src/syscalls.d ./Core/Src/syscalls.o ./Core/Src/syscalls.su ./Core/Src/sysmem.cyclo ./Core/Src/sysmem.d ./Core/Src/sysmem.o ./Core/Src/sysmem.su ./Core/Src/system_stm32f4xx.cyclo ./Core/Src/system_stm32f4xx.d ./Core/Src/system_stm32f4xx.o ./Core/Src/system_stm32f4xx.su
rm -rf chapter10_example1.elf chapter10_example1.hex chapter10_example1.list chapter10_example1.map default.size.stdout
 
11:52:52 **** Clean-only build of configuration Debug for project chapter10_example2 ****
make -j12 clean 
rm -rf ./Src/MiddleWare/container/ring_buf.cyclo ./Src/MiddleWare/container/ring_buf.d ./Src/MiddleWare/container/ring_buf.o ./Src/MiddleWare/container/ring_buf.su
rm -rf ./Src/MiddleWare/Console/console.cyclo ./Src/MiddleWare/Console/console.d ./Src/MiddleWare/Console/console.o ./Src/MiddleWare/Console/console.su
rm -rf ./Src/MiddleWare/Common/atomic.cyclo ./Src/MiddleWare/Common/atomic.d ./Src/MiddleWare/Common/atomic.o ./Src/MiddleWare/Common/atomic.su
rm -rf ./Src/Driver/Devices/ds3234/ds3234.cyclo ./Src/Driver/Devices/ds3234/ds3234.d ./Src/Driver/Devices/ds3234/ds3234.o ./Src/Driver/Devices/ds3234/ds3234.su
rm -rf ./Src/Driver/Components/spi/spi_io.cyclo ./Src/Driver/Components/spi/spi_io.d ./Src/Driver/Components/spi/spi_io.o ./Src/Driver/Components/spi/spi_io.su
rm -rf ./Src/Driver/Components/dio/di.cyclo ./Src/Driver/Components/dio/di.d ./Src/Driver/Components/dio/di.o ./Src/Driver/Components/dio/di.su ./Src/Driver/Components/dio/do.cyclo ./Src/Driver/Components/dio/do.d ./Src/Driver/Components/dio/do.o ./Src/Driver/Components/dio/do.su
rm -rf ./Src/Driver/Components/Usart/usart_io.cyclo ./Src/Driver/Components/Usart/usart_io.d ./Src/Driver/Components/Usart/usart_io.o ./Src/Driver/Components/Usart/usart_io.su
rm -rf ./Src/BSP/BSP_Water_Sensor/bsp_water.cyclo ./Src/BSP/BSP_Water_Sensor/bsp_water.d ./Src/BSP/BSP_Water_Sensor/bsp_water.o ./Src/BSP/BSP_Water_Sensor/bsp_water.su
rm -rf ./Src/BSP/BSP_USART/bsp_uart.cyclo ./Src/BSP/BSP_USART/bsp_uart.d ./Src/BSP/BSP_USART/bsp_uart.o ./Src/BSP/BSP_USART/bsp_uart.su
rm -rf ./Src/BSP/BSP_RTC/bsp_rtc.cyclo ./Src/BSP/BSP_RTC/bsp_rtc.d ./Src/BSP/BSP_RTC/bsp_rtc.o ./Src/BSP/BSP_RTC/bsp_rtc.su
rm -rf ./Src/BSP/BSP_Led/bsp_led.cyclo ./Src/BSP/BSP_Led/bsp_led.d ./Src/BSP/BSP_Led/bsp_led.o ./Src/BSP/BSP_Led/bsp_led.su
rm -rf ./Src/App/app_main.cyclo ./Src/App/app_main.d ./Src/App/app_main.o ./Src/App/app_main.su ./Src/App/app_water_control.cyclo ./Src/App/app_water_control.d ./Src/App/app_water_control.o ./Src/App/app_water_control.su
[...]
rm -rf ./Core/Startup/startup_stm32f407vgtx.d ./Core/Startup/startup_stm32f407vgtx.o
rm -rf ./Core/Src/main.cyclo ./Core/Src/main.d ./Core/Src/main.o ./Core/Src/main.su ./Core/Src/stm32f4xx_it.cyclo ./Core/Src/stm32f4xx_it.d ./Core/Src/stm32f4xx_it.o ./Core/Src/stm32f4xx_it.su ./Core/Src/syscalls.cyclo ./Core/Src/syscalls.d ./Core/Src/syscalls.o ./Core/Src/syscalls.su ./Core/Src/sysmem.cyclo ./Core/Src/sysmem.d ./Core/Src/sysmem.o ./Core/Src/sysmem.su ./Core/Src/system_stm32f4xx.cyclo ./Core/Src/system_stm32f4xx.d ./Core/Src/system_stm32f4xx.o ./Core/Src/system_stm32f4xx.su
rm -rf chapter8_example2.elf chapter8_example2.list chapter8_example2.map default.size.stdout
 
11:52:57 **** Clean-only build of configuration Debug for project chapter8_example3 ****
make -j12 clean 
rm -rf ./Src/MiddleWare/container/ring_buf.cyclo ./Src/MiddleWare/container/ring_buf.d ./Src/MiddleWare/container/ring_buf.o ./Src/MiddleWare/container/ring_buf.su
rm -rf ./Src/MiddleWare/Console/console.cyclo ./Src/MiddleWare/Console/console.d ./Src/MiddleWare/Console/console.o ./Src/MiddleWare/Console/console.su
rm -rf ./Src/MiddleWare/Common/atomic.cyclo ./Src/MiddleWare/Common/atomic.d ./Src/MiddleWare/Common/atomic.o ./Src/MiddleWare/Common/atomic.su
rm -rf ./Src/Driver/Components/Usart/usart_io.cyclo ./Src/Driver/Components/Usart/usart_io.d ./Src/Driver/Components/Usart/usart_io.o ./Src/Driver/Components/Usart/usart_io.su
rm -rf ./Src/BSP/BSP_USART/bsp_uart.cyclo ./Src/BSP/BSP_USART/bsp_uart.d ./Src/BSP/BSP_USART/bsp_uart.o ./Src/BSP/BSP_USART/bsp_uart.su
rm -rf ./Src/App/app_main.cyclo ./Src/App/app_main.d ./Src/App/app_main.o ./Src/App/app_main.su
rm -rf ./Drivers/STM32F4xx_HAL_Driver/Src/stm32f4xx_ll_dma.cyclo ./Drivers/STM32F4xx_HAL_Driver/Src/stm32f4xx_ll_dma.d ./Drivers/STM32F4xx_HAL_Driver/Src/stm32f4xx_ll_dma.o ./Drivers/STM32F4xx_HAL_Driver/Src/stm32f4xx_ll_dma.su ./Drivers/STM32F4xx_HAL_Driver/Src/stm32f4xx_ll_exti.cyclo ./Drivers/STM32F4xx_HAL_Driver/Src/stm32f4xx_ll_exti.d ./Drivers/STM32F4xx_HAL_Driver/Src/stm32f4xx_ll_exti.o ./Drivers/STM32F4xx_HAL_Driver/Src/stm32f4xx_ll_exti.su ./Drivers/STM32F4xx_HAL_Driver/Src/stm32f4xx_ll_gpio.cyclo ./Drivers/STM32F4xx_HAL_Driver/Src/stm32f4xx_ll_gpio.d ./Drivers/STM32F4xx_HAL_Driver/Src/stm32f4xx_ll_gpio.o ./Drivers/STM32F4xx_HAL_Driver/Src/stm32f4xx_ll_gpio.su ./Drivers/STM32F4xx_HAL_Driver/Src/stm32f4xx_ll_rcc.cyclo ./Drivers/STM32F4xx_HAL_Driver/Src/stm32f4xx_ll_rcc.d ./Drivers/STM32F4xx_HAL_Driver/Src/stm32f4xx_ll_rcc.o ./Drivers/STM32F4xx_HAL_Driver/Src/stm32f4xx_ll_rcc.su ./Drivers/STM32F4xx_HAL_Driver/Src/stm32f4xx_ll_usart.cyclo ./Drivers/STM32F4xx_HAL_Driver/Src/stm32f4xx_ll_usart.d ./Drivers/STM32F4xx_HAL_Driver/Src/stm32f4xx_ll_usart.o ./Drivers/STM32F4xx_HAL_Driver/Src/stm32f4xx_ll_usart.su ./Drivers/STM32F4xx_HAL_Driver/Src/stm32f4xx_ll_utils.cyclo ./Drivers/STM32F4xx_HAL_Driver/Src/stm32f4xx_ll_utils.d ./Drivers/STM32F4xx_HAL_Driver/Src/stm32f4xx_ll_utils.o ./Drivers/STM32F4xx_HAL_Driver/Src/stm32f4xx_ll_utils.su
rm -rf ./Core/Startup/startup_stm32f407vgtx.d ./Core/Startup/startup_stm32f407vgtx.o
rm -rf ./Core/Src/main.cyclo ./Core/Src/main.d ./Core/Src/main.o ./Core/Src/main.su ./Core/Src/stm32f4xx_it.cyclo ./Core/Src/stm32f4xx_it.d ./Core/Src/stm32f4xx_it.o ./Core/Src/stm32f4xx_it.su ./Core/Src/syscalls.cyclo ./Core/Src/syscalls.d ./Core/Src/syscalls.o ./Core/Src/syscalls.su ./Core/Src/sysmem.cyclo ./Core/Src/sysmem.d ./Core/Src/sysmem.o ./Core/Src/sysmem.su ./Core/Src/system_stm32f4xx.cyclo ./Core/Src/system_stm32f4xx.d ./Core/Src/system_stm32f4xx.o ./Core/Src/system_stm32f4xx.su
rm -rf chapter8_example3.elf chapter8_example3.list chapter8_example3.map default.size.stdout
 
11:52:57 **** Clean-only build of configuration Debug for project chapter9_example1 ****
make -j12 clean 
rm -rf ./Src/MiddleWare/container/ring_buf.cyclo ./Src/MiddleWare/container/ring_buf.d ./Src/MiddleWare/container/ring_buf.o ./Src/MiddleWare/container/ring_buf.su
rm -rf ./Src/MiddleWare/Console/console.cyclo ./Src/MiddleWare/Console/console.d ./Src/MiddleWare/Console/console.o ./Src/MiddleWare/Console/console.su
rm -rf ./Src/MiddleWare/Common/atomic.cyclo ./Src/MiddleWare/Common/atomic.d ./Src/MiddleWare/Common/atomic.o ./Src/MiddleWare/Common/atomic.su
rm -rf ./Src/Driver/Components/dio/do.cyclo ./Src/Driver/Components/dio/do.d ./Src/Driver/Components/dio/do.o ./Src/Driver/Components/dio/do.su
rm -rf ./Src/Driver/Components/Usart/usart_io.cyclo ./Src/Driver/Components/Usart/usart_io.d ./Src/Driver/Components/Usart/usart_io.o ./Src/Driver/Components/Usart/usart_io.su
rm -rf ./Src/BSP/BSP_USART/bsp_uart.cyclo ./Src/BSP/BSP_USART/bsp_uart.d ./Src/BSP/BSP_USART/bsp_uart.o ./Src/BSP/BSP_USART/bsp_uart.su
rm -rf ./Src/BSP/BSP_Led/bsp_led.cyclo ./Src/BSP/BSP_Led/bsp_led.d ./Src/BSP/BSP_Led/bsp_led.o ./Src/BSP/BSP_Led/bsp_led.su
rm -rf ./Src/App/app_main.cyclo ./Src/App/app_main.d ./Src/App/app_main.o ./Src/App/app_main.su
rm -rf ./Drivers/STM32F4xx_HAL_Driver/Src/stm32f4xx_ll_dma.cyclo ./Drivers/STM32F4xx_HAL_Driver/Src/stm32f4xx_ll_dma.d ./Drivers/STM32F4xx_HAL_Driver/Src/stm32f4xx_ll_dma.o ./Drivers/STM32F4xx_HAL_Driver/Src/stm32f4xx_ll_dma.su ./Drivers/STM32F4xx_HAL_Driver/Src/stm32f4xx_ll_exti.cyclo ./Drivers/STM32F4xx_HAL_Driver/Src/stm32f4xx_ll_exti.d ./Drivers/STM32F4xx_HAL_Driver/Src/stm32f4xx_ll_exti.o ./Drivers/STM32F4xx_HAL_Driver/Src/stm32f4xx_ll_exti.su ./Drivers/STM32F4xx_HAL_Driver/Src/stm32f4xx_ll_gpio.cyclo ./Drivers/STM32F4xx_HAL_Driver/Src/stm32f4xx_ll_gpio.d ./Drivers/STM32F4xx_HAL_Driver/Src/stm32f4xx_ll_gpio.o ./Drivers/STM32F4xx_HAL_Driver/Src/stm32f4xx_ll_gpio.su ./Drivers/STM32F4xx_HAL_Driver/Src/stm32f4xx_ll_rcc.cyclo ./Drivers/STM32F4xx_HAL_Driver/Src/stm32f4xx_ll_rcc.d ./Drivers/STM32F4xx_HAL_Driver/Src/stm32f4xx_ll_rcc.o ./Drivers/STM32F4xx_HAL_Driver/Src/stm32f4xx_ll_rcc.su ./Drivers/STM32F4xx_HAL_Driver/Src/stm32f4xx_ll_usart.cyclo ./Drivers/STM32F4xx_HAL_Driver/Src/stm32f4xx_ll_usart.d ./Drivers/STM32F4xx_HAL_Driver/Src/stm32f4xx_ll_usart.o ./Drivers/STM32F4xx_HAL_Driver/Src/stm32f4xx_ll_usart.su ./Drivers/STM32F4xx_HAL_Driver/Src/stm32f4xx_ll_utils.cyclo ./Drivers/STM32F4xx_HAL_Driver/Src/stm32f4xx_ll_utils.d ./Drivers/STM32F4xx_HAL_Driver/Src/stm32f4xx_ll_utils.o ./Drivers/STM32F4xx_HAL_Driver/Src/stm32f4xx_ll_utils.su
rm -rf ./Core/Startup/startup_stm32f407vgtx.d ./Core/Startup/startup_stm32f407vgtx.o
rm -rf ./Core/Src/main.cyclo ./Core/Src/main.d ./Core/Src/main.o ./Core/Src/main.su ./Core/Src/stm32f4xx_it.cyclo ./Core/Src/stm32f4xx_it.d ./Core/Src/stm32f4xx_it.o ./Core/Src/stm32f4xx_it.su ./Core/Src/syscalls.cyclo ./Core/Src/syscalls.d ./Core/Src/syscalls.o ./Core/Src/syscalls.su ./Core/Src/sysmem.cyclo ./Core/Src/sysmem.d ./Core/Src/sysmem.o ./Core/Src/sysmem.su ./Core/Src/system_stm32f4xx.cyclo ./Core/Src/system_stm32f4xx.d ./Core/Src/system_stm32f4xx.o ./Core/Src/system_stm32f4xx.su
rm -rf chapter9_example1.elf chapter9_example1.hex chapter9_example1.list chapter9_example1.map default.size.stdout
 
11:52:57 **** Clean-only build of configuration Debug for project chapter9_example2 ****
make -j12 clean 
rm -rf ./Src/MiddleWare/container/ring_buf.cyclo ./Src/MiddleWare/container/ring_buf.d ./Src/MiddleWare/container/ring_buf.o ./Src/MiddleWare/container/ring_buf.su
rm -rf ./Src/MiddleWare/Console/console.cyclo ./Src/MiddleWare/Console/console.d ./Src/MiddleWare/Console/console.o ./Src/MiddleWare/Console/console.su
rm -rf ./Src/MiddleWare/Common/atomic.cyclo ./Src/MiddleWare/Common/atomic.d ./Src/MiddleWare/Common/atomic.o ./Src/MiddleWare/Common/atomic.su
rm -rf ./Src/Driver/Devices/ds3234/ds3234.cyclo ./Src/Driver/Devices/ds3234/ds3234.d ./Src/Driver/Devices/ds3234/ds3234.o ./Src/Driver/Devices/ds3234/ds3234.su
rm -rf ./Src/Driver/Components/spi/spi_io.cyclo ./Src/Driver/Components/spi/spi_io.d ./Src/Driver/Components/spi/spi_io.o ./Src/Driver/Components/spi/spi_io.su
rm -rf ./Src/Driver/Components/dio/do.cyclo ./Src/Driver/Components/dio/do.d ./Src/Driver/Components/dio/do.o ./Src/Driver/Components/dio/do.su
rm -rf ./Src/Driver/Components/Usart/usart_io.cyclo ./Src/Driver/Components/Usart/usart_io.d ./Src/Driver/Components/Usart/usart_io.o ./Src/Driver/Components/Usart/usart_io.su
rm -rf ./Src/BSP/BSP_USART/bsp_uart.cyclo ./Src/BSP/BSP_USART/bsp_uart.d ./Src/BSP/BSP_USART/bsp_uart.o ./Src/BSP/BSP_USART/bsp_uart.su
rm -rf ./Src/BSP/BSP_RTC/bsp_rtc.cyclo ./Src/BSP/BSP_RTC/bsp_rtc.d ./Src/BSP/BSP_RTC/bsp_rtc.o ./Src/BSP/BSP_RTC/bsp_rtc.su
rm -rf ./Src/BSP/BSP_Led/bsp_led.cyclo ./Src/BSP/BSP_Led/bsp_led.d ./Src/BSP/BSP_Led/bsp_led.o ./Src/BSP/BSP_Led/bsp_led.su
rm -rf ./Src/App/app_main.cyclo ./Src/App/app_main.d ./Src/App/app_main.o ./Src/App/app_main.su
rm -rf ./Drivers/STM32F4xx_HAL_Driver/Src/stm32f4xx_ll_dma.cyclo ./Drivers/STM32F4xx_HAL_Driver/Src/stm32f4xx_ll_dma.d ./Drivers/STM32F4xx_HAL_Driver/Src/stm32f4xx_ll_dma.o ./Drivers/STM32F4xx_HAL_Driver/Src/stm32f4xx_ll_dma.su ./Drivers/STM32F4xx_HAL_Driver/Src/stm32f4xx_ll_exti.cyclo ./Drivers/STM32F4xx_HAL_Driver/Src/stm32f4xx_ll_exti.d ./Drivers/STM32F4xx_HAL_Driver/Src/stm32f4xx_ll_exti.o ./Drivers/STM32F4xx_HAL_Driver/Src/stm32f4xx_ll_exti.su ./Drivers/STM32F4xx_HAL_Driver/Src/stm32f4xx_ll_gpio.cyclo ./Drivers/STM32F4xx_HAL_Driver/Src/stm32f4xx_ll_gpio.d ./Drivers/STM32F4xx_HAL_Driver/Src/stm32f4xx_ll_gpio.o ./Drivers/STM32F4xx_HAL_Driver/Src/stm32f4xx_ll_gpio.su ./Drivers/STM32F4xx_HAL_Driver/Src/stm32f4xx_ll_rcc.cyclo ./Drivers/STM32F4xx_HAL_Driver/Src/stm32f4xx_ll_rcc.d ./Drivers/STM32F4xx_HAL_Driver/Src/stm32f4xx_ll_rcc.o ./Drivers/STM32F4xx_HAL_Driver/Src/stm32f4xx_ll_rcc.su ./Drivers/STM32F4xx_HAL_Driver/Src/stm32f4xx_ll_spi.cyclo ./Drivers/STM32F4xx_HAL_Driver/Src/stm32f4xx_ll_spi.d ./Drivers/STM32F4xx_HAL_Driver/Src/stm32f4xx_ll_spi.o ./Drivers/STM32F4xx_HAL_Driver/Src/stm32f4xx_ll_spi.su ./Drivers/STM32F4xx_HAL_Driver/Src/stm32f4xx_ll_usart.cyclo ./Drivers/STM32F4xx_HAL_Driver/Src/stm32f4xx_ll_usart.d ./Drivers/STM32F4xx_HAL_Driver/Src/stm32f4xx_ll_usart.o ./Drivers/STM32F4xx_HAL_Driver/Src/stm32f4xx_ll_usart.su ./Drivers/STM32F4xx_HAL_Driver/Src/stm32f4xx_ll_utils.cyclo ./Drivers/STM32F4xx_HAL_Driver/Src/stm32f4xx_ll_utils.d ./Drivers/STM32F4xx_HAL_Driver/Src/stm32f4xx_ll_utils.o ./Drivers/STM32F4xx_HAL_Driver/Src/stm32f4xx_ll_utils.su
rm -rf ./Core/Startup/startup_stm32f407vgtx.d ./Core/Startup/startup_stm32f407vgtx.o
rm -rf ./Core/Src/main.cyclo ./Core/Src/main.d ./Core/Src/main.o ./Core/Src/main.su ./Core/Src/stm32f4xx_it.cyclo ./Core/Src/stm32f4xx_it.d ./Core/Src/stm32f4xx_it.o ./Core/Src/stm32f4xx_it.su ./Core/Src/syscalls.cyclo ./Core/Src/syscalls.d ./Core/Src/syscalls.o ./Core/Src/syscalls.su ./Core/Src/sysmem.cyclo ./Core/Src/sysmem.d ./Core/Src/sysmem.o ./Core/Src/sysmem.su ./Core/Src/system_stm32f4xx.cyclo ./Core/Src/system_stm32f4xx.d ./Core/Src/system_stm32f4xx.o ./Core/Src/system_stm32f4xx.su
rm -rf chapter9_example2.elf chapter9_example2.hex chapter9_example2.list chapter9_example2.map default.size.stdout
 
11:52:58 **** Clean-only build of configuration Debug for project chapter9_example3 ****
make -j12 clean 
rm -rf ./Src/MiddleWare/container/ring_buf.cyclo ./Src/MiddleWare/container/ring_buf.d ./Src/MiddleWare/container/ring_buf.o ./Src/MiddleWare/container/ring_buf.su
rm -rf ./Src/MiddleWare/Console/console.cyclo ./Src/MiddleWare/Console/console.d ./Src/MiddleWare/Console/console.o ./Src/MiddleWare/Console/console.su
rm -rf ./Src/MiddleWare/Common/atomic.cyclo ./Src/MiddleWare/Common/atomic.d ./Src/MiddleWare/Common/atomic.o ./Src/MiddleWare/Common/atomic.su
rm -rf ./Src/Driver/Devices/ds3234/ds3234.cyclo ./Src/Driver/Devices/ds3234/ds3234.d ./Src/Driver/Devices/ds3234/ds3234.o ./Src/Driver/Devices/ds3234/ds3234.su
rm -rf ./Src/Driver/Components/spi/spi_io.cyclo ./Src/Driver/Components/spi/spi_io.d ./Src/Driver/Components/spi/spi_io.o ./Src/Driver/Components/spi/spi_io.su
rm -rf ./Src/Driver/Components/dio/do.cyclo ./Src/Driver/Components/dio/do.d ./Src/Driver/Components/dio/do.o ./Src/Driver/Components/dio/do.su
rm -rf ./Src/Driver/Components/Usart/usart_io.cyclo ./Src/Driver/Components/Usart/usart_io.d ./Src/Driver/Components/Usart/usart_io.o ./Src/Driver/Components/Usart/usart_io.su
rm -rf ./Src/BSP/BSP_USART/bsp_uart.cyclo ./Src/BSP/BSP_USART/bsp_uart.d ./Src/BSP/BSP_USART/bsp_uart.o ./Src/BSP/BSP_USART/bsp_uart.su
rm -rf ./Src/BSP/BSP_RTC/bsp_rtc.cyclo ./Src/BSP/BSP_RTC/bsp_rtc.d ./Src/BSP/BSP_RTC/bsp_rtc.o ./Src/BSP/BSP_RTC/bsp_rtc.su
rm -rf ./Src/BSP/BSP_Led/bsp_led.cyclo ./Src/BSP/BSP_Led/bsp_led.d ./Src/BSP/BSP_Led/bsp_led.o ./Src/BSP/BSP_Led/bsp_led.su
rm -rf ./Src/App/app_main.cyclo ./Src/App/app_main.d ./Src/App/app_main.o ./Src/App/app_main.su
rm -rf ./Drivers/STM32F4xx_HAL_Driver/Src/stm32f4xx_ll_dma.cyclo ./Drivers/STM32F4xx_HAL_Driver/Src/stm32f4xx_ll_dma.d ./Drivers/STM32F4xx_HAL_Driver/Src/stm32f4xx_ll_dma.o ./Drivers/STM32F4xx_HAL_Driver/Src/stm32f4xx_ll_dma.su ./Drivers/STM32F4xx_HAL_Driver/Src/stm32f4xx_ll_exti.cyclo ./Drivers/STM32F4xx_HAL_Driver/Src/stm32f4xx_ll_exti.d ./Drivers/STM32F4xx_HAL_Driver/Src/stm32f4xx_ll_exti.o ./Drivers/STM32F4xx_HAL_Driver/Src/stm32f4xx_ll_exti.su ./Drivers/STM32F4xx_HAL_Driver/Src/stm32f4xx_ll_gpio.cyclo ./Drivers/STM32F4xx_HAL_Driver/Src/stm32f4xx_ll_gpio.d ./Drivers/STM32F4xx_HAL_Driver/Src/stm32f4xx_ll_gpio.o ./Drivers/STM32F4xx_HAL_Driver/Src/stm32f4xx_ll_gpio.su ./Drivers/STM32F4xx_HAL_Driver/Src/stm32f4xx_ll_rcc.cyclo ./Drivers/STM32F4xx_HAL_Driver/Src/stm32f4xx_ll_rcc.d ./Drivers/STM32F4xx_HAL_Driver/Src/stm32f4xx_ll_rcc.o ./Drivers/STM32F4xx_HAL_Driver/Src/stm32f4xx_ll_rcc.su ./Drivers/STM32F4xx_HAL_Driver/Src/stm32f4xx_ll_spi.cyclo ./Drivers/STM32F4xx_HAL_Driver/Src/stm32f4xx_ll_spi.d ./Drivers/STM32F4xx_HAL_Driver/Src/stm32f4xx_ll_spi.o ./Drivers/STM32F4xx_HAL_Driver/Src/stm32f4xx_ll_spi.su ./Drivers/STM32F4xx_HAL_Driver/Src/stm32f4xx_ll_usart.cyclo ./Drivers/STM32F4xx_HAL_Driver/Src/stm32f4xx_ll_usart.d ./Drivers/STM32F4xx_HAL_Driver/Src/stm32f4xx_ll_usart.o ./Drivers/STM32F4xx_HAL_Driver/Src/stm32f4xx_ll_usart.su ./Drivers/STM32F4xx_HAL_Driver/Src/stm32f4xx_ll_utils.cyclo ./Drivers/STM32F4xx_HAL_Driver/Src/stm32f4xx_ll_utils.d ./Drivers/STM32F4xx_HAL_Driver/Src/stm32f4xx_ll_utils.o ./Drivers/STM32F4xx_HAL_Driver/Src/stm32f4xx_ll_utils.su
rm -rf ./Core/Startup/startup_stm32f407vgtx.d ./Core/Startup/startup_stm32f407vgtx.o
rm -rf ./Core/Src/main.cyclo ./Core/Src/main.d ./Core/Src/main.o ./Core/Src/main.su ./Core/Src/stm32f4xx_it.cyclo ./Core/Src/stm32f4xx_it.d ./Core/Src/stm32f4xx_it.o ./Core/Src/stm32f4xx_it.su ./Core/Src/syscalls.cyclo ./Core/Src/syscalls.d ./Core/Src/syscalls.o ./Core/Src/syscalls.su ./Core/Src/sysmem.cyclo ./Core/Src/sysmem.d ./Core/Src/sysmem.o ./Core/Src/sysmem.su ./Core/Src/system_stm32f4xx.cyclo ./Core/Src/system_stm32f4xx.d ./Core/Src/system_stm32f4xx.o ./Core/Src/system_stm32f4xx.su
rm -rf chapter9_example3.elf chapter9_example3.hex chapter9_example3.list chapter9_example3.map default.size.stdout
 
11:52:58 **** Clean-only build of configuration Debug for project chapter9_example4 ****
make -j12 clean 
rm -rf ./Src/MiddleWare/container/ring_buf.cyclo ./Src/MiddleWare/container/ring_buf.d ./Src/MiddleWare/container/ring_buf.o ./Src/MiddleWare/container/ring_buf.su
rm -rf ./Src/MiddleWare/Console/console.cyclo ./Src/MiddleWare/Console/console.d ./Src/MiddleWare/Console/console.o ./Src/MiddleWare/Console/console.su
rm -rf ./Src/MiddleWare/Common/atomic.cyclo ./Src/MiddleWare/Common/atomic.d ./Src/MiddleWare/Common/atomic.o ./Src/MiddleWare/Common/atomic.su
rm -rf ./Src/Driver/Devices/ds3234/ds3234.cyclo ./Src/Driver/Devices/ds3234/ds3234.d ./Src/Driver/Devices/ds3234/ds3234.o ./Src/Driver/Devices/ds3234/ds3234.su
rm -rf ./Src/Driver/Components/spi/spi_io.cyclo ./Src/Driver/Components/spi/spi_io.d ./Src/Driver/Components/spi/spi_io.o ./Src/Driver/Components/spi/spi_io.su
rm -rf ./Src/Driver/Components/dio/do.cyclo ./Src/Driver/Components/dio/do.d ./Src/Driver/Components/dio/do.o ./Src/Driver/Components/dio/do.su
rm -rf ./Src/Driver/Components/Usart/usart_io.cyclo ./Src/Driver/Components/Usart/usart_io.d ./Src/Driver/Components/Usart/usart_io.o ./Src/Driver/Components/Usart/usart_io.su
rm -rf ./Src/BSP/BSP_USART/bsp_uart.cyclo ./Src/BSP/BSP_USART/bsp_uart.d ./Src/BSP/BSP_USART/bsp_uart.o ./Src/BSP/BSP_USART/bsp_uart.su
rm -rf ./Src/BSP/BSP_RTC/bsp_rtc.cyclo ./Src/BSP/BSP_RTC/bsp_rtc.d ./Src/BSP/BSP_RTC/bsp_rtc.o ./Src/BSP/BSP_RTC/bsp_rtc.su
rm -rf ./Src/BSP/BSP_Led/bsp_led.cyclo ./Src/BSP/BSP_Led/bsp_led.d ./Src/BSP/BSP_Led/bsp_led.o ./Src/BSP/BSP_Led/bsp_led.su
rm -rf ./Src/App/app_main.cyclo ./Src/App/app_main.d ./Src/App/app_main.o ./Src/App/app_main.su
rm -rf ./Drivers/STM32F4xx_HAL_Driver/Src/stm32f4xx_ll_dma.cyclo ./Drivers/STM32F4xx_HAL_Driver/Src/stm32f4xx_ll_dma.d ./Drivers/STM32F4xx_HAL_Driver/Src/stm32f4xx_ll_dma.o ./Drivers/STM32F4xx_HAL_Driver/Src/stm32f4xx_ll_dma.su ./Drivers/STM32F4xx_HAL_Driver/Src/stm32f4xx_ll_exti.cyclo ./Drivers/STM32F4xx_HAL_Driver/Src/stm32f4xx_ll_exti.d ./Drivers/STM32F4xx_HAL_Driver/Src/stm32f4xx_ll_exti.o ./Drivers/STM32F4xx_HAL_Driver/Src/stm32f4xx_ll_exti.su ./Drivers/STM32F4xx_HAL_Driver/Src/stm32f4xx_ll_gpio.cyclo ./Drivers/STM32F4xx_HAL_Driver/Src/stm32f4xx_ll_gpio.d ./Drivers/STM32F4xx_HAL_Driver/Src/stm32f4xx_ll_gpio.o ./Drivers/STM32F4xx_HAL_Driver/Src/stm32f4xx_ll_gpio.su ./Drivers/STM32F4xx_HAL_Driver/Src/stm32f4xx_ll_rcc.cyclo ./Drivers/STM32F4xx_HAL_Driver/Src/stm32f4xx_ll_rcc.d ./Drivers/STM32F4xx_HAL_Driver/Src/stm32f4xx_ll_rcc.o ./Drivers/STM32F4xx_HAL_Driver/Src/stm32f4xx_ll_rcc.su ./Drivers/STM32F4xx_HAL_Driver/Src/stm32f4xx_ll_spi.cyclo ./Drivers/STM32F4xx_HAL_Driver/Src/stm32f4xx_ll_spi.d ./Drivers/STM32F4xx_HAL_Driver/Src/stm32f4xx_ll_spi.o ./Drivers/STM32F4xx_HAL_Driver/Src/stm32f4xx_ll_spi.su ./Drivers/STM32F4xx_HAL_Driver/Src/stm32f4xx_ll_usart.cyclo ./Drivers/STM32F4xx_HAL_Driver/Src/stm32f4xx_ll_usart.d ./Drivers/STM32F4xx_HAL_Driver/Src/stm32f4xx_ll_usart.o ./Drivers/STM32F4xx_HAL_Driver/Src/stm32f4xx_ll_usart.su ./Drivers/STM32F4xx_HAL_Driver/Src/stm32f4xx_ll_utils.cyclo ./Drivers/STM32F4xx_HAL_Driver/Src/stm32f4xx_ll_utils.d ./Drivers/STM32F4xx_HAL_Driver/Src/stm32f4xx_ll_utils.o ./Drivers/STM32F4xx_HAL_Driver/Src/stm32f4xx_ll_utils.su
rm -rf ./Core/Startup/startup_stm32f407vgtx.d ./Core/Startup/startup_stm32f407vgtx.o
rm -rf ./Core/Src/main.cyclo ./Core/Src/main.d ./Core/Src/main.o ./Core/Src/main.su ./Core/Src/stm32f4xx_it.cyclo ./Core/Src/stm32f4xx_it.d ./Core/Src/stm32f4xx_it.o ./Core/Src/stm32f4xx_it.su ./Core/Src/syscalls.cyclo ./Core/Src/syscalls.d ./Core/Src/syscalls.o ./Core/Src/syscalls.su ./Core/Src/sysmem.cyclo ./Core/Src/sysmem.d ./Core/Src/sysmem.o ./Core/Src/sysmem.su ./Core/Src/system_stm32f4xx.cyclo ./Core/Src/system_stm32f4xx.d ./Core/Src/system_stm32f4xx.o ./Core/Src/system_stm32f4xx.su
rm -rf chapter9_example4.elf chapter9_example4.hex chapter9_example4.list chapter9_example4.map default.size.stdout
 
